Archive member included to satisfy reference by file (symbol)

/home/pvl/Privat/stm32/Ac6/plugins/fr.ac6.mcu.externaltools.arm-none.linux64_1.17.0.201812190825/tools/compiler/bin/../lib/gcc/arm-none-eabi/7.3.1/thumb/v7e-m/fpv4-sp/hard/libgcc.a(_arm_addsubdf3.o)
                              Core/Src/lm75.o (__aeabi_i2d)
/home/pvl/Privat/stm32/Ac6/plugins/fr.ac6.mcu.externaltools.arm-none.linux64_1.17.0.201812190825/tools/compiler/bin/../lib/gcc/arm-none-eabi/7.3.1/thumb/v7e-m/fpv4-sp/hard/libgcc.a(_arm_muldivdf3.o)
                              Core/Src/lm75.o (__aeabi_dmul)
/home/pvl/Privat/stm32/Ac6/plugins/fr.ac6.mcu.externaltools.arm-none.linux64_1.17.0.201812190825/tools/compiler/bin/../lib/gcc/arm-none-eabi/7.3.1/thumb/v7e-m/fpv4-sp/hard/libgcc.a(_arm_fixunsdfsi.o)
                              Core/Src/lm75.o (__aeabi_d2uiz)
/home/pvl/Privat/stm32/Ac6/plugins/fr.ac6.mcu.externaltools.arm-none.linux64_1.17.0.201812190825/tools/compiler/bin/../lib/gcc/arm-none-eabi/7.3.1/thumb/v7e-m/fpv4-sp/hard/libgcc.a(_aeabi_uldivmod.o)
                              Drivers/STM32L4xx_HAL_Driver/Src/stm32l4xx_hal_uart.o (__aeabi_uldivmod)
/home/pvl/Privat/stm32/Ac6/plugins/fr.ac6.mcu.externaltools.arm-none.linux64_1.17.0.201812190825/tools/compiler/bin/../lib/gcc/arm-none-eabi/7.3.1/thumb/v7e-m/fpv4-sp/hard/libgcc.a(_udivmoddi4.o)
                              /home/pvl/Privat/stm32/Ac6/plugins/fr.ac6.mcu.externaltools.arm-none.linux64_1.17.0.201812190825/tools/compiler/bin/../lib/gcc/arm-none-eabi/7.3.1/thumb/v7e-m/fpv4-sp/hard/libgcc.a(_aeabi_uldivmod.o) (__udivmoddi4)
/home/pvl/Privat/stm32/Ac6/plugins/fr.ac6.mcu.externaltools.arm-none.linux64_1.17.0.201812190825/tools/compiler/bin/../lib/gcc/arm-none-eabi/7.3.1/thumb/v7e-m/fpv4-sp/hard/libgcc.a(_dvmd_tls.o)
                              /home/pvl/Privat/stm32/Ac6/plugins/fr.ac6.mcu.externaltools.arm-none.linux64_1.17.0.201812190825/tools/compiler/bin/../lib/gcc/arm-none-eabi/7.3.1/thumb/v7e-m/fpv4-sp/hard/libgcc.a(_aeabi_uldivmod.o) (__aeabi_ldiv0)
/home/pvl/Privat/stm32/Ac6/plugins/fr.ac6.mcu.externaltools.arm-none.linux64_1.17.0.201812190825/tools/compiler/bin/../lib/gcc/arm-none-eabi/7.3.1/../../../../arm-none-eabi/lib/thumb/v7e-m/fpv4-sp/hard/libc_nano.a(lib_a-errno.o)
                              Core/Src/syscalls.o (__errno)
/home/pvl/Privat/stm32/Ac6/plugins/fr.ac6.mcu.externaltools.arm-none.linux64_1.17.0.201812190825/tools/compiler/bin/../lib/gcc/arm-none-eabi/7.3.1/../../../../arm-none-eabi/lib/thumb/v7e-m/fpv4-sp/hard/libc_nano.a(lib_a-exit.o)
                              /home/pvl/Privat/stm32/Ac6/plugins/fr.ac6.mcu.externaltools.arm-none.linux64_1.17.0.201812190825/tools/compiler/bin/../lib/gcc/arm-none-eabi/7.3.1/../../../../arm-none-eabi/lib/thumb/v7e-m/fpv4-sp/hard/crt0.o (exit)
/home/pvl/Privat/stm32/Ac6/plugins/fr.ac6.mcu.externaltools.arm-none.linux64_1.17.0.201812190825/tools/compiler/bin/../lib/gcc/arm-none-eabi/7.3.1/../../../../arm-none-eabi/lib/thumb/v7e-m/fpv4-sp/hard/libc_nano.a(lib_a-impure.o)
                              /home/pvl/Privat/stm32/Ac6/plugins/fr.ac6.mcu.externaltools.arm-none.linux64_1.17.0.201812190825/tools/compiler/bin/../lib/gcc/arm-none-eabi/7.3.1/../../../../arm-none-eabi/lib/thumb/v7e-m/fpv4-sp/hard/libc_nano.a(lib_a-exit.o) (_global_impure_ptr)
/home/pvl/Privat/stm32/Ac6/plugins/fr.ac6.mcu.externaltools.arm-none.linux64_1.17.0.201812190825/tools/compiler/bin/../lib/gcc/arm-none-eabi/7.3.1/../../../../arm-none-eabi/lib/thumb/v7e-m/fpv4-sp/hard/libc_nano.a(lib_a-init.o)
                              /home/pvl/Privat/stm32/Ac6/plugins/fr.ac6.mcu.externaltools.arm-none.linux64_1.17.0.201812190825/tools/compiler/bin/../lib/gcc/arm-none-eabi/7.3.1/../../../../arm-none-eabi/lib/thumb/v7e-m/fpv4-sp/hard/crt0.o (__libc_init_array)
/home/pvl/Privat/stm32/Ac6/plugins/fr.ac6.mcu.externaltools.arm-none.linux64_1.17.0.201812190825/tools/compiler/bin/../lib/gcc/arm-none-eabi/7.3.1/../../../../arm-none-eabi/lib/thumb/v7e-m/fpv4-sp/hard/libc_nano.a(lib_a-memset.o)
                              /home/pvl/Privat/stm32/Ac6/plugins/fr.ac6.mcu.externaltools.arm-none.linux64_1.17.0.201812190825/tools/compiler/bin/../lib/gcc/arm-none-eabi/7.3.1/../../../../arm-none-eabi/lib/thumb/v7e-m/fpv4-sp/hard/crt0.o (memset)

Allocating common symbols
Common symbol       size              file

str_final           0x64              Core/Src/frequencyRead.o
eeprom_buf_read     0x20              Core/Src/eeprom.o
buf_h               0x1               Core/Src/pcf8563.o
eepromBuf           0x64              Core/Src/eeprom.o
TxData3             0x8               Core/Src/CanTx.o
bufLux              0x1               Core/Src/LUX.o
hi2c3               0x4c              Core/Src/main.o
hdma_tim2_ch1       0x48              Core/Src/main.o
lux_val             0x2               Core/Src/LUX.o
buf_min             0x1               Core/Src/pcf8563.o
hi2c1               0x4c              Core/Src/main.o
[...]
Memory Configuration

Name             Origin             Length             Attributes
RAM              0x0000000020000000 0x0000000000018000 xrw
RAM2             0x0000000010000000 0x0000000000008000 xrw
FLASH            0x0000000008000000 0x0000000000100000 xr
*default*        0x0000000000000000 0xffffffffffffffff

Linker script and memory map

LOAD /home/pvl/Privat/stm32/Ac6/plugins/fr.ac6.mcu.externaltools.arm-none.linux64_1.17.0.201812190825/tools/compiler/bin/../lib/gcc/arm-none-eabi/7.3.1/thumb/v7e-m/fpv4-sp/hard/crti.o
LOAD /home/pvl/Privat/stm32/Ac6/plugins/fr.ac6.mcu.externaltools.arm-none.linux64_1.17.0.201812190825/tools/compiler/bin/../lib/gcc/arm-none-eabi/7.3.1/thumb/v7e-m/fpv4-sp/hard/crtbegin.o
LOAD /home/pvl/Privat/stm32/Ac6/plugins/fr.ac6.mcu.externaltools.arm-none.linux64_1.17.0.201812190825/tools/compiler/bin/../lib/gcc/arm-none-eabi/7.3.1/../../../../arm-none-eabi/lib/thumb/v7e-m/fpv4-sp/hard/crt0.o
LOAD Core/Src/Boot.o
LOAD Core/Src/CanTx.o
LOAD Core/Src/LUX.o
LOAD Core/Src/W25Q.o
LOAD Core/Src/eeprom.o
LOAD Core/Src/frequencyRead.o
LOAD Core/Src/lm75.o
LOAD Core/Src/main.o
LOAD Core/Src/pcf8563.o
LOAD Core/Src/stm32l4xx_hal_msp.o
LOAD Core/Src/stm32l4xx_it.o
LOAD Core/Src/syscalls.o
LOAD Core/Src/system_stm32l4xx.o
LOAD Drivers/STM32L4xx_HAL_Driver/Src/stm32l4xx_hal.o
LOAD Drivers/STM32L4xx_HAL_Driver/Src/stm32l4xx_hal_can.o
LOAD Drivers/STM32L4xx_HAL_Driver/Src/stm32l4xx_hal_cortex.o
LOAD Drivers/STM32L4xx_HAL_Driver/Src/stm32l4xx_hal_crc.o
LOAD Drivers/STM32L4xx_HAL_Driver/Src/stm32l4xx_hal_crc_ex.o
LOAD Drivers/STM32L4xx_HAL_Driver/Src/stm32l4xx_hal_dma.o
LOAD Drivers/STM32L4xx_HAL_Driver/Src/stm32l4xx_hal_dma_ex.o
LOAD Drivers/STM32L4xx_HAL_Driver/Src/stm32l4xx_hal_exti.o
LOAD Drivers/STM32L4xx_HAL_Driver/Src/stm32l4xx_hal_flash.o
LOAD Drivers/STM32L4xx_HAL_Driver/Src/stm32l4xx_hal_flash_ex.o
LOAD Drivers/STM32L4xx_HAL_Driver/Src/stm32l4xx_hal_flash_ramfunc.o
LOAD Drivers/STM32L4xx_HAL_Driver/Src/stm32l4xx_hal_gpio.o
LOAD Drivers/STM32L4xx_HAL_Driver/Src/stm32l4xx_hal_i2c.o
LOAD Drivers/STM32L4xx_HAL_Driver/Src/stm32l4xx_hal_i2c_ex.o
LOAD Drivers/STM32L4xx_HAL_Driver/Src/stm32l4xx_hal_pwr.o
LOAD Drivers/STM32L4xx_HAL_Driver/Src/stm32l4xx_hal_pwr_ex.o
LOAD Drivers/STM32L4xx_HAL_Driver/Src/stm32l4xx_hal_rcc.o
LOAD Drivers/STM32L4xx_HAL_Driver/Src/stm32l4xx_hal_rcc_ex.o
LOAD Drivers/STM32L4xx_HAL_Driver/Src/stm32l4xx_hal_rtc.o
LOAD Drivers/STM32L4xx_HAL_Driver/Src/stm32l4xx_hal_rtc_ex.o
LOAD Drivers/STM32L4xx_HAL_Driver/Src/stm32l4xx_hal_tim.o
LOAD Drivers/STM32L4xx_HAL_Driver/Src/stm32l4xx_hal_tim_ex.o
LOAD Drivers/STM32L4xx_HAL_Driver/Src/stm32l4xx_hal_uart.o
LOAD Drivers/STM32L4xx_HAL_Driver/Src/stm32l4xx_hal_uart_ex.o
LOAD startup/startup_stm32l476xx.o
LOAD /home/pvl/Privat/stm32/Ac6/plugins/fr.ac6.mcu.externaltools.arm-none.linux64_1.17.0.201812190825/tools/compiler/bin/../lib/gcc/arm-none-eabi/7.3.1/../../../../arm-none-eabi/lib/thumb/v7e-m/fpv4-sp/hard/libm.a
START GROUP
LOAD /home/pvl/Privat/stm32/Ac6/plugins/fr.ac6.mcu.externaltools.arm-none.linux64_1.17.0.201812190825/tools/compiler/bin/../lib/gcc/arm-none-eabi/7.3.1/thumb/v7e-m/fpv4-sp/hard/libgcc.a
LOAD /home/pvl/Privat/stm32/Ac6/plugins/fr.ac6.mcu.externaltools.arm-none.linux64_1.17.0.201812190825/tools/compiler/bin/../lib/gcc/arm-none-eabi/7.3.1/../../../../arm-none-eabi/lib/thumb/v7e-m/fpv4-sp/hard/libc_nano.a
END GROUP
START GROUP
LOAD /home/pvl/Privat/stm32/Ac6/plugins/fr.ac6.mcu.externaltools.arm-none.linux64_1.17.0.201812190825/tools/compiler/bin/../lib/gcc/arm-none-eabi/7.3.1/thumb/v7e-m/fpv4-sp/hard/libgcc.a
LOAD /home/pvl/Privat/stm32/Ac6/plugins/fr.ac6.mcu.externaltools.arm-none.linux64_1.17.0.201812190825/tools/compiler/bin/../lib/gcc/arm-none-eabi/7.3.1/../../../../arm-none-eabi/lib/thumb/v7e-m/fpv4-sp/hard/libc_nano.a
LOAD /home/pvl/Privat/stm32/Ac6/plugins/fr.ac6.mcu.externaltools.arm-none.linux64_1.17.0.201812190825/tools/compiler/bin/../lib/gcc/arm-none-eabi/7.3.1/../../../../arm-none-eabi/lib/thumb/v7e-m/fpv4-sp/hard/libnosys.a
END GROUP
START GROUP
LOAD /home/pvl/Privat/stm32/Ac6/plugins/fr.ac6.mcu.externaltools.arm-none.linux64_1.17.0.201812190825/tools/compiler/bin/../lib/gcc/arm-none-eabi/7.3.1/thumb/v7e-m/fpv4-sp/hard/libgcc.a
LOAD /home/pvl/Privat/stm32/Ac6/plugins/fr.ac6.mcu.externaltools.arm-none.linux64_1.17.0.201812190825/tools/compiler/bin/../lib/gcc/arm-none-eabi/7.3.1/../../../../arm-none-eabi/lib/thumb/v7e-m/fpv4-sp/hard/libc_nano.a
LOAD /home/pvl/Privat/stm32/Ac6/plugins/fr.ac6.mcu.externaltools.arm-none.linux64_1.17.0.201812190825/tools/compiler/bin/../lib/gcc/arm-none-eabi/7.3.1/../../../../arm-none-eabi/lib/thumb/v7e-m/fpv4-sp/hard/libnosys.a
END GROUP
LOAD /home/pvl/Privat/stm32/Ac6/plugins/fr.ac6.mcu.externaltools.arm-none.linux64_1.17.0.201812190825/tools/compiler/bin/../lib/gcc/arm-none-eabi/7.3.1/thumb/v7e-m/fpv4-sp/hard/crtend.o
LOAD /home/pvl/Privat/stm32/Ac6/plugins/fr.ac6.mcu.externaltools.arm-none.linux64_1.17.0.201812190825/tools/compiler/bin/../lib/gcc/arm-none-eabi/7.3.1/thumb/v7e-m/fpv4-sp/hard/crtn.o
                0x0000000020018000                _estack = 0x20018000
                0x0000000000000200                _Min_Heap_Size = 0x200
                0x0000000000000400                _Min_Stack_Size = 0x400

.isr_vector     0x0000000008000000      0x188
                0x0000000008000000                . = ALIGN (0x8)
 *(.isr_vector)
 .isr_vector    0x0000000008000000      0x188 startup/startup_stm32l476xx.o
                0x0000000008000000                g_pfnVectors
                0x0000000008000188                . = ALIGN (0x8)

.text           0x0000000008000188     0x70d8
                0x0000000008000188                . = ALIGN (0x8)
 *(.text)
 .text          0x0000000008000188       0x40 /home/pvl/Privat/stm32/Ac6/plugins/fr.ac6.mcu.externaltools.arm-none.linux64_1.17.0.201812190825/tools/compiler/bin/../lib/gcc/arm-none-eabi/7.3.1/thumb/v7e-m/fpv4-sp/hard/crtbegin.o
 .text          0x00000000080001c8      0x378 /home/pvl/Privat/stm32/Ac6/plugins/fr.ac6.mcu.externaltools.arm-none.linux64_1.17.0.201812190825/tools/compiler/bin/../lib/gcc/arm-none-eabi/7.3.1/thumb/v7e-m/fpv4-sp/hard/libgcc.a(_arm_addsubdf3.o)
                0x00000000080001c8                __aeabi_drsub
                0x00000000080001d0                __aeabi_dsub
                0x00000000080001d0                __subdf3
                0x00000000080001d4                __adddf3
                0x00000000080001d4                __aeabi_dadd
                0x000000000800044c                __aeabi_ui2d
                0x000000000800044c                __floatunsidf
                0x000000000800046c                __floatsidf
                0x000000000800046c                __aeabi_i2d
                0x0000000008000490                __extendsfdf2
                0x0000000008000490                __aeabi_f2d
                0x00000000080004d4                __aeabi_ul2d
                0x00000000080004d4                __floatundidf
                0x00000000080004e4                __floatdidf
                0x00000000080004e4                __aeabi_l2d
 .text          0x0000000008000540      0x424 /home/pvl/Privat/stm32/Ac6/plugins/fr.ac6.mcu.externaltools.arm-none.linux64_1.17.0.201812190825/tools/compiler/bin/../lib/gcc/arm-none-eabi/7.3.1/thumb/v7e-m/fpv4-sp/hard/libgcc.a(_arm_muldivdf3.o)
                0x0000000008000540                __aeabi_dmul
                0x0000000008000540                __muldf3
                0x0000000008000794                __aeabi_ddiv
                0x0000000008000794                __divdf3
 .text          0x0000000008000964       0x40 /home/pvl/Privat/stm32/Ac6/plugins/fr.ac6.mcu.externaltools.arm-none.linux64_1.17.0.201812190825/tools/compiler/bin/../lib/gcc/arm-none-eabi/7.3.1/thumb/v7e-m/fpv4-sp/hard/libgcc.a(_arm_fixunsdfsi.o)
                0x0000000008000964                __fixunsdfsi
                0x0000000008000964                __aeabi_d2uiz
 .text          0x00000000080009a4       0x30 /home/pvl/Privat/stm32/Ac6/plugins/fr.ac6.mcu.externaltools.arm-none.linux64_1.17.0.201812190825/tools/compiler/bin/../lib/gcc/arm-none-eabi/7.3.1/thumb/v7e-m/fpv4-sp/hard/libgcc.a(_aeabi_uldivmod.o)
                0x00000000080009a4                __aeabi_uldivmod
 .text          0x00000000080009d4      0x2cc /home/pvl/Privat/stm32/Ac6/plugins/fr.ac6.mcu.externaltools.arm-none.linux64_1.17.0.201812190825/tools/compiler/bin/../lib/gcc/arm-none-eabi/7.3.1/thumb/v7e-m/fpv4-sp/hard/libgcc.a(_udivmoddi4.o)
                0x00000000080009d4                __udivmoddi4
 .text          0x0000000008000ca0        0x4 /home/pvl/Privat/stm32/Ac6/plugins/fr.ac6.mcu.externaltools.arm-none.linux64_1.17.0.201812190825/tools/compiler/bin/../lib/gcc/arm-none-eabi/7.3.1/thumb/v7e-m/fpv4-sp/hard/libgcc.a(_dvmd_tls.o)
                0x0000000008000ca0                __aeabi_ldiv0
                0x0000000008000ca0                __aeabi_idiv0
 *(.text*)
 .text.final_data_set
                0x0000000008000ca4       0x94 Core/Src/Boot.o
                0x0000000008000ca4                final_data_set
 .text.CRCgenerate
                0x0000000008000d38       0x58 Core/Src/Boot.o
                0x0000000008000d38                CRCgenerate
 .text.set_time_InnerSTM_rtc
                0x0000000008000d90       0x4c Core/Src/Boot.o
                0x0000000008000d90                set_time_InnerSTM_rtc
 .text.Boot     0x0000000008000ddc       0x34 Core/Src/Boot.o
                0x0000000008000ddc                Boot
 .text.CAN_CheckTransmit
                0x0000000008000e10       0xe0 Core/Src/CanTx.o
                0x0000000008000e10                CAN_CheckTransmit
 .text.CanFilterInit
                0x0000000008000ef0       0x34 Core/Src/CanTx.o
                0x0000000008000ef0                CanFilterInit
 .text.CAN_Init
                0x0000000008000f24       0x30 Core/Src/CanTx.o
                0x0000000008000f24                CAN_Init
 .text.HAL_CAN_RxFifo0MsgPendingCallback
                0x0000000008000f54       0x34 Core/Src/CanTx.o
                0x0000000008000f54                HAL_CAN_RxFifo0MsgPendingCallback
 .text.SunSensor
                0x0000000008000f88       0x60 Core/Src/LUX.o
                0x0000000008000f88                SunSensor
 .text.eeprom_Write
                0x0000000008000fe8       0x30 Core/Src/eeprom.o
                0x0000000008000fe8                eeprom_Write
 .text.eeprom_Read
                0x0000000008001018       0x30 Core/Src/eeprom.o
                0x0000000008001018                eeprom_Read
 .text.WriteArray
                0x0000000008001048      0x200 Core/Src/eeprom.o
                0x0000000008001048                WriteArray
 .text.readMemory
                0x0000000008001248      0x320 Core/Src/eeprom.o
                0x0000000008001248                readMemory
 .text.HAL_TIM_IC_CaptureCallback
                0x0000000008001568      0x314 Core/Src/frequencyRead.o
                0x0000000008001568                HAL_TIM_IC_CaptureCallback
 .text.frequencySequence
                0x000000000800187c       0x84 Core/Src/frequencyRead.o
                0x000000000800187c                frequencySequence
 .text.pwmStart
                0x0000000008001900       0x1c Core/Src/frequencyRead.o
                0x0000000008001900                pwmStart
 .text.freqInit
                0x000000000800191c       0x54 Core/Src/frequencyRead.o
                0x000000000800191c                freqInit
 .text.tempSensor
                0x0000000008001970       0x6c Core/Src/lm75.o
                0x0000000008001970                tempSensor
 .text.MX_GPIO_Init
                0x00000000080019dc       0x88 Core/Src/main.o
 .text.MX_DMA_Init
                0x0000000008001a64       0x74 Core/Src/main.o
 .text.Error_Handler
                0x0000000008001ad8        0x4 Core/Src/main.o
                0x0000000008001ad8                Error_Handler
 .text.MX_USART2_UART_Init
                0x0000000008001adc       0x38 Core/Src/main.o
 .text.MX_TIM2_Init
                0x0000000008001b14       0xb0 Core/Src/main.o
 .text.MX_TIM1_Init
                0x0000000008001bc4       0xec Core/Src/main.o
 .text.MX_TIM5_Init
                0x0000000008001cb0       0xb4 Core/Src/main.o
 .text.MX_I2C1_Init
                0x0000000008001d64       0x54 Core/Src/main.o
 .text.MX_RTC_Init
                0x0000000008001db8       0x90 Core/Src/main.o
 .text.MX_I2C3_Init
                0x0000000008001e48       0x54 Core/Src/main.o
 .text.MX_CRC_Init
                0x0000000008001e9c       0x2c Core/Src/main.o
 .text.MX_CAN1_Init
                0x0000000008001ec8       0x40 Core/Src/main.o
 .text.SystemClock_Config
                0x0000000008001f08       0xc0 Core/Src/main.o
                0x0000000008001f08                SystemClock_Config
 .text.main     0x0000000008001fc8       0x3c Core/Src/main.o
                0x0000000008001fc8                main
 .text.HAL_MspInit
                0x0000000008002004       0x30 Core/Src/stm32l4xx_hal_msp.o
                0x0000000008002004                HAL_MspInit
 .text.HAL_CAN_MspInit
                0x0000000008002034       0x78 Core/Src/stm32l4xx_hal_msp.o
                0x0000000008002034                HAL_CAN_MspInit
 .text.HAL_CRC_MspInit
                0x00000000080020ac       0x2c Core/Src/stm32l4xx_hal_msp.o
                0x00000000080020ac                HAL_CRC_MspInit
 .text.HAL_I2C_MspInit
                0x00000000080020d8       0xe0 Core/Src/stm32l4xx_hal_msp.o
                0x00000000080020d8                HAL_I2C_MspInit
 .text.HAL_RTC_MspInit
                0x00000000080021b8       0x24 Core/Src/stm32l4xx_hal_msp.o
                0x00000000080021b8                HAL_RTC_MspInit
 .text.HAL_TIM_Base_MspInit
                0x00000000080021dc      0x1e0 Core/Src/stm32l4xx_hal_msp.o
                0x00000000080021dc                HAL_TIM_Base_MspInit
 .text.HAL_TIM_MspPostInit
                0x00000000080023bc       0x54 Core/Src/stm32l4xx_hal_msp.o
                0x00000000080023bc                HAL_TIM_MspPostInit
 .text.HAL_UART_MspInit
                0x0000000008002410       0x68 Core/Src/stm32l4xx_hal_msp.o
                0x0000000008002410                HAL_UART_MspInit
 .text.NMI_Handler
                0x0000000008002478        0x2 Core/Src/stm32l4xx_it.o
                0x0000000008002478                NMI_Handler
 .text.HardFault_Handler
                0x000000000800247a        0x2 Core/Src/stm32l4xx_it.o
                0x000000000800247a                HardFault_Handler
 .text.MemManage_Handler
                0x000000000800247c        0x2 Core/Src/stm32l4xx_it.o
                0x000000000800247c                MemManage_Handler
 .text.BusFault_Handler
                0x000000000800247e        0x2 Core/Src/stm32l4xx_it.o
                0x000000000800247e                BusFault_Handler
 .text.UsageFault_Handler
                0x0000000008002480        0x2 Core/Src/stm32l4xx_it.o
                0x0000000008002480                UsageFault_Handler
 .text.SVC_Handler
                0x0000000008002482        0x2 Core/Src/stm32l4xx_it.o
                0x0000000008002482                SVC_Handler
 .text.DebugMon_Handler
                0x0000000008002484        0x2 Core/Src/stm32l4xx_it.o
                0x0000000008002484                DebugMon_Handler
 .text.PendSV_Handler
                0x0000000008002486        0x2 Core/Src/stm32l4xx_it.o
                0x0000000008002486                PendSV_Handler
 .text.SysTick_Handler
                0x0000000008002488        0x8 Core/Src/stm32l4xx_it.o
                0x0000000008002488                SysTick_Handler
 .text.DMA1_Channel5_IRQHandler
                0x0000000008002490       0x10 Core/Src/stm32l4xx_it.o
                0x0000000008002490                DMA1_Channel5_IRQHandler
 .text.DMA1_Channel7_IRQHandler
                0x00000000080024a0       0x10 Core/Src/stm32l4xx_it.o
                0x00000000080024a0                DMA1_Channel7_IRQHandler
 .text.CAN1_RX0_IRQHandler
                0x00000000080024b0       0x10 Core/Src/stm32l4xx_it.o
                0x00000000080024b0                CAN1_RX0_IRQHandler
 .text.TIM2_IRQHandler
                0x00000000080024c0       0x10 Core/Src/stm32l4xx_it.o
                0x00000000080024c0                TIM2_IRQHandler
 .text.I2C1_EV_IRQHandler
                0x00000000080024d0       0x10 Core/Src/stm32l4xx_it.o
                0x00000000080024d0                I2C1_EV_IRQHandler
 .text.I2C1_ER_IRQHandler
                0x00000000080024e0       0x10 Core/Src/stm32l4xx_it.o
                0x00000000080024e0                I2C1_ER_IRQHandler
 .text.TIM5_IRQHandler
                0x00000000080024f0       0x10 Core/Src/stm32l4xx_it.o
                0x00000000080024f0                TIM5_IRQHandler
 .text.DMA2_Channel4_IRQHandler
                0x0000000008002500       0x10 Core/Src/stm32l4xx_it.o
                0x0000000008002500                DMA2_Channel4_IRQHandler
 .text.DMA2_Channel5_IRQHandler
                0x0000000008002510       0x10 Core/Src/stm32l4xx_it.o
                0x0000000008002510                DMA2_Channel5_IRQHandler
 .text.SystemInit
                0x0000000008002520       0x48 Core/Src/system_stm32l4xx.o
                0x0000000008002520                SystemInit
 .text.HAL_InitTick
                0x0000000008002568       0x4c Drivers/STM32L4xx_HAL_Driver/Src/stm32l4xx_hal.o
                0x0000000008002568                HAL_InitTick
 .text.HAL_Init
                0x00000000080025b4       0x2c Drivers/STM32L4xx_HAL_Driver/Src/stm32l4xx_hal.o
                0x00000000080025b4                HAL_Init
 .text.HAL_IncTick
                0x00000000080025e0       0x18 Drivers/STM32L4xx_HAL_Driver/Src/stm32l4xx_hal.o
                0x00000000080025e0                HAL_IncTick
 .text.HAL_GetTick
                0x00000000080025f8        0xc Drivers/STM32L4xx_HAL_Driver/Src/stm32l4xx_hal.o
                0x00000000080025f8                HAL_GetTick
 .text.HAL_Delay
                0x0000000008002604       0x28 Drivers/STM32L4xx_HAL_Driver/Src/stm32l4xx_hal.o
                0x0000000008002604                HAL_Delay
 .text.HAL_CAN_Init
                0x000000000800262c      0x14c Drivers/STM32L4xx_HAL_Driver/Src/stm32l4xx_hal_can.o
                0x000000000800262c                HAL_CAN_Init
 .text.HAL_CAN_ConfigFilter
                0x0000000008002778       0xfc Drivers/STM32L4xx_HAL_Driver/Src/stm32l4xx_hal_can.o
                0x0000000008002778                HAL_CAN_ConfigFilter
 .text.HAL_CAN_Start
                0x0000000008002874       0x5c Drivers/STM32L4xx_HAL_Driver/Src/stm32l4xx_hal_can.o
                0x0000000008002874                HAL_CAN_Start
 .text.HAL_CAN_AddTxMessage
                0x00000000080028d0       0xea Drivers/STM32L4xx_HAL_Driver/Src/stm32l4xx_hal_can.o
                0x00000000080028d0                HAL_CAN_AddTxMessage
 .text.HAL_CAN_GetRxMessage
                0x00000000080029ba      0x134 Drivers/STM32L4xx_HAL_Driver/Src/stm32l4xx_hal_can.o
                0x00000000080029ba                HAL_CAN_GetRxMessage
 .text.HAL_CAN_ActivateNotification
                0x0000000008002aee       0x24 Drivers/STM32L4xx_HAL_Driver/Src/stm32l4xx_hal_can.o
                0x0000000008002aee                HAL_CAN_ActivateNotification
 .text.HAL_CAN_TxMailbox0CompleteCallback
                0x0000000008002b12        0x2 Drivers/STM32L4xx_HAL_Driver/Src/stm32l4xx_hal_can.o
                0x0000000008002b12                HAL_CAN_TxMailbox0CompleteCallback
 .text.HAL_CAN_TxMailbox1CompleteCallback
                0x0000000008002b14        0x2 Drivers/STM32L4xx_HAL_Driver/Src/stm32l4xx_hal_can.o
                0x0000000008002b14                HAL_CAN_TxMailbox1CompleteCallback
 .text.HAL_CAN_TxMailbox2CompleteCallback
                0x0000000008002b16        0x2 Drivers/STM32L4xx_HAL_Driver/Src/stm32l4xx_hal_can.o
                0x0000000008002b16                HAL_CAN_TxMailbox2CompleteCallback
 .text.HAL_CAN_TxMailbox0AbortCallback
                0x0000000008002b18        0x2 Drivers/STM32L4xx_HAL_Driver/Src/stm32l4xx_hal_can.o
                0x0000000008002b18                HAL_CAN_TxMailbox0AbortCallback
 .text.HAL_CAN_TxMailbox1AbortCallback
                0x0000000008002b1a        0x2 Drivers/STM32L4xx_HAL_Driver/Src/stm32l4xx_hal_can.o
                0x0000000008002b1a                HAL_CAN_TxMailbox1AbortCallback
 .text.HAL_CAN_TxMailbox2AbortCallback
                0x0000000008002b1c        0x2 Drivers/STM32L4xx_HAL_Driver/Src/stm32l4xx_hal_can.o
                0x0000000008002b1c                HAL_CAN_TxMailbox2AbortCallback
 .text.HAL_CAN_RxFifo0FullCallback
                0x0000000008002b1e        0x2 Drivers/STM32L4xx_HAL_Driver/Src/stm32l4xx_hal_can.o
                0x0000000008002b1e                HAL_CAN_RxFifo0FullCallback
 .text.HAL_CAN_RxFifo1MsgPendingCallback
                0x0000000008002b20        0x2 Drivers/STM32L4xx_HAL_Driver/Src/stm32l4xx_hal_can.o
                0x0000000008002b20                HAL_CAN_RxFifo1MsgPendingCallback
 .text.HAL_CAN_RxFifo1FullCallback
                0x0000000008002b22        0x2 Drivers/STM32L4xx_HAL_Driver/Src/stm32l4xx_hal_can.o
                0x0000000008002b22                HAL_CAN_RxFifo1FullCallback
 .text.HAL_CAN_SleepCallback
                0x0000000008002b24        0x2 Drivers/STM32L4xx_HAL_Driver/Src/stm32l4xx_hal_can.o
                0x0000000008002b24                HAL_CAN_SleepCallback
 .text.HAL_CAN_WakeUpFromRxMsgCallback
                0x0000000008002b26        0x2 Drivers/STM32L4xx_HAL_Driver/Src/stm32l4xx_hal_can.o
                0x0000000008002b26                HAL_CAN_WakeUpFromRxMsgCallback
 .text.HAL_CAN_ErrorCallback
                0x0000000008002b28        0x2 Drivers/STM32L4xx_HAL_Driver/Src/stm32l4xx_hal_can.o
                0x0000000008002b28                HAL_CAN_ErrorCallback
 .text.HAL_CAN_IRQHandler
                0x0000000008002b2a      0x258 Drivers/STM32L4xx_HAL_Driver/Src/stm32l4xx_hal_can.o
                0x0000000008002b2a                HAL_CAN_IRQHandler
 *fill*         0x0000000008002d82        0x2 
 .text.HAL_NVIC_SetPriorityGrouping
                0x0000000008002d84       0x24 Drivers/STM32L4xx_HAL_Driver/Src/stm32l4xx_hal_cortex.o
                0x0000000008002d84                HAL_NVIC_SetPriorityGrouping
 .text.HAL_NVIC_SetPriority
                0x0000000008002da8       0x68 Drivers/STM32L4xx_HAL_Driver/Src/stm32l4xx_hal_cortex.o
                0x0000000008002da8                HAL_NVIC_SetPriority
 .text.HAL_NVIC_EnableIRQ
                0x0000000008002e10       0x1c Drivers/STM32L4xx_HAL_Driver/Src/stm32l4xx_hal_cortex.o
                0x0000000008002e10                HAL_NVIC_EnableIRQ
 .text.HAL_SYSTICK_Config
                0x0000000008002e2c       0x2c Drivers/STM32L4xx_HAL_Driver/Src/stm32l4xx_hal_cortex.o
                0x0000000008002e2c                HAL_SYSTICK_Config
 .text.CRC_Handle_8
                0x0000000008002e58       0x7e Drivers/STM32L4xx_HAL_Driver/Src/stm32l4xx_hal_crc.o
 .text.CRC_Handle_16
                0x0000000008002ed6       0x4e Drivers/STM32L4xx_HAL_Driver/Src/stm32l4xx_hal_crc.o
 .text.HAL_CRC_Init
                0x0000000008002f24       0x80 Drivers/STM32L4xx_HAL_Driver/Src/stm32l4xx_hal_crc.o
                0x0000000008002f24                HAL_CRC_Init
 .text.HAL_CRC_Calculate
                0x0000000008002fa4       0x50 Drivers/STM32L4xx_HAL_Driver/Src/stm32l4xx_hal_crc.o
                0x0000000008002fa4                HAL_CRC_Calculate
 .text.HAL_CRCEx_Polynomial_Set
                0x0000000008002ff4       0x6c Drivers/STM32L4xx_HAL_Driver/Src/stm32l4xx_hal_crc_ex.o
                0x0000000008002ff4                HAL_CRCEx_Polynomial_Set
 .text.DMA_SetConfig
                0x0000000008003060       0x30 Drivers/STM32L4xx_HAL_Driver/Src/stm32l4xx_hal_dma.o
 .text.HAL_DMA_Init
                0x0000000008003090       0xf8 Drivers/STM32L4xx_HAL_Driver/Src/stm32l4xx_hal_dma.o
                0x0000000008003090                HAL_DMA_Init
 .text.HAL_DMA_Start_IT
                0x0000000008003188       0x76 Drivers/STM32L4xx_HAL_Driver/Src/stm32l4xx_hal_dma.o
                0x0000000008003188                HAL_DMA_Start_IT
 .text.HAL_DMA_Abort_IT
                0x00000000080031fe       0x50 Drivers/STM32L4xx_HAL_Driver/Src/stm32l4xx_hal_dma.o
                0x00000000080031fe                HAL_DMA_Abort_IT
 .text.HAL_DMA_IRQHandler
                0x000000000800324e       0xc4 Drivers/STM32L4xx_HAL_Driver/Src/stm32l4xx_hal_dma.o
                0x000000000800324e                HAL_DMA_IRQHandler
 .text.HAL_DMA_GetState
                0x0000000008003312        0x6 Drivers/STM32L4xx_HAL_Driver/Src/stm32l4xx_hal_dma.o
                0x0000000008003312                HAL_DMA_GetState
 .text.HAL_GPIO_Init
                0x0000000008003318      0x1c8 Drivers/STM32L4xx_HAL_Driver/Src/stm32l4xx_hal_gpio.o
                0x0000000008003318                HAL_GPIO_Init
 .text.HAL_GPIO_WritePin
                0x00000000080034e0        0xa Drivers/STM32L4xx_HAL_Driver/Src/stm32l4xx_hal_gpio.o
                0x00000000080034e0                HAL_GPIO_WritePin
 .text.HAL_GPIO_TogglePin
                0x00000000080034ea       0x12 Drivers/STM32L4xx_HAL_Driver/Src/stm32l4xx_hal_gpio.o
                0x00000000080034ea                HAL_GPIO_TogglePin
 .text.I2C_Flush_TXDR
                0x00000000080034fc       0x22 Drivers/STM32L4xx_HAL_Driver/Src/stm32l4xx_hal_i2c.o
 .text.I2C_TransferConfig
                0x000000000800351e       0x36 Drivers/STM32L4xx_HAL_Driver/Src/stm32l4xx_hal_i2c.o
 .text.I2C_Disable_IRQ
                0x0000000008003554       0xac Drivers/STM32L4xx_HAL_Driver/Src/stm32l4xx_hal_i2c.o
 .text.I2C_IsAcknowledgeFailed
                0x0000000008003600       0x90 Drivers/STM32L4xx_HAL_Driver/Src/stm32l4xx_hal_i2c.o
 .text.I2C_WaitOnTXISFlagUntilTimeout
                0x0000000008003690       0x56 Drivers/STM32L4xx_HAL_Driver/Src/stm32l4xx_hal_i2c.o
 .text.I2C_WaitOnFlagUntilTimeout
                0x00000000080036e6       0x52 Drivers/STM32L4xx_HAL_Driver/Src/stm32l4xx_hal_i2c.o
 .text.I2C_RequestMemoryWrite
                0x0000000008003738       0x70 Drivers/STM32L4xx_HAL_Driver/Src/stm32l4xx_hal_i2c.o
 .text.I2C_RequestMemoryRead
                0x00000000080037a8       0x70 Drivers/STM32L4xx_HAL_Driver/Src/stm32l4xx_hal_i2c.o
 .text.I2C_WaitOnSTOPFlagUntilTimeout
                0x0000000008003818       0x50 Drivers/STM32L4xx_HAL_Driver/Src/stm32l4xx_hal_i2c.o
 .text.I2C_WaitOnRXNEFlagUntilTimeout
                0x0000000008003868       0x98 Drivers/STM32L4xx_HAL_Driver/Src/stm32l4xx_hal_i2c.o
 .text.HAL_I2C_Init
                0x0000000008003900       0xbc Drivers/STM32L4xx_HAL_Driver/Src/stm32l4xx_hal_i2c.o
                0x0000000008003900                HAL_I2C_Init
 .text.HAL_I2C_Master_Transmit
                0x00000000080039bc      0x17c Drivers/STM32L4xx_HAL_Driver/Src/stm32l4xx_hal_i2c.o
                0x00000000080039bc                HAL_I2C_Master_Transmit
 .text.HAL_I2C_Master_Receive
                0x0000000008003b38      0x17c Drivers/STM32L4xx_HAL_Driver/Src/stm32l4xx_hal_i2c.o
                0x0000000008003b38                HAL_I2C_Master_Receive
 .text.HAL_I2C_Mem_Write
                0x0000000008003cb4      0x1a4 Drivers/STM32L4xx_HAL_Driver/Src/stm32l4xx_hal_i2c.o
                0x0000000008003cb4                HAL_I2C_Mem_Write
 .text.HAL_I2C_Mem_Read
                0x0000000008003e58      0x1ac Drivers/STM32L4xx_HAL_Driver/Src/stm32l4xx_hal_i2c.o
                0x0000000008003e58                HAL_I2C_Mem_Read
 .text.HAL_I2C_EV_IRQHandler
                0x0000000008004004       0x10 Drivers/STM32L4xx_HAL_Driver/Src/stm32l4xx_hal_i2c.o
                0x0000000008004004                HAL_I2C_EV_IRQHandler
 .text.HAL_I2C_SlaveTxCpltCallback
                0x0000000008004014        0x2 Drivers/STM32L4xx_HAL_Driver/Src/stm32l4xx_hal_i2c.o
                0x0000000008004014                HAL_I2C_SlaveTxCpltCallback
 .text.HAL_I2C_SlaveRxCpltCallback
                0x0000000008004016        0x2 Drivers/STM32L4xx_HAL_Driver/Src/stm32l4xx_hal_i2c.o
                0x0000000008004016                HAL_I2C_SlaveRxCpltCallback
 .text.I2C_ITSlaveSeqCplt
                0x0000000008004018       0x82 Drivers/STM32L4xx_HAL_Driver/Src/stm32l4xx_hal_i2c.o
 .text.HAL_I2C_AddrCallback
                0x000000000800409a        0x2 Drivers/STM32L4xx_HAL_Driver/Src/stm32l4xx_hal_i2c.o
                0x000000000800409a                HAL_I2C_AddrCallback
 .text.I2C_ITAddrCplt
                0x000000000800409c       0xa0 Drivers/STM32L4xx_HAL_Driver/Src/stm32l4xx_hal_i2c.o
 .text.HAL_I2C_ListenCpltCallback
                0x000000000800413c        0x2 Drivers/STM32L4xx_HAL_Driver/Src/stm32l4xx_hal_i2c.o
                0x000000000800413c                HAL_I2C_ListenCpltCallback
 *fill*         0x000000000800413e        0x2 
 .text.I2C_ITListenCplt
                0x0000000008004140       0x68 Drivers/STM32L4xx_HAL_Driver/Src/stm32l4xx_hal_i2c.o
 .text.HAL_I2C_ErrorCallback
                0x00000000080041a8        0x2 Drivers/STM32L4xx_HAL_Driver/Src/stm32l4xx_hal_i2c.o
                0x00000000080041a8                HAL_I2C_ErrorCallback
 .text.HAL_I2C_AbortCpltCallback
                0x00000000080041aa        0x2 Drivers/STM32L4xx_HAL_Driver/Src/stm32l4xx_hal_i2c.o
                0x00000000080041aa                HAL_I2C_AbortCpltCallback
 .text.I2C_TreatErrorCallback
                0x00000000080041ac       0x2e Drivers/STM32L4xx_HAL_Driver/Src/stm32l4xx_hal_i2c.o
 *fill*         0x00000000080041da        0x2 
 .text.I2C_ITError
                0x00000000080041dc      0x108 Drivers/STM32L4xx_HAL_Driver/Src/stm32l4xx_hal_i2c.o
 .text.I2C_ITSlaveCplt
                0x00000000080042e4      0x164 Drivers/STM32L4xx_HAL_Driver/Src/stm32l4xx_hal_i2c.o
 .text.I2C_Slave_ISR_IT
                0x0000000008004448      0x14a Drivers/STM32L4xx_HAL_Driver/Src/stm32l4xx_hal_i2c.o
 .text.HAL_I2C_ER_IRQHandler
                0x0000000008004592       0x6a Drivers/STM32L4xx_HAL_Driver/Src/stm32l4xx_hal_i2c.o
                0x0000000008004592                HAL_I2C_ER_IRQHandler
 .text.I2C_DMAAbort
                0x00000000080045fc       0x1a Drivers/STM32L4xx_HAL_Driver/Src/stm32l4xx_hal_i2c.o
 .text.HAL_I2CEx_ConfigAnalogFilter
                0x0000000008004616       0x5c Drivers/STM32L4xx_HAL_Driver/Src/stm32l4xx_hal_i2c_ex.o
                0x0000000008004616                HAL_I2CEx_ConfigAnalogFilter
 .text.HAL_I2CEx_ConfigDigitalFilter
                0x0000000008004672       0x58 Drivers/STM32L4xx_HAL_Driver/Src/stm32l4xx_hal_i2c_ex.o
                0x0000000008004672                HAL_I2CEx_ConfigDigitalFilter
 *fill*         0x00000000080046ca        0x2 
 .text.HAL_PWR_EnableBkUpAccess
                0x00000000080046cc       0x10 Drivers/STM32L4xx_HAL_Driver/Src/stm32l4xx_hal_pwr.o
                0x00000000080046cc                HAL_PWR_EnableBkUpAccess
 .text.HAL_PWREx_GetVoltageRange
                0x00000000080046dc       0x10 Drivers/STM32L4xx_HAL_Driver/Src/stm32l4xx_hal_pwr_ex.o
                0x00000000080046dc                HAL_PWREx_GetVoltageRange
 .text.HAL_PWREx_ControlVoltageScaling
                0x00000000080046ec       0x90 Drivers/STM32L4xx_HAL_Driver/Src/stm32l4xx_hal_pwr_ex.o
                0x00000000080046ec                HAL_PWREx_ControlVoltageScaling
 .text.RCC_SetFlashLatencyFromMSIRange
                0x000000000800477c       0x90 Drivers/STM32L4xx_HAL_Driver/Src/stm32l4xx_hal_rcc.o
 .text.HAL_RCC_GetSysClockFreq
                0x000000000800480c       0xb4 Drivers/STM32L4xx_HAL_Driver/Src/stm32l4xx_hal_rcc.o
                0x000000000800480c                HAL_RCC_GetSysClockFreq
 .text.HAL_RCC_OscConfig
                0x00000000080048c0      0x638 Drivers/STM32L4xx_HAL_Driver/Src/stm32l4xx_hal_rcc.o
                0x00000000080048c0                HAL_RCC_OscConfig
 .text.HAL_RCC_ClockConfig
                0x0000000008004ef8      0x158 Drivers/STM32L4xx_HAL_Driver/Src/stm32l4xx_hal_rcc.o
                0x0000000008004ef8                HAL_RCC_ClockConfig
 .text.HAL_RCC_GetHCLKFreq
                0x0000000008005050        0xc Drivers/STM32L4xx_HAL_Driver/Src/stm32l4xx_hal_rcc.o
                0x0000000008005050                HAL_RCC_GetHCLKFreq
 .text.HAL_RCC_GetPCLK1Freq
                0x000000000800505c       0x24 Drivers/STM32L4xx_HAL_Driver/Src/stm32l4xx_hal_rcc.o
                0x000000000800505c                HAL_RCC_GetPCLK1Freq
 .text.HAL_RCC_GetPCLK2Freq
                0x0000000008005080       0x24 Drivers/STM32L4xx_HAL_Driver/Src/stm32l4xx_hal_rcc.o
                0x0000000008005080                HAL_RCC_GetPCLK2Freq
 .text.RCCEx_PLLSAI1_Config
                0x00000000080050a4      0x170 Drivers/STM32L4xx_HAL_Driver/Src/stm32l4xx_hal_rcc_ex.o
 .text.RCCEx_PLLSAI2_Config
                0x0000000008005214      0x14c Drivers/STM32L4xx_HAL_Driver/Src/stm32l4xx_hal_rcc_ex.o
 .text.HAL_RCCEx_PeriphCLKConfig
                0x0000000008005360      0x450 Drivers/STM32L4xx_HAL_Driver/Src/stm32l4xx_hal_rcc_ex.o
                0x0000000008005360                HAL_RCCEx_PeriphCLKConfig
 .text.HAL_RTC_WaitForSynchro
                0x00000000080057b0       0x32 Drivers/STM32L4xx_HAL_Driver/Src/stm32l4xx_hal_rtc.o
                0x00000000080057b0                HAL_RTC_WaitForSynchro
 .text.RTC_EnterInitMode
                0x00000000080057e2       0x44 Drivers/STM32L4xx_HAL_Driver/Src/stm32l4xx_hal_rtc.o
                0x00000000080057e2                RTC_EnterInitMode
 *fill*         0x0000000008005826        0x2 
 .text.RTC_ExitInitMode
                0x0000000008005828       0x50 Drivers/STM32L4xx_HAL_Driver/Src/stm32l4xx_hal_rtc.o
                0x0000000008005828                RTC_ExitInitMode
 .text.HAL_RTC_Init
                0x0000000008005878       0xa0 Drivers/STM32L4xx_HAL_Driver/Src/stm32l4xx_hal_rtc.o
                0x0000000008005878                HAL_RTC_Init
 .text.RTC_ByteToBcd2
                0x0000000008005918       0x16 Drivers/STM32L4xx_HAL_Driver/Src/stm32l4xx_hal_rtc.o
                0x0000000008005918                RTC_ByteToBcd2
 .text.HAL_RTC_SetTime
                0x000000000800592e       0xd2 Drivers/STM32L4xx_HAL_Driver/Src/stm32l4xx_hal_rtc.o
                0x000000000800592e                HAL_RTC_SetTime
 .text.HAL_RTC_SetDate
                0x0000000008005a00       0xae Drivers/STM32L4xx_HAL_Driver/Src/stm32l4xx_hal_rtc.o
                0x0000000008005a00                HAL_RTC_SetDate
 .text.RTC_Bcd2ToByte
                0x0000000008005aae       0x12 Drivers/STM32L4xx_HAL_Driver/Src/stm32l4xx_hal_rtc.o
                0x0000000008005aae                RTC_Bcd2ToByte
 .text.HAL_RTC_GetTime
                0x0000000008005ac0       0x52 Drivers/STM32L4xx_HAL_Driver/Src/stm32l4xx_hal_rtc.o
                0x0000000008005ac0                HAL_RTC_GetTime
 .text.HAL_RTC_GetDate
                0x0000000008005b12       0x42 Drivers/STM32L4xx_HAL_Driver/Src/stm32l4xx_hal_rtc.o
                0x0000000008005b12                HAL_RTC_GetDate
 .text.TIM_OC1_SetConfig
                0x0000000008005b54       0x9c Drivers/STM32L4xx_HAL_Driver/Src/stm32l4xx_hal_tim.o
 .text.TIM_OC3_SetConfig
                0x0000000008005bf0       0x8c Drivers/STM32L4xx_HAL_Driver/Src/stm32l4xx_hal_tim.o
 .text.TIM_OC4_SetConfig
                0x0000000008005c7c       0x6c Drivers/STM32L4xx_HAL_Driver/Src/stm32l4xx_hal_tim.o
 .text.TIM_OC5_SetConfig
                0x0000000008005ce8       0x68 Drivers/STM32L4xx_HAL_Driver/Src/stm32l4xx_hal_tim.o
 .text.TIM_OC6_SetConfig
                0x0000000008005d50       0x6c Drivers/STM32L4xx_HAL_Driver/Src/stm32l4xx_hal_tim.o
 .text.TIM_TI1_ConfigInputStage
                0x0000000008005dbc       0x26 Drivers/STM32L4xx_HAL_Driver/Src/stm32l4xx_hal_tim.o
 .text.TIM_TI2_SetConfig
                0x0000000008005de2       0x34 Drivers/STM32L4xx_HAL_Driver/Src/stm32l4xx_hal_tim.o
 .text.TIM_TI2_ConfigInputStage
                0x0000000008005e16       0x28 Drivers/STM32L4xx_HAL_Driver/Src/stm32l4xx_hal_tim.o
 .text.TIM_TI3_SetConfig
                0x0000000008005e3e       0x32 Drivers/STM32L4xx_HAL_Driver/Src/stm32l4xx_hal_tim.o
 .text.TIM_TI4_SetConfig
                0x0000000008005e70       0x34 Drivers/STM32L4xx_HAL_Driver/Src/stm32l4xx_hal_tim.o
 .text.TIM_ITRx_SetConfig
                0x0000000008005ea4       0x10 Drivers/STM32L4xx_HAL_Driver/Src/stm32l4xx_hal_tim.o
 .text.HAL_TIM_PWM_MspInit
                0x0000000008005eb4        0x2 Drivers/STM32L4xx_HAL_Driver/Src/stm32l4xx_hal_tim.o
                0x0000000008005eb4                HAL_TIM_PWM_MspInit
 .text.HAL_TIM_IC_MspInit
                0x0000000008005eb6        0x2 Drivers/STM32L4xx_HAL_Driver/Src/stm32l4xx_hal_tim.o
                0x0000000008005eb6                HAL_TIM_IC_MspInit
 .text.HAL_TIM_PeriodElapsedCallback
                0x0000000008005eb8        0x2 Drivers/STM32L4xx_HAL_Driver/Src/stm32l4xx_hal_tim.o
                0x0000000008005eb8                HAL_TIM_PeriodElapsedCallback
 .text.HAL_TIM_OC_DelayElapsedCallback
                0x0000000008005eba        0x2 Drivers/STM32L4xx_HAL_Driver/Src/stm32l4xx_hal_tim.o
                0x0000000008005eba                HAL_TIM_OC_DelayElapsedCallback
 .text.TIM_DMACaptureCplt
                0x0000000008005ebc       0x80 Drivers/STM32L4xx_HAL_Driver/Src/stm32l4xx_hal_tim.o
                0x0000000008005ebc                TIM_DMACaptureCplt
 .text.HAL_TIM_IC_CaptureHalfCpltCallback
                0x0000000008005f3c        0x2 Drivers/STM32L4xx_HAL_Driver/Src/stm32l4xx_hal_tim.o
                0x0000000008005f3c                HAL_TIM_IC_CaptureHalfCpltCallback
 .text.TIM_DMACaptureHalfCplt
                0x0000000008005f3e       0x3e Drivers/STM32L4xx_HAL_Driver/Src/stm32l4xx_hal_tim.o
                0x0000000008005f3e                TIM_DMACaptureHalfCplt
 .text.HAL_TIM_PWM_PulseFinishedCallback
                0x0000000008005f7c        0x2 Drivers/STM32L4xx_HAL_Driver/Src/stm32l4xx_hal_tim.o
                0x0000000008005f7c                HAL_TIM_PWM_PulseFinishedCallback
 .text.HAL_TIM_TriggerCallback
                0x0000000008005f7e        0x2 Drivers/STM32L4xx_HAL_Driver/Src/stm32l4xx_hal_tim.o
                0x0000000008005f7e                HAL_TIM_TriggerCallback
 .text.HAL_TIM_IRQHandler
                0x0000000008005f80      0x19a Drivers/STM32L4xx_HAL_Driver/Src/stm32l4xx_hal_tim.o
                0x0000000008005f80                HAL_TIM_IRQHandler
 .text.HAL_TIM_ErrorCallback
                0x000000000800611a        0x2 Drivers/STM32L4xx_HAL_Driver/Src/stm32l4xx_hal_tim.o
                0x000000000800611a                HAL_TIM_ErrorCallback
 .text.TIM_DMAError
                0x000000000800611c       0x5c Drivers/STM32L4xx_HAL_Driver/Src/stm32l4xx_hal_tim.o
                0x000000000800611c                TIM_DMAError
 .text.TIM_Base_SetConfig
                0x0000000008006178       0xc8 Drivers/STM32L4xx_HAL_Driver/Src/stm32l4xx_hal_tim.o
                0x0000000008006178                TIM_Base_SetConfig
 .text.HAL_TIM_Base_Init
                0x0000000008006240       0x5e Drivers/STM32L4xx_HAL_Driver/Src/stm32l4xx_hal_tim.o
                0x0000000008006240                HAL_TIM_Base_Init
 .text.HAL_TIM_PWM_Init
                0x000000000800629e       0x5e Drivers/STM32L4xx_HAL_Driver/Src/stm32l4xx_hal_tim.o
                0x000000000800629e                HAL_TIM_PWM_Init
 .text.HAL_TIM_IC_Init
                0x00000000080062fc       0x5e Drivers/STM32L4xx_HAL_Driver/Src/stm32l4xx_hal_tim.o
                0x00000000080062fc                HAL_TIM_IC_Init
 *fill*         0x000000000800635a        0x2 
 .text.TIM_OC2_SetConfig
                0x000000000800635c       0x8c Drivers/STM32L4xx_HAL_Driver/Src/stm32l4xx_hal_tim.o
                0x000000000800635c                TIM_OC2_SetConfig
 .text.HAL_TIM_PWM_ConfigChannel
                0x00000000080063e8      0x128 Drivers/STM32L4xx_HAL_Driver/Src/stm32l4xx_hal_tim.o
                0x00000000080063e8                HAL_TIM_PWM_ConfigChannel
 .text.TIM_TI1_SetConfig
                0x0000000008006510       0x70 Drivers/STM32L4xx_HAL_Driver/Src/stm32l4xx_hal_tim.o
                0x0000000008006510                TIM_TI1_SetConfig
 .text.HAL_TIM_IC_ConfigChannel
                0x0000000008006580       0xb4 Drivers/STM32L4xx_HAL_Driver/Src/stm32l4xx_hal_tim.o
                0x0000000008006580                HAL_TIM_IC_ConfigChannel
 .text.TIM_ETR_SetConfig
                0x0000000008006634       0x18 Drivers/STM32L4xx_HAL_Driver/Src/stm32l4xx_hal_tim.o
                0x0000000008006634                TIM_ETR_SetConfig
 .text.HAL_TIM_ConfigClockSource
                0x000000000800664c       0xdc Drivers/STM32L4xx_HAL_Driver/Src/stm32l4xx_hal_tim.o
                0x000000000800664c                HAL_TIM_ConfigClockSource
 .text.TIM_CCxChannelCmd
                0x0000000008006728       0x22 Drivers/STM32L4xx_HAL_Driver/Src/stm32l4xx_hal_tim.o
                0x0000000008006728                TIM_CCxChannelCmd
 *fill*         0x000000000800674a        0x2 
 .text.HAL_TIM_PWM_Start
                0x000000000800674c      0x16c Drivers/STM32L4xx_HAL_Driver/Src/stm32l4xx_hal_tim.o
                0x000000000800674c                HAL_TIM_PWM_Start
 .text.HAL_TIM_IC_Start_DMA
                0x00000000080068b8      0x25c Drivers/STM32L4xx_HAL_Driver/Src/stm32l4xx_hal_tim.o
                0x00000000080068b8                HAL_TIM_IC_Start_DMA
 .text.HAL_TIMEx_MasterConfigSynchronization
                0x0000000008006b14       0x98 Drivers/STM32L4xx_HAL_Driver/Src/stm32l4xx_hal_tim_ex.o
                0x0000000008006b14                HAL_TIMEx_MasterConfigSynchronization
 .text.HAL_TIMEx_ConfigBreakDeadTime
                0x0000000008006bac       0x90 Drivers/STM32L4xx_HAL_Driver/Src/stm32l4xx_hal_tim_ex.o
                0x0000000008006bac                HAL_TIMEx_ConfigBreakDeadTime
 .text.HAL_TIMEx_CommutCallback
                0x0000000008006c3c        0x2 Drivers/STM32L4xx_HAL_Driver/Src/stm32l4xx_hal_tim_ex.o
                0x0000000008006c3c                HAL_TIMEx_CommutCallback
 .text.HAL_TIMEx_BreakCallback
                0x0000000008006c3e        0x2 Drivers/STM32L4xx_HAL_Driver/Src/stm32l4xx_hal_tim_ex.o
                0x0000000008006c3e                HAL_TIMEx_BreakCallback
 .text.HAL_TIMEx_Break2Callback
                0x0000000008006c40        0x2 Drivers/STM32L4xx_HAL_Driver/Src/stm32l4xx_hal_tim_ex.o
                0x0000000008006c40                HAL_TIMEx_Break2Callback
 *fill*         0x0000000008006c42        0x2 
 .text.UART_SetConfig
                0x0000000008006c44      0x324 Drivers/STM32L4xx_HAL_Driver/Src/stm32l4xx_hal_uart.o
                0x0000000008006c44                UART_SetConfig
 .text.UART_AdvFeatureConfig
                0x0000000008006f68       0xca Drivers/STM32L4xx_HAL_Driver/Src/stm32l4xx_hal_uart.o
                0x0000000008006f68                UART_AdvFeatureConfig
 .text.UART_WaitOnFlagUntilTimeout
                0x0000000008007032       0x9c Drivers/STM32L4xx_HAL_Driver/Src/stm32l4xx_hal_uart.o
                0x0000000008007032                UART_WaitOnFlagUntilTimeout
 .text.UART_CheckIdleState
                0x00000000080070ce       0x6c Drivers/STM32L4xx_HAL_Driver/Src/stm32l4xx_hal_uart.o
                0x00000000080070ce                UART_CheckIdleState
 .text.HAL_UART_Init
                0x000000000800713a       0x62 Drivers/STM32L4xx_HAL_Driver/Src/stm32l4xx_hal_uart.o
                0x000000000800713a                HAL_UART_Init
 .text.Reset_Handler
                0x000000000800719c       0x50 startup/startup_stm32l476xx.o
                0x000000000800719c                Reset_Handler
 .text.Default_Handler
                0x00000000080071ec        0x2 startup/startup_stm32l476xx.o
                0x00000000080071ec                RTC_Alarm_IRQHandler
                0x00000000080071ec                EXTI2_IRQHandler
                0x00000000080071ec                TIM8_TRG_COM_IRQHandler
                0x00000000080071ec                TIM8_CC_IRQHandler
                0x00000000080071ec                TIM1_CC_IRQHandler
                0x00000000080071ec                TSC_IRQHandler
                0x00000000080071ec                TAMP_STAMP_IRQHandler
                0x00000000080071ec                EXTI3_IRQHandler
                0x00000000080071ec                LPTIM2_IRQHandler
                0x00000000080071ec                DFSDM1_FLT1_IRQHandler
                0x00000000080071ec                I2C3_ER_IRQHandler
                0x00000000080071ec                DFSDM1_FLT2_IRQHandler
                0x00000000080071ec                EXTI0_IRQHandler
                0x00000000080071ec                I2C2_EV_IRQHandler
                0x00000000080071ec                FPU_IRQHandler
                0x00000000080071ec                TIM1_UP_TIM16_IRQHandler
                0x00000000080071ec                ADC1_2_IRQHandler
                0x00000000080071ec                SPI1_IRQHandler
                0x00000000080071ec                TIM6_DAC_IRQHandler
                0x00000000080071ec                TIM8_UP_IRQHandler
                0x00000000080071ec                DMA2_Channel2_IRQHandler
                0x00000000080071ec                DMA1_Channel4_IRQHandler
                0x00000000080071ec                SAI2_IRQHandler
                0x00000000080071ec                DFSDM1_FLT3_IRQHandler
                0x00000000080071ec                USART3_IRQHandler
                0x00000000080071ec                CAN1_RX1_IRQHandler
                0x00000000080071ec                LCD_IRQHandler
                0x00000000080071ec                UART5_IRQHandler
                0x00000000080071ec                ADC3_IRQHandler
                0x00000000080071ec                TIM4_IRQHandler
                0x00000000080071ec                DMA2_Channel1_IRQHandler
                0x00000000080071ec                QUADSPI_IRQHandler
                0x00000000080071ec                DMA1_Channel6_IRQHandler
                0x00000000080071ec                UART4_IRQHandler
                0x00000000080071ec                TIM3_IRQHandler
                0x00000000080071ec                RCC_IRQHandler
                0x00000000080071ec                DMA1_Channel1_IRQHandler
                0x00000000080071ec                Default_Handler
                0x00000000080071ec                DMA2_Channel7_IRQHandler
                0x00000000080071ec                EXTI15_10_IRQHandler
                0x00000000080071ec                TIM7_IRQHandler
                0x00000000080071ec                SDMMC1_IRQHandler
                0x00000000080071ec                I2C3_EV_IRQHandler
                0x00000000080071ec                EXTI9_5_IRQHandler
                0x00000000080071ec                RTC_WKUP_IRQHandler
                0x00000000080071ec                PVD_PVM_IRQHandler
                0x00000000080071ec                SPI2_IRQHandler
                0x00000000080071ec                CAN1_TX_IRQHandler
                0x00000000080071ec                EXTI4_IRQHandler
                0x00000000080071ec                RNG_IRQHandler
                0x00000000080071ec                TIM1_TRG_COM_TIM17_IRQHandler
                0x00000000080071ec                DMA1_Channel3_IRQHandler
                0x00000000080071ec                COMP_IRQHandler
                0x00000000080071ec                WWDG_IRQHandler
                0x00000000080071ec                LPUART1_IRQHandler
                0x00000000080071ec                DMA2_Channel6_IRQHandler
                0x00000000080071ec                EXTI1_IRQHandler
                0x00000000080071ec                USART2_IRQHandler
                0x00000000080071ec                DFSDM1_FLT0_IRQHandler
                0x00000000080071ec                I2C2_ER_IRQHandler
                0x00000000080071ec                DMA1_Channel2_IRQHandler
                0x00000000080071ec                TIM8_BRK_IRQHandler
                0x00000000080071ec                CAN1_SCE_IRQHandler
                0x00000000080071ec                FLASH_IRQHandler
                0x00000000080071ec                USART1_IRQHandler
                0x00000000080071ec                OTG_FS_IRQHandler
                0x00000000080071ec                SPI3_IRQHandler
                0x00000000080071ec                FMC_IRQHandler
                0x00000000080071ec                SWPMI1_IRQHandler
                0x00000000080071ec                LPTIM1_IRQHandler
                0x00000000080071ec                SAI1_IRQHandler
                0x00000000080071ec                DMA2_Channel3_IRQHandler
                0x00000000080071ec                TIM1_BRK_TIM15_IRQHandler
 *fill*         0x00000000080071ee        0x2 
 .text.__libc_init_array
                0x00000000080071f0       0x48 /home/pvl/Privat/stm32/Ac6/plugins/fr.ac6.mcu.externaltools.arm-none.linux64_1.17.0.201812190825/tools/compiler/bin/../lib/gcc/arm-none-eabi/7.3.1/../../../../arm-none-eabi/lib/thumb/v7e-m/fpv4-sp/hard/libc_nano.a(lib_a-init.o)
                0x00000000080071f0                __libc_init_array
 .text.memset   0x0000000008007238       0x10 /home/pvl/Privat/stm32/Ac6/plugins/fr.ac6.mcu.externaltools.arm-none.linux64_1.17.0.201812190825/tools/compiler/bin/../lib/gcc/arm-none-eabi/7.3.1/../../../../arm-none-eabi/lib/thumb/v7e-m/fpv4-sp/hard/libc_nano.a(lib_a-memset.o)
                0x0000000008007238                memset
 *(.glue_7)
 .glue_7        0x0000000008007248        0x0 linker stubs
 *(.glue_7t)
 .glue_7t       0x0000000008007248        0x0 linker stubs
 *(.eh_frame)
 .eh_frame      0x0000000008007248        0x0 /home/pvl/Privat/stm32/Ac6/plugins/fr.ac6.mcu.externaltools.arm-none.linux64_1.17.0.201812190825/tools/compiler/bin/../lib/gcc/arm-none-eabi/7.3.1/thumb/v7e-m/fpv4-sp/hard/crtbegin.o
 *(.init)
 .init          0x0000000008007248        0x4 /home/pvl/Privat/stm32/Ac6/plugins/fr.ac6.mcu.externaltools.arm-none.linux64_1.17.0.201812190825/tools/compiler/bin/../lib/gcc/arm-none-eabi/7.3.1/thumb/v7e-m/fpv4-sp/hard/crti.o
                0x0000000008007248                _init
 .init          0x000000000800724c        0x8 /home/pvl/Privat/stm32/Ac6/plugins/fr.ac6.mcu.externaltools.arm-none.linux64_1.17.0.201812190825/tools/compiler/bin/../lib/gcc/arm-none-eabi/7.3.1/thumb/v7e-m/fpv4-sp/hard/crtn.o
 *(.fini)
 .fini          0x0000000008007254        0x4 /home/pvl/Privat/stm32/Ac6/plugins/fr.ac6.mcu.externaltools.arm-none.linux64_1.17.0.201812190825/tools/compiler/bin/../lib/gcc/arm-none-eabi/7.3.1/thumb/v7e-m/fpv4-sp/hard/crti.o
                0x0000000008007254                _fini
 .fini          0x0000000008007258        0x8 /home/pvl/Privat/stm32/Ac6/plugins/fr.ac6.mcu.externaltools.arm-none.linux64_1.17.0.201812190825/tools/compiler/bin/../lib/gcc/arm-none-eabi/7.3.1/thumb/v7e-m/fpv4-sp/hard/crtn.o
                0x0000000008007260                . = ALIGN (0x8)
                0x0000000008007260                _etext = .

.vfp11_veneer   0x0000000008007260        0x0
 .vfp11_veneer  0x0000000008007260        0x0 linker stubs

.v4_bx          0x0000000008007260        0x0
 .v4_bx         0x0000000008007260        0x0 linker stubs

.iplt           0x0000000008007260        0x0
 .iplt          0x0000000008007260        0x0 /home/pvl/Privat/stm32/Ac6/plugins/fr.ac6.mcu.externaltools.arm-none.linux64_1.17.0.201812190825/tools/compiler/bin/../lib/gcc/arm-none-eabi/7.3.1/thumb/v7e-m/fpv4-sp/hard/crtbegin.o

.rodata         0x0000000008007260       0x48
                0x0000000008007260                . = ALIGN (0x8)
 *(.rodata)
 .rodata        0x0000000008007260       0x48 Core/Src/system_stm32l4xx.o
                0x0000000008007260                MSIRangeTable
                0x0000000008007290                AHBPrescTable
                0x00000000080072a0                APBPrescTable
 *(.rodata*)
                0x00000000080072a8                . = ALIGN (0x8)

.ARM.extab      0x00000000080072a8        0x0
                0x00000000080072a8                . = ALIGN (0x8)
 *(.ARM.extab* .gnu.linkonce.armextab.*)
                0x00000000080072a8                . = ALIGN (0x8)

.ARM            0x00000000080072a8        0x8
                0x00000000080072a8                . = ALIGN (0x8)
                0x00000000080072a8                __exidx_start = .
 *(.ARM.exidx*)
 .ARM.exidx     0x00000000080072a8        0x8 /home/pvl/Privat/stm32/Ac6/plugins/fr.ac6.mcu.externaltools.arm-none.linux64_1.17.0.201812190825/tools/compiler/bin/../lib/gcc/arm-none-eabi/7.3.1/thumb/v7e-m/fpv4-sp/hard/libgcc.a(_udivmoddi4.o)
                0x00000000080072b0                __exidx_end = .
                0x00000000080072b0                . = ALIGN (0x8)

.rel.dyn        0x00000000080072b0        0x0
 .rel.iplt      0x00000000080072b0        0x0 /home/pvl/Privat/stm32/Ac6/plugins/fr.ac6.mcu.externaltools.arm-none.linux64_1.17.0.201812190825/tools/compiler/bin/../lib/gcc/arm-none-eabi/7.3.1/thumb/v7e-m/fpv4-sp/hard/crtbegin.o

.preinit_array  0x00000000080072b0        0x0
                0x00000000080072b0                . = ALIGN (0x8)
                0x00000000080072b0                PROVIDE (__preinit_array_start = .)
 *(.preinit_array*)
                0x00000000080072b0                PROVIDE (__preinit_array_end = .)
                0x00000000080072b0                . = ALIGN (0x8)

.init_array     0x00000000080072b0        0x8
                0x00000000080072b0                . = ALIGN (0x8)
                0x00000000080072b0                PROVIDE (__init_array_start = .)
 *(SORT_BY_NAME(.init_array.*))
 *(.init_array*)
 .init_array    0x00000000080072b0        0x4 /home/pvl/Privat/stm32/Ac6/plugins/fr.ac6.mcu.externaltools.arm-none.linux64_1.17.0.201812190825/tools/compiler/bin/../lib/gcc/arm-none-eabi/7.3.1/thumb/v7e-m/fpv4-sp/hard/crtbegin.o
                0x00000000080072b4                PROVIDE (__init_array_end = .)
                0x00000000080072b8                . = ALIGN (0x8)
 *fill*         0x00000000080072b4        0x4 

.fini_array     0x00000000080072b8        0x8
                0x00000000080072b8                . = ALIGN (0x8)
                [!provide]                        PROVIDE (__fini_array_start = .)
 *(SORT_BY_NAME(.fini_array.*))
 *(.fini_array*)
 .fini_array    0x00000000080072b8        0x4 /home/pvl/Privat/stm32/Ac6/plugins/fr.ac6.mcu.externaltools.arm-none.linux64_1.17.0.201812190825/tools/compiler/bin/../lib/gcc/arm-none-eabi/7.3.1/thumb/v7e-m/fpv4-sp/hard/crtbegin.o
                [!provide]                        PROVIDE (__fini_array_end = .)
                0x00000000080072c0                . = ALIGN (0x8)
 *fill*         0x00000000080072bc        0x4 
                0x00000000080072c0                _sidata = LOADADDR (.data)

.data           0x0000000020000000       0x20 load address 0x00000000080072c0
                0x0000000020000000                . = ALIGN (0x8)
                0x0000000020000000                _sdata = .
 *(.data)
 .data          0x0000000020000000        0x8 Core/Src/Boot.o
                0x0000000020000000                PayloadId
                0x0000000020000004                testCRC
 .data          0x0000000020000008        0x2 Core/Src/LUX.o
                0x0000000020000008                Lux
                0x0000000020000009                lux_address
 .data          0x000000002000000a        0x2 Core/Src/eeprom.o
                0x000000002000000a                device
 .data          0x000000002000000c        0x1 Core/Src/lm75.o
                0x000000002000000c                tempSens
 *fill*         0x000000002000000d        0x3 
 .data          0x0000000020000010        0x4 Core/Src/system_stm32l4xx.o
                0x0000000020000010                SystemCoreClock
 .data          0x0000000020000014        0x8 Drivers/STM32L4xx_HAL_Driver/Src/stm32l4xx_hal.o
                0x0000000020000014                uwTickFreq
                0x0000000020000018                uwTickPrio
 *(.data*)
                0x0000000020000020                . = ALIGN (0x8)
 *fill*         0x000000002000001c        0x4 
                0x0000000020000020                _edata = .

.igot.plt       0x0000000020000020        0x0 load address 0x00000000080072e0
 .igot.plt      0x0000000020000020        0x0 /home/pvl/Privat/stm32/Ac6/plugins/fr.ac6.mcu.externaltools.arm-none.linux64_1.17.0.201812190825/tools/compiler/bin/../lib/gcc/arm-none-eabi/7.3.1/thumb/v7e-m/fpv4-sp/hard/crtbegin.o
                0x0000000020000020                . = ALIGN (0x4)

.bss            0x0000000020000020     0x19d4 load address 0x00000000080072e0
                0x0000000020000020                _sbss = .
                0x0000000020000020                __bss_start__ = _sbss
 *(.bss)
 .bss           0x0000000020000020       0x1c /home/pvl/Privat/stm32/Ac6/plugins/fr.ac6.mcu.externaltools.arm-none.linux64_1.17.0.201812190825/tools/compiler/bin/../lib/gcc/arm-none-eabi/7.3.1/thumb/v7e-m/fpv4-sp/hard/crtbegin.o
 .bss           0x000000002000003c        0x1 Core/Src/CanTx.o
                0x000000002000003c                datacheck
 *fill*         0x000000002000003d        0x1 
 .bss           0x000000002000003e        0x2 Core/Src/eeprom.o
                0x000000002000003e                i
 .bss           0x0000000020000040       0x18 Core/Src/frequencyRead.o
                0x0000000020000040                riseCaptured
                0x0000000020000044                fallCaptured
                0x0000000020000048                frequency_ideal
                0x000000002000004c                isMeasured
                0x0000000020000050                frequency_notIdeal
                0x0000000020000054                width
 *(.bss*)
 *(COMMON)
 COMMON         0x0000000020000058      0x429 Core/Src/Boot.o
                0x0000000020000058                CrcVal
                0x000000002000005c                CrcCheck
                0x0000000020000060                payload_data
                0x0000000020000080                str
 *fill*         0x0000000020000481        0x3 
 COMMON         0x0000000020000484       0x58 Core/Src/CanTx.o
                0x0000000020000484                TxData3
                0x000000002000048c                TxData1
                0x0000000020000494                TxMailbox
                0x0000000020000498                TxData2
                0x00000000200004a0                RxData
                0x00000000200004a8                TxHeader
                0x00000000200004c0                RxHeader
 COMMON         0x00000000200004dc        0xe Core/Src/LUX.o
                0x00000000200004dc                bufLux
                0x00000000200004de                lux_val
                0x00000000200004e0                receive
 *fill*         0x00000000200004ea        0x2 
 COMMON         0x00000000200004ec       0x84 Core/Src/eeprom.o
                0x00000000200004ec                eeprom_buf_read
                0x000000002000050c                eepromBuf
 COMMON         0x0000000020000570     0x10d0 Core/Src/frequencyRead.o
                0x0000000020000570                str_final
                0x00000000200005d4                str1
                0x0000000020000638                riseData
                0x0000000020000e08                freq_differ
                0x0000000020000e0c                str2
                0x0000000020000e70                fallData
 COMMON         0x0000000020001640        0xd Core/Src/lm75.o
                0x0000000020001640                bufTemp
                0x000000002000164c                temp_C
 *fill*         0x000000002000164d        0x3 
 COMMON         0x0000000020001650      0x38c Core/Src/main.o
                0x0000000020001650                hi2c3
                0x000000002000169c                hdma_tim2_ch1
                0x00000000200016e4                hi2c1
                0x0000000020001730                hcrc
                0x0000000020001754                hdma_tim2_ch2_ch4
                0x000000002000179c                htim5
                0x00000000200017e8                hdma_tim5_ch1
                0x0000000020001830                hdma_tim5_ch2
                0x0000000020001878                hrtc
                0x000000002000189c                htim1
                0x00000000200018e8                htim2
                0x0000000020001934                huart2
                0x00000000200019b4                hcan1
 COMMON         0x00000000200019dc       0x13 Core/Src/pcf8563.o
                0x00000000200019dc                buf_h
                0x00000000200019dd                buf_min
                0x00000000200019de                buf_year
                0x00000000200019df                buf_sec
                0x00000000200019e0                buf_day
                0x00000000200019e4                val
                0x00000000200019ee                buf_mon
 *fill*         0x00000000200019ef        0x1 
 COMMON         0x00000000200019f0        0x4 Drivers/STM32L4xx_HAL_Driver/Src/stm32l4xx_hal.o
                0x00000000200019f0                uwTick
                0x00000000200019f4                . = ALIGN (0x4)
                0x00000000200019f4                _ebss = .
                0x00000000200019f4                __bss_end__ = _ebss

._user_heap_stack
                0x00000000200019f4      0x604 load address 0x00000000080072e0
                0x00000000200019f8                . = ALIGN (0x8)
 *fill*         0x00000000200019f4        0x4 
                0x00000000200019f8                PROVIDE (end = .)
                [!provide]                        PROVIDE (_end = .)
                0x0000000020001bf8                . = (. + _Min_Heap_Size)
 *fill*         0x00000000200019f8      0x200 
                0x0000000020001ff8                . = (. + _Min_Stack_Size)
 *fill*         0x0000000020001bf8      0x400 
                0x0000000020001ff8                . = ALIGN (0x8)

/DISCARD/
 libc.a(*)
 libm.a(*)
 libgcc.a(*)

.ARM.attributes
                0x0000000000000000       0x30
 *(.ARM.attributes)
 .ARM.attributes
                0x0000000000000000       0x22 /home/pvl/Privat/stm32/Ac6/plugins/fr.ac6.mcu.externaltools.arm-none.linux64_1.17.0.201812190825/tools/compiler/bin/../lib/gcc/arm-none-eabi/7.3.1/thumb/v7e-m/fpv4-sp/hard/crti.o
 .ARM.attributes
                0x0000000000000022       0x34 /home/pvl/Privat/stm32/Ac6/plugins/fr.ac6.mcu.externaltools.arm-none.linux64_1.17.0.201812190825/tools/compiler/bin/../lib/gcc/arm-none-eabi/7.3.1/thumb/v7e-m/fpv4-sp/hard/crtbegin.o
 .ARM.attributes
                0x0000000000000056       0x39 Core/Src/Boot.o
 .ARM.attributes
                0x000000000000008f       0x39 Core/Src/CanTx.o
 .ARM.attributes
                0x00000000000000c8       0x39 Core/Src/LUX.o
 .ARM.attributes
                0x0000000000000101       0x39 Core/Src/eeprom.o
 .ARM.attributes
                0x000000000000013a       0x39 Core/Src/frequencyRead.o
 .ARM.attributes
                0x0000000000000173       0x39 Core/Src/lm75.o
 .ARM.attributes
                0x00000000000001ac       0x39 Core/Src/main.o
 .ARM.attributes
                0x00000000000001e5       0x39 Core/Src/pcf8563.o
 .ARM.attributes
                0x000000000000021e       0x39 Core/Src/stm32l4xx_hal_msp.o
 .ARM.attributes
                0x0000000000000257       0x39 Core/Src/stm32l4xx_it.o
 .ARM.attributes
                0x0000000000000290       0x39 Core/Src/system_stm32l4xx.o
 .ARM.attributes
                0x00000000000002c9       0x39 Drivers/STM32L4xx_HAL_Driver/Src/stm32l4xx_hal.o
 .ARM.attributes
                0x0000000000000302       0x39 Drivers/STM32L4xx_HAL_Driver/Src/stm32l4xx_hal_can.o
 .ARM.attributes
                0x000000000000033b       0x39 Drivers/STM32L4xx_HAL_Driver/Src/stm32l4xx_hal_cortex.o
 .ARM.attributes
                0x0000000000000374       0x39 Drivers/STM32L4xx_HAL_Driver/Src/stm32l4xx_hal_crc.o
 .ARM.attributes
                0x00000000000003ad       0x39 Drivers/STM32L4xx_HAL_Driver/Src/stm32l4xx_hal_crc_ex.o
 .ARM.attributes
                0x00000000000003e6       0x39 Drivers/STM32L4xx_HAL_Driver/Src/stm32l4xx_hal_dma.o
 .ARM.attributes
                0x000000000000041f       0x39 Drivers/STM32L4xx_HAL_Driver/Src/stm32l4xx_hal_gpio.o
 .ARM.attributes
                0x0000000000000458       0x39 Drivers/STM32L4xx_HAL_Driver/Src/stm32l4xx_hal_i2c.o
 .ARM.attributes
                0x0000000000000491       0x39 Drivers/STM32L4xx_HAL_Driver/Src/stm32l4xx_hal_i2c_ex.o
 .ARM.attributes
                0x00000000000004ca       0x39 Drivers/STM32L4xx_HAL_Driver/Src/stm32l4xx_hal_pwr.o
 .ARM.attributes
                0x0000000000000503       0x39 Drivers/STM32L4xx_HAL_Driver/Src/stm32l4xx_hal_pwr_ex.o
 .ARM.attributes
                0x000000000000053c       0x39 Drivers/STM32L4xx_HAL_Driver/Src/stm32l4xx_hal_rcc.o
 .ARM.attributes
                0x0000000000000575       0x39 Drivers/STM32L4xx_HAL_Driver/Src/stm32l4xx_hal_rcc_ex.o
 .ARM.attributes
                0x00000000000005ae       0x39 Drivers/STM32L4xx_HAL_Driver/Src/stm32l4xx_hal_rtc.o
 .ARM.attributes
                0x00000000000005e7       0x39 Drivers/STM32L4xx_HAL_Driver/Src/stm32l4xx_hal_tim.o
 .ARM.attributes
                0x0000000000000620       0x39 Drivers/STM32L4xx_HAL_Driver/Src/stm32l4xx_hal_tim_ex.o
 .ARM.attributes
                0x0000000000000659       0x39 Drivers/STM32L4xx_HAL_Driver/Src/stm32l4xx_hal_uart.o
 .ARM.attributes
                0x0000000000000692       0x21 startup/startup_stm32l476xx.o
 .ARM.attributes
                0x00000000000006b3       0x22 /home/pvl/Privat/stm32/Ac6/plugins/fr.ac6.mcu.externaltools.arm-none.linux64_1.17.0.201812190825/tools/compiler/bin/../lib/gcc/arm-none-eabi/7.3.1/thumb/v7e-m/fpv4-sp/hard/libgcc.a(_arm_addsubdf3.o)
 .ARM.attributes
                0x00000000000006d5       0x22 /home/pvl/Privat/stm32/Ac6/plugins/fr.ac6.mcu.externaltools.arm-none.linux64_1.17.0.201812190825/tools/compiler/bin/../lib/gcc/arm-none-eabi/7.3.1/thumb/v7e-m/fpv4-sp/hard/libgcc.a(_arm_muldivdf3.o)
 .ARM.attributes
                0x00000000000006f7       0x22 /home/pvl/Privat/stm32/Ac6/plugins/fr.ac6.mcu.externaltools.arm-none.linux64_1.17.0.201812190825/tools/compiler/bin/../lib/gcc/arm-none-eabi/7.3.1/thumb/v7e-m/fpv4-sp/hard/libgcc.a(_arm_fixunsdfsi.o)
 .ARM.attributes
                0x0000000000000719       0x22 /home/pvl/Privat/stm32/Ac6/plugins/fr.ac6.mcu.externaltools.arm-none.linux64_1.17.0.201812190825/tools/compiler/bin/../lib/gcc/arm-none-eabi/7.3.1/thumb/v7e-m/fpv4-sp/hard/libgcc.a(_aeabi_uldivmod.o)
 .ARM.attributes
                0x000000000000073b       0x34 /home/pvl/Privat/stm32/Ac6/plugins/fr.ac6.mcu.externaltools.arm-none.linux64_1.17.0.201812190825/tools/compiler/bin/../lib/gcc/arm-none-eabi/7.3.1/thumb/v7e-m/fpv4-sp/hard/libgcc.a(_udivmoddi4.o)
 .ARM.attributes
                0x000000000000076f       0x22 /home/pvl/Privat/stm32/Ac6/plugins/fr.ac6.mcu.externaltools.arm-none.linux64_1.17.0.201812190825/tools/compiler/bin/../lib/gcc/arm-none-eabi/7.3.1/thumb/v7e-m/fpv4-sp/hard/libgcc.a(_dvmd_tls.o)
 .ARM.attributes
                0x0000000000000791       0x34 /home/pvl/Privat/stm32/Ac6/plugins/fr.ac6.mcu.externaltools.arm-none.linux64_1.17.0.201812190825/tools/compiler/bin/../lib/gcc/arm-none-eabi/7.3.1/../../../../arm-none-eabi/lib/thumb/v7e-m/fpv4-sp/hard/libc_nano.a(lib_a-init.o)
 .ARM.attributes
                0x00000000000007c5       0x34 /home/pvl/Privat/stm32/Ac6/plugins/fr.ac6.mcu.externaltools.arm-none.linux64_1.17.0.201812190825/tools/compiler/bin/../lib/gcc/arm-none-eabi/7.3.1/../../../../arm-none-eabi/lib/thumb/v7e-m/fpv4-sp/hard/libc_nano.a(lib_a-memset.o)
 .ARM.attributes
                0x00000000000007f9       0x22 /home/pvl/Privat/stm32/Ac6/plugins/fr.ac6.mcu.externaltools.arm-none.linux64_1.17.0.201812190825/tools/compiler/bin/../lib/gcc/arm-none-eabi/7.3.1/thumb/v7e-m/fpv4-sp/hard/crtn.o
OUTPUT(Frequency_generator.elf elf32-littlearm)

.debug_info     0x0000000000000000    0x25355
 .debug_info    0x0000000000000000     0x18f7 Core/Src/Boot.o
 .debug_info    0x00000000000018f7      0xb36 Core/Src/CanTx.o
 .debug_info    0x000000000000242d     0x10eb Core/Src/LUX.o
 .debug_info    0x0000000000003518     0x1d2a Core/Src/eeprom.o
 .debug_info    0x0000000000005242     0x1741 Core/Src/frequencyRead.o
 .debug_info    0x0000000000006983     0x10bb Core/Src/lm75.o
 .debug_info    0x0000000000007a3e     0x2df2 Core/Src/main.o
 .debug_info    0x000000000000a830     0x1ae5 Core/Src/pcf8563.o
 .debug_info    0x000000000000c315     0x2419 Core/Src/stm32l4xx_hal_msp.o
 .debug_info    0x000000000000e72e     0x111e Core/Src/stm32l4xx_it.o
 .debug_info    0x000000000000f84c      0x72d Core/Src/system_stm32l4xx.o
 .debug_info    0x000000000000ff79      0xdf1 Drivers/STM32L4xx_HAL_Driver/Src/stm32l4xx_hal.o
 .debug_info    0x0000000000010d6a     0x12bd Drivers/STM32L4xx_HAL_Driver/Src/stm32l4xx_hal_can.o
 .debug_info    0x0000000000012027     0x10d1 Drivers/STM32L4xx_HAL_Driver/Src/stm32l4xx_hal_cortex.o
 .debug_info    0x00000000000130f8      0x783 Drivers/STM32L4xx_HAL_Driver/Src/stm32l4xx_hal_crc.o
 .debug_info    0x000000000001387b      0x546 Drivers/STM32L4xx_HAL_Driver/Src/stm32l4xx_hal_crc_ex.o
 .debug_info    0x0000000000013dc1      0x987 Drivers/STM32L4xx_HAL_Driver/Src/stm32l4xx_hal_dma.o
 .debug_info    0x0000000000014748      0x9ca Drivers/STM32L4xx_HAL_Driver/Src/stm32l4xx_hal_gpio.o
 .debug_info    0x0000000000015112     0x3b4f Drivers/STM32L4xx_HAL_Driver/Src/stm32l4xx_hal_i2c.o
 .debug_info    0x0000000000018c61      0xb7b Drivers/STM32L4xx_HAL_Driver/Src/stm32l4xx_hal_i2c_ex.o
 .debug_info    0x00000000000197dc      0xaec Drivers/STM32L4xx_HAL_Driver/Src/stm32l4xx_hal_pwr.o
 .debug_info    0x000000000001a2c8      0xbad Drivers/STM32L4xx_HAL_Driver/Src/stm32l4xx_hal_pwr_ex.o
 .debug_info    0x000000000001ae75      0xf6d Drivers/STM32L4xx_HAL_Driver/Src/stm32l4xx_hal_rcc.o
 .debug_info    0x000000000001bde2     0x12d4 Drivers/STM32L4xx_HAL_Driver/Src/stm32l4xx_hal_rcc_ex.o
 .debug_info    0x000000000001d0b6     0x11ad Drivers/STM32L4xx_HAL_Driver/Src/stm32l4xx_hal_rtc.o
 .debug_info    0x000000000001e263     0x3807 Drivers/STM32L4xx_HAL_Driver/Src/stm32l4xx_hal_tim.o
 .debug_info    0x0000000000021a6a     0x1aa5 Drivers/STM32L4xx_HAL_Driver/Src/stm32l4xx_hal_tim_ex.o
 .debug_info    0x000000000002350f     0x1e24 Drivers/STM32L4xx_HAL_Driver/Src/stm32l4xx_hal_uart.o
 .debug_info    0x0000000000025333       0x22 startup/startup_stm32l476xx.o

.debug_abbrev   0x0000000000000000     0x3c7f
 .debug_abbrev  0x0000000000000000      0x267 Core/Src/Boot.o
 .debug_abbrev  0x0000000000000267      0x1c5 Core/Src/CanTx.o
 .debug_abbrev  0x000000000000042c      0x233 Core/Src/LUX.o
 .debug_abbrev  0x000000000000065f      0x287 Core/Src/eeprom.o
 .debug_abbrev  0x00000000000008e6      0x291 Core/Src/frequencyRead.o
 .debug_abbrev  0x0000000000000b77      0x233 Core/Src/lm75.o
 .debug_abbrev  0x0000000000000daa      0x2cc Core/Src/main.o
 .debug_abbrev  0x0000000000001076      0x274 Core/Src/pcf8563.o
 .debug_abbrev  0x00000000000012ea      0x26b Core/Src/stm32l4xx_hal_msp.o
 .debug_abbrev  0x0000000000001555      0x1d7 Core/Src/stm32l4xx_it.o
 .debug_abbrev  0x000000000000172c      0x150 Core/Src/system_stm32l4xx.o
 .debug_abbrev  0x000000000000187c      0x209 Drivers/STM32L4xx_HAL_Driver/Src/stm32l4xx_hal.o
 .debug_abbrev  0x0000000000001a85      0x27b Drivers/STM32L4xx_HAL_Driver/Src/stm32l4xx_hal_can.o
 .debug_abbrev  0x0000000000001d00      0x328 Drivers/STM32L4xx_HAL_Driver/Src/stm32l4xx_hal_cortex.o
 .debug_abbrev  0x0000000000002028      0x1f9 Drivers/STM32L4xx_HAL_Driver/Src/stm32l4xx_hal_crc.o
 .debug_abbrev  0x0000000000002221      0x165 Drivers/STM32L4xx_HAL_Driver/Src/stm32l4xx_hal_crc_ex.o
 .debug_abbrev  0x0000000000002386      0x233 Drivers/STM32L4xx_HAL_Driver/Src/stm32l4xx_hal_dma.o
 .debug_abbrev  0x00000000000025b9      0x1de Drivers/STM32L4xx_HAL_Driver/Src/stm32l4xx_hal_gpio.o
 .debug_abbrev  0x0000000000002797      0x25d Drivers/STM32L4xx_HAL_Driver/Src/stm32l4xx_hal_i2c.o
 .debug_abbrev  0x00000000000029f4      0x1b9 Drivers/STM32L4xx_HAL_Driver/Src/stm32l4xx_hal_i2c_ex.o
 .debug_abbrev  0x0000000000002bad      0x18d Drivers/STM32L4xx_HAL_Driver/Src/stm32l4xx_hal_pwr.o
 .debug_abbrev  0x0000000000002d3a      0x1f5 Drivers/STM32L4xx_HAL_Driver/Src/stm32l4xx_hal_pwr_ex.o
 .debug_abbrev  0x0000000000002f2f      0x21f Drivers/STM32L4xx_HAL_Driver/Src/stm32l4xx_hal_rcc.o
 .debug_abbrev  0x000000000000314e      0x24c Drivers/STM32L4xx_HAL_Driver/Src/stm32l4xx_hal_rcc_ex.o
 .debug_abbrev  0x000000000000339a      0x20b Drivers/STM32L4xx_HAL_Driver/Src/stm32l4xx_hal_rtc.o
 .debug_abbrev  0x00000000000035a5      0x235 Drivers/STM32L4xx_HAL_Driver/Src/stm32l4xx_hal_tim.o
 .debug_abbrev  0x00000000000037da      0x246 Drivers/STM32L4xx_HAL_Driver/Src/stm32l4xx_hal_tim_ex.o
 .debug_abbrev  0x0000000000003a20      0x24d Drivers/STM32L4xx_HAL_Driver/Src/stm32l4xx_hal_uart.o
 .debug_abbrev  0x0000000000003c6d       0x12 startup/startup_stm32l476xx.o

.debug_aranges  0x0000000000000000     0x1610
 .debug_aranges
                0x0000000000000000       0x38 Core/Src/Boot.o
 .debug_aranges
                0x0000000000000038       0x38 Core/Src/CanTx.o
 .debug_aranges
                0x0000000000000070       0x20 Core/Src/LUX.o
 .debug_aranges
                0x0000000000000090       0x38 Core/Src/eeprom.o
 .debug_aranges
                0x00000000000000c8       0x38 Core/Src/frequencyRead.o
 .debug_aranges
                0x0000000000000100       0x20 Core/Src/lm75.o
 .debug_aranges
                0x0000000000000120       0x88 Core/Src/main.o
 .debug_aranges
                0x00000000000001a8       0x38 Core/Src/pcf8563.o
 .debug_aranges
                0x00000000000001e0       0x88 Core/Src/stm32l4xx_hal_msp.o
 .debug_aranges
                0x0000000000000268       0xa8 Core/Src/stm32l4xx_it.o
 .debug_aranges
                0x0000000000000310       0x28 Core/Src/system_stm32l4xx.o
 .debug_aranges
                0x0000000000000338      0x130 Drivers/STM32L4xx_HAL_Driver/Src/stm32l4xx_hal.o
 .debug_aranges
                0x0000000000000468      0x138 Drivers/STM32L4xx_HAL_Driver/Src/stm32l4xx_hal_can.o
 .debug_aranges
                0x00000000000005a0       0xa8 Drivers/STM32L4xx_HAL_Driver/Src/stm32l4xx_hal_cortex.o
 .debug_aranges
                0x0000000000000648       0x60 Drivers/STM32L4xx_HAL_Driver/Src/stm32l4xx_hal_crc.o
 .debug_aranges
                0x00000000000006a8       0x30 Drivers/STM32L4xx_HAL_Driver/Src/stm32l4xx_hal_crc_ex.o
 .debug_aranges
                0x00000000000006d8       0x80 Drivers/STM32L4xx_HAL_Driver/Src/stm32l4xx_hal_dma.o
 .debug_aranges
                0x0000000000000758       0x58 Drivers/STM32L4xx_HAL_Driver/Src/stm32l4xx_hal_gpio.o
 .debug_aranges
                0x00000000000007b0      0x290 Drivers/STM32L4xx_HAL_Driver/Src/stm32l4xx_hal_i2c.o
 .debug_aranges
                0x0000000000000a40       0x48 Drivers/STM32L4xx_HAL_Driver/Src/stm32l4xx_hal_i2c_ex.o
 .debug_aranges
                0x0000000000000a88       0x98 Drivers/STM32L4xx_HAL_Driver/Src/stm32l4xx_hal_pwr.o
 .debug_aranges
                0x0000000000000b20      0x150 Drivers/STM32L4xx_HAL_Driver/Src/stm32l4xx_hal_pwr_ex.o
 .debug_aranges
                0x0000000000000c70       0x88 Drivers/STM32L4xx_HAL_Driver/Src/stm32l4xx_hal_rcc.o
 .debug_aranges
                0x0000000000000cf8       0xc0 Drivers/STM32L4xx_HAL_Driver/Src/stm32l4xx_hal_rcc_ex.o
 .debug_aranges
                0x0000000000000db8       0xc0 Drivers/STM32L4xx_HAL_Driver/Src/stm32l4xx_hal_rtc.o
 .debug_aranges
                0x0000000000000e78      0x3e0 Drivers/STM32L4xx_HAL_Driver/Src/stm32l4xx_hal_tim.o
 .debug_aranges
                0x0000000000001258      0x180 Drivers/STM32L4xx_HAL_Driver/Src/stm32l4xx_hal_tim_ex.o
 .debug_aranges
                0x00000000000013d8      0x210 Drivers/STM32L4xx_HAL_Driver/Src/stm32l4xx_hal_uart.o
 .debug_aranges
                0x00000000000015e8       0x28 startup/startup_stm32l476xx.o

.debug_ranges   0x0000000000000000     0x1558
 .debug_ranges  0x0000000000000000       0x28 Core/Src/Boot.o
 .debug_ranges  0x0000000000000028       0x28 Core/Src/CanTx.o
 .debug_ranges  0x0000000000000050       0x10 Core/Src/LUX.o
 .debug_ranges  0x0000000000000060       0x28 Core/Src/eeprom.o
 .debug_ranges  0x0000000000000088       0x58 Core/Src/frequencyRead.o
 .debug_ranges  0x00000000000000e0       0x10 Core/Src/lm75.o
 .debug_ranges  0x00000000000000f0       0x78 Core/Src/main.o
 .debug_ranges  0x0000000000000168       0x28 Core/Src/pcf8563.o
 .debug_ranges  0x0000000000000190       0x78 Core/Src/stm32l4xx_hal_msp.o
 .debug_ranges  0x0000000000000208       0x98 Core/Src/stm32l4xx_it.o
 .debug_ranges  0x00000000000002a0       0x18 Core/Src/system_stm32l4xx.o
 .debug_ranges  0x00000000000002b8      0x120 Drivers/STM32L4xx_HAL_Driver/Src/stm32l4xx_hal.o
 .debug_ranges  0x00000000000003d8      0x140 Drivers/STM32L4xx_HAL_Driver/Src/stm32l4xx_hal_can.o
 .debug_ranges  0x0000000000000518       0xf8 Drivers/STM32L4xx_HAL_Driver/Src/stm32l4xx_hal_cortex.o
 .debug_ranges  0x0000000000000610       0x50 Drivers/STM32L4xx_HAL_Driver/Src/stm32l4xx_hal_crc.o
 .debug_ranges  0x0000000000000660       0x20 Drivers/STM32L4xx_HAL_Driver/Src/stm32l4xx_hal_crc_ex.o
 .debug_ranges  0x0000000000000680       0x70 Drivers/STM32L4xx_HAL_Driver/Src/stm32l4xx_hal_dma.o
 .debug_ranges  0x00000000000006f0       0x48 Drivers/STM32L4xx_HAL_Driver/Src/stm32l4xx_hal_gpio.o
 .debug_ranges  0x0000000000000738      0x280 Drivers/STM32L4xx_HAL_Driver/Src/stm32l4xx_hal_i2c.o
 .debug_ranges  0x00000000000009b8       0x38 Drivers/STM32L4xx_HAL_Driver/Src/stm32l4xx_hal_i2c_ex.o
 .debug_ranges  0x00000000000009f0       0x88 Drivers/STM32L4xx_HAL_Driver/Src/stm32l4xx_hal_pwr.o
 .debug_ranges  0x0000000000000a78      0x140 Drivers/STM32L4xx_HAL_Driver/Src/stm32l4xx_hal_pwr_ex.o
 .debug_ranges  0x0000000000000bb8       0x90 Drivers/STM32L4xx_HAL_Driver/Src/stm32l4xx_hal_rcc.o
 .debug_ranges  0x0000000000000c48       0xd0 Drivers/STM32L4xx_HAL_Driver/Src/stm32l4xx_hal_rcc_ex.o
 .debug_ranges  0x0000000000000d18       0xe0 Drivers/STM32L4xx_HAL_Driver/Src/stm32l4xx_hal_rtc.o
 .debug_ranges  0x0000000000000df8      0x3d0 Drivers/STM32L4xx_HAL_Driver/Src/stm32l4xx_hal_tim.o
 .debug_ranges  0x00000000000011c8      0x170 Drivers/STM32L4xx_HAL_Driver/Src/stm32l4xx_hal_tim_ex.o
 .debug_ranges  0x0000000000001338      0x200 Drivers/STM32L4xx_HAL_Driver/Src/stm32l4xx_hal_uart.o
 .debug_ranges  0x0000000000001538       0x20 startup/startup_stm32l476xx.o

.debug_macro    0x0000000000000000    0x2a57c
 .debug_macro   0x0000000000000000      0x3df Core/Src/Boot.o
 .debug_macro   0x00000000000003df      0xa54 Core/Src/Boot.o
 .debug_macro   0x0000000000000e33      0x1bf Core/Src/Boot.o
 .debug_macro   0x0000000000000ff2       0x2e Core/Src/Boot.o
 .debug_macro   0x0000000000001020       0x28 Core/Src/Boot.o
 .debug_macro   0x0000000000001048       0x22 Core/Src/Boot.o
 .debug_macro   0x000000000000106a       0x8e Core/Src/Boot.o
 .debug_macro   0x00000000000010f8       0x51 Core/Src/Boot.o
 .debug_macro   0x0000000000001149       0xef Core/Src/Boot.o
 .debug_macro   0x0000000000001238       0x6a Core/Src/Boot.o
 .debug_macro   0x00000000000012a2      0x1df Core/Src/Boot.o
 .debug_macro   0x0000000000001481       0x1c Core/Src/Boot.o
 .debug_macro   0x000000000000149d       0x22 Core/Src/Boot.o
 .debug_macro   0x00000000000014bf      0x101 Core/Src/Boot.o
 .debug_macro   0x00000000000015c0     0x1011 Core/Src/Boot.o
 .debug_macro   0x00000000000025d1      0x11f Core/Src/Boot.o
 .debug_macro   0x00000000000026f0    0x1a13d Core/Src/Boot.o
 .debug_macro   0x000000000001c82d       0x43 Core/Src/Boot.o
 .debug_macro   0x000000000001c870     0x3890 Core/Src/Boot.o
 .debug_macro   0x0000000000020100      0x174 Core/Src/Boot.o
 .debug_macro   0x0000000000020274       0x5c Core/Src/Boot.o
 .debug_macro   0x00000000000202d0     0x155f Core/Src/Boot.o
 .debug_macro   0x000000000002182f      0x59e Core/Src/Boot.o
 .debug_macro   0x0000000000021dcd      0x13d Core/Src/Boot.o
 .debug_macro   0x0000000000021f0a      0x18b Core/Src/Boot.o
 .debug_macro   0x0000000000022095      0x26b Core/Src/Boot.o
 .debug_macro   0x0000000000022300      0x23d Core/Src/Boot.o
 .debug_macro   0x000000000002253d      0x408 Core/Src/Boot.o
 .debug_macro   0x0000000000022945       0xd5 Core/Src/Boot.o
 .debug_macro   0x0000000000022a1a       0x4c Core/Src/Boot.o
 .debug_macro   0x0000000000022a66      0x241 Core/Src/Boot.o
 .debug_macro   0x0000000000022ca7      0x37c Core/Src/Boot.o
 .debug_macro   0x0000000000023023       0xd6 Core/Src/Boot.o
 .debug_macro   0x00000000000230f9      0x22c Core/Src/Boot.o
 .debug_macro   0x0000000000023325       0x61 Core/Src/Boot.o
 .debug_macro   0x0000000000023386       0xa5 Core/Src/Boot.o
 .debug_macro   0x000000000002342b      0x122 Core/Src/Boot.o
 .debug_macro   0x000000000002354d      0x3e9 Core/Src/Boot.o
 .debug_macro   0x0000000000023936      0x31a Core/Src/Boot.o
 .debug_macro   0x0000000000023c50      0x4fb Core/Src/Boot.o
 .debug_macro   0x000000000002414b       0xe4 Core/Src/Boot.o
 .debug_macro   0x000000000002422f      0xa75 Core/Src/Boot.o
 .debug_macro   0x0000000000024ca4      0x1e7 Core/Src/Boot.o
 .debug_macro   0x0000000000024e8b      0x59e Core/Src/Boot.o
 .debug_macro   0x0000000000025429       0x44 Core/Src/Boot.o
 .debug_macro   0x000000000002546d      0x331 Core/Src/Boot.o
 .debug_macro   0x000000000002579e       0x5e Core/Src/Boot.o
 .debug_macro   0x00000000000257fc       0x18 Core/Src/Boot.o
 .debug_macro   0x0000000000025814       0x35 Core/Src/Boot.o
 .debug_macro   0x0000000000025849       0x34 Core/Src/Boot.o
 .debug_macro   0x000000000002587d       0x58 Core/Src/Boot.o
 .debug_macro   0x00000000000258d5       0x1f Core/Src/Boot.o
 .debug_macro   0x00000000000258f4       0x43 Core/Src/Boot.o
 .debug_macro   0x0000000000025937       0x20 Core/Src/Boot.o
 .debug_macro   0x0000000000025957      0x18e Core/Src/Boot.o
 .debug_macro   0x0000000000025ae5      0x32a Core/Src/Boot.o
 .debug_macro   0x0000000000025e0f       0x10 Core/Src/Boot.o
 .debug_macro   0x0000000000025e1f       0x35 Core/Src/Boot.o
 .debug_macro   0x0000000000025e54       0x1c Core/Src/Boot.o
 .debug_macro   0x0000000000025e70       0x10 Core/Src/Boot.o
 .debug_macro   0x0000000000025e80       0x10 Core/Src/Boot.o
 .debug_macro   0x0000000000025e90       0x1c Core/Src/Boot.o
 .debug_macro   0x0000000000025eac       0x52 Core/Src/Boot.o
 .debug_macro   0x0000000000025efe       0x40 Core/Src/Boot.o
 .debug_macro   0x0000000000025f3e       0x10 Core/Src/Boot.o
 .debug_macro   0x0000000000025f4e       0x40 Core/Src/Boot.o
 .debug_macro   0x0000000000025f8e       0xd7 Core/Src/Boot.o
 .debug_macro   0x0000000000026065       0x1c Core/Src/Boot.o
 .debug_macro   0x0000000000026081       0x3d Core/Src/Boot.o
 .debug_macro   0x00000000000260be       0x16 Core/Src/Boot.o
 .debug_macro   0x00000000000260d4      0x16f Core/Src/Boot.o
 .debug_macro   0x0000000000026243       0x1c Core/Src/Boot.o
 .debug_macro   0x000000000002625f       0x16 Core/Src/Boot.o
 .debug_macro   0x0000000000026275       0x16 Core/Src/Boot.o
 .debug_macro   0x000000000002628b       0x10 Core/Src/Boot.o
 .debug_macro   0x000000000002629b       0x2e Core/Src/Boot.o
 .debug_macro   0x00000000000262c9       0x22 Core/Src/Boot.o
 .debug_macro   0x00000000000262eb      0x21d Core/Src/CanTx.o
 .debug_macro   0x0000000000026508      0x3ae Core/Src/LUX.o
 .debug_macro   0x00000000000268b6       0x16 Core/Src/LUX.o
 .debug_macro   0x00000000000268cc       0x16 Core/Src/LUX.o
 .debug_macro   0x00000000000268e2       0x10 Core/Src/LUX.o
 .debug_macro   0x00000000000268f2      0x3a1 Core/Src/eeprom.o
 .debug_macro   0x0000000000026c93      0x3ae Core/Src/frequencyRead.o
 .debug_macro   0x0000000000027041      0x3a0 Core/Src/lm75.o
 .debug_macro   0x00000000000273e1       0x10 Core/Src/lm75.o
 .debug_macro   0x00000000000273f1      0x21a Core/Src/main.o
 .debug_macro   0x000000000002760b      0x3aa Core/Src/pcf8563.o
 .debug_macro   0x00000000000279b5       0x28 Core/Src/pcf8563.o
 .debug_macro   0x00000000000279dd      0x21a Core/Src/stm32l4xx_hal_msp.o
 .debug_macro   0x0000000000027bf7      0x224 Core/Src/stm32l4xx_it.o
 .debug_macro   0x0000000000027e1b      0x216 Core/Src/system_stm32l4xx.o
 .debug_macro   0x0000000000028031      0x25e Drivers/STM32L4xx_HAL_Driver/Src/stm32l4xx_hal.o
 .debug_macro   0x000000000002828f      0x218 Drivers/STM32L4xx_HAL_Driver/Src/stm32l4xx_hal_can.o
 .debug_macro   0x00000000000284a7      0x210 Drivers/STM32L4xx_HAL_Driver/Src/stm32l4xx_hal_cortex.o
 .debug_macro   0x00000000000286b7      0x210 Drivers/STM32L4xx_HAL_Driver/Src/stm32l4xx_hal_crc.o
 .debug_macro   0x00000000000288c7      0x210 Drivers/STM32L4xx_HAL_Driver/Src/stm32l4xx_hal_crc_ex.o
 .debug_macro   0x0000000000028ad7      0x210 Drivers/STM32L4xx_HAL_Driver/Src/stm32l4xx_hal_dma.o
 .debug_macro   0x0000000000028ce7      0x24f Drivers/STM32L4xx_HAL_Driver/Src/stm32l4xx_hal_gpio.o
 .debug_macro   0x0000000000028f36      0x2d5 Drivers/STM32L4xx_HAL_Driver/Src/stm32l4xx_hal_i2c.o
 .debug_macro   0x000000000002920b      0x210 Drivers/STM32L4xx_HAL_Driver/Src/stm32l4xx_hal_i2c_ex.o
 .debug_macro   0x000000000002941b      0x228 Drivers/STM32L4xx_HAL_Driver/Src/stm32l4xx_hal_pwr.o
 .debug_macro   0x0000000000029643      0x234 Drivers/STM32L4xx_HAL_Driver/Src/stm32l4xx_hal_pwr_ex.o
 .debug_macro   0x0000000000029877      0x252 Drivers/STM32L4xx_HAL_Driver/Src/stm32l4xx_hal_rcc.o
 .debug_macro   0x0000000000029ac9      0x246 Drivers/STM32L4xx_HAL_Driver/Src/stm32l4xx_hal_rcc_ex.o
 .debug_macro   0x0000000000029d0f      0x211 Drivers/STM32L4xx_HAL_Driver/Src/stm32l4xx_hal_rtc.o
 .debug_macro   0x0000000000029f20      0x211 Drivers/STM32L4xx_HAL_Driver/Src/stm32l4xx_hal_tim.o
 .debug_macro   0x000000000002a131      0x210 Drivers/STM32L4xx_HAL_Driver/Src/stm32l4xx_hal_tim_ex.o
 .debug_macro   0x000000000002a341      0x23b Drivers/STM32L4xx_HAL_Driver/Src/stm32l4xx_hal_uart.o

.debug_line     0x0000000000000000    0x15fb7
 .debug_line    0x0000000000000000      0x9e7 Core/Src/Boot.o
 .debug_line    0x00000000000009e7      0x834 Core/Src/CanTx.o
 .debug_line    0x000000000000121b      0x91b Core/Src/LUX.o
 .debug_line    0x0000000000001b36      0xa0d Core/Src/eeprom.o
 .debug_line    0x0000000000002543      0xaab Core/Src/frequencyRead.o
 .debug_line    0x0000000000002fee      0x908 Core/Src/lm75.o
 .debug_line    0x00000000000038f6      0x9de Core/Src/main.o
 .debug_line    0x00000000000042d4      0x963 Core/Src/pcf8563.o
 .debug_line    0x0000000000004c37      0x9a4 Core/Src/stm32l4xx_hal_msp.o
 .debug_line    0x00000000000055db      0x8f8 Core/Src/stm32l4xx_it.o
 .debug_line    0x0000000000005ed3      0x7ff Core/Src/system_stm32l4xx.o
 .debug_line    0x00000000000066d2      0xa69 Drivers/STM32L4xx_HAL_Driver/Src/stm32l4xx_hal.o
 .debug_line    0x000000000000713b      0xcb7 Drivers/STM32L4xx_HAL_Driver/Src/stm32l4xx_hal_can.o
 .debug_line    0x0000000000007df2      0xa17 Drivers/STM32L4xx_HAL_Driver/Src/stm32l4xx_hal_cortex.o
 .debug_line    0x0000000000008809      0x943 Drivers/STM32L4xx_HAL_Driver/Src/stm32l4xx_hal_crc.o
 .debug_line    0x000000000000914c      0x81e Drivers/STM32L4xx_HAL_Driver/Src/stm32l4xx_hal_crc_ex.o
 .debug_line    0x000000000000996a      0xa3d Drivers/STM32L4xx_HAL_Driver/Src/stm32l4xx_hal_dma.o
 .debug_line    0x000000000000a3a7      0x940 Drivers/STM32L4xx_HAL_Driver/Src/stm32l4xx_hal_gpio.o
 .debug_line    0x000000000000ace7     0x1c68 Drivers/STM32L4xx_HAL_Driver/Src/stm32l4xx_hal_i2c.o
 .debug_line    0x000000000000c94f      0x90b Drivers/STM32L4xx_HAL_Driver/Src/stm32l4xx_hal_i2c_ex.o
 .debug_line    0x000000000000d25a      0x907 Drivers/STM32L4xx_HAL_Driver/Src/stm32l4xx_hal_pwr.o
 .debug_line    0x000000000000db61      0xc3b Drivers/STM32L4xx_HAL_Driver/Src/stm32l4xx_hal_pwr_ex.o
 .debug_line    0x000000000000e79c      0xb71 Drivers/STM32L4xx_HAL_Driver/Src/stm32l4xx_hal_rcc.o
 .debug_line    0x000000000000f30d      0xde2 Drivers/STM32L4xx_HAL_Driver/Src/stm32l4xx_hal_rcc_ex.o
 .debug_line    0x00000000000100ef      0xb8a Drivers/STM32L4xx_HAL_Driver/Src/stm32l4xx_hal_rtc.o
 .debug_line    0x0000000000010c79     0x28ed Drivers/STM32L4xx_HAL_Driver/Src/stm32l4xx_hal_tim.o
 .debug_line    0x0000000000013566     0x1616 Drivers/STM32L4xx_HAL_Driver/Src/stm32l4xx_hal_tim_ex.o
 .debug_line    0x0000000000014b7c     0x13bb Drivers/STM32L4xx_HAL_Driver/Src/stm32l4xx_hal_uart.o
 .debug_line    0x0000000000015f37       0x80 startup/startup_stm32l476xx.o

.debug_str      0x0000000000000000    0xfe868
 .debug_str     0x0000000000000000    0xf80ae Core/Src/Boot.o
                                      0xf843a (size before relaxing)
 .debug_str     0x00000000000f80ae      0x469 Core/Src/CanTx.o
                                      0xf40d0 (size before relaxing)
 .debug_str     0x00000000000f8517      0x2c5 Core/Src/LUX.o
                                      0xf7e56 (size before relaxing)
 .debug_str     0x00000000000f87dc       0x70 Core/Src/eeprom.o
                                      0xf806e (size before relaxing)
 .debug_str     0x00000000000f884c      0x3af Core/Src/frequencyRead.o
                                      0xf81bd (size before relaxing)
 .debug_str     0x00000000000f8bfb       0x2c Core/Src/lm75.o
                                      0xf7e46 (size before relaxing)
 .debug_str     0x00000000000f8c27      0xe44 Core/Src/main.o
                                      0xf5b6d (size before relaxing)
 .debug_str     0x00000000000f9a6b       0x98 Core/Src/pcf8563.o
                                      0xf833f (size before relaxing)
 .debug_str     0x00000000000f9b03      0x159 Core/Src/stm32l4xx_hal_msp.o
                                      0xf5300 (size before relaxing)
 .debug_str     0x00000000000f9c5c      0x1ec Core/Src/stm32l4xx_it.o
                                      0xf47ad (size before relaxing)
 .debug_str     0x00000000000f9e48       0xcd Core/Src/system_stm32l4xx.o
                                      0xf3d64 (size before relaxing)
 .debug_str     0x00000000000f9f15      0x626 Drivers/STM32L4xx_HAL_Driver/Src/stm32l4xx_hal.o
                                      0xf48f9 (size before relaxing)
 .debug_str     0x00000000000fa53b      0x3d2 Drivers/STM32L4xx_HAL_Driver/Src/stm32l4xx_hal_can.o
                                      0xf4407 (size before relaxing)
 .debug_str     0x00000000000fa90d      0x318 Drivers/STM32L4xx_HAL_Driver/Src/stm32l4xx_hal_cortex.o
                                      0xf45b8 (size before relaxing)
 .debug_str     0x00000000000fac25       0xb4 Drivers/STM32L4xx_HAL_Driver/Src/stm32l4xx_hal_crc.o
                                      0xf3e13 (size before relaxing)
 .debug_str     0x00000000000facd9       0x69 Drivers/STM32L4xx_HAL_Driver/Src/stm32l4xx_hal_crc_ex.o
                                      0xf3dcd (size before relaxing)
 .debug_str     0x00000000000fad42      0x224 Drivers/STM32L4xx_HAL_Driver/Src/stm32l4xx_hal_dma.o
                                      0xf3fc8 (size before relaxing)
 .debug_str     0x00000000000faf66      0x1f3 Drivers/STM32L4xx_HAL_Driver/Src/stm32l4xx_hal_gpio.o
                                      0xf3fe3 (size before relaxing)
 .debug_str     0x00000000000fb159      0xcaf Drivers/STM32L4xx_HAL_Driver/Src/stm32l4xx_hal_i2c.o
                                      0xf4eb4 (size before relaxing)
 .debug_str     0x00000000000fbe08       0xb8 Drivers/STM32L4xx_HAL_Driver/Src/stm32l4xx_hal_i2c_ex.o
                                      0xf426d (size before relaxing)
 .debug_str     0x00000000000fbec0      0x34b Drivers/STM32L4xx_HAL_Driver/Src/stm32l4xx_hal_pwr.o
                                      0xf40ee (size before relaxing)
 .debug_str     0x00000000000fc20b      0x3ab Drivers/STM32L4xx_HAL_Driver/Src/stm32l4xx_hal_pwr_ex.o
                                      0xf4293 (size before relaxing)
 .debug_str     0x00000000000fc5b6      0x31d Drivers/STM32L4xx_HAL_Driver/Src/stm32l4xx_hal_rcc.o
                                      0xf4367 (size before relaxing)
 .debug_str     0x00000000000fc8d3      0x38c Drivers/STM32L4xx_HAL_Driver/Src/stm32l4xx_hal_rcc_ex.o
                                      0xf4546 (size before relaxing)
 .debug_str     0x00000000000fcc5f      0x1f2 Drivers/STM32L4xx_HAL_Driver/Src/stm32l4xx_hal_rtc.o
                                      0xf415a (size before relaxing)
 .debug_str     0x00000000000fce51      0xce1 Drivers/STM32L4xx_HAL_Driver/Src/stm32l4xx_hal_tim.o
                                      0xf5058 (size before relaxing)
 .debug_str     0x00000000000fdb32      0x4ee Drivers/STM32L4xx_HAL_Driver/Src/stm32l4xx_hal_tim_ex.o
                                      0xf4983 (size before relaxing)
 .debug_str     0x00000000000fe020      0x819 Drivers/STM32L4xx_HAL_Driver/Src/stm32l4xx_hal_uart.o
                                      0xf49c4 (size before relaxing)
 .debug_str     0x00000000000fe839       0x2f startup/startup_stm32l476xx.o
                                         0x6b (size before relaxing)

.comment        0x0000000000000000       0x7f
 .comment       0x0000000000000000       0x7f Core/Src/Boot.o
                                         0x80 (size before relaxing)
 .comment       0x000000000000007f       0x80 Core/Src/CanTx.o
 .comment       0x000000000000007f       0x80 Core/Src/LUX.o
 .comment       0x000000000000007f       0x80 Core/Src/eeprom.o
 .comment       0x000000000000007f       0x80 Core/Src/frequencyRead.o
 .comment       0x000000000000007f       0x80 Core/Src/lm75.o
 .comment       0x000000000000007f       0x80 Core/Src/main.o
 .comment       0x000000000000007f       0x80 Core/Src/pcf8563.o
 .comment       0x000000000000007f       0x80 Core/Src/stm32l4xx_hal_msp.o
 .comment       0x000000000000007f       0x80 Core/Src/stm32l4xx_it.o
 .comment       0x000000000000007f       0x80 Core/Src/system_stm32l4xx.o
 .comment       0x000000000000007f       0x80 Drivers/STM32L4xx_HAL_Driver/Src/stm32l4xx_hal.o