Archive member included to satisfy reference by file (symbol)

/home/pvl/Privat/stm32/Ac6/plugins/fr.ac6.mcu.externaltools.arm-none.linux64_1.17.0.201812190825/tools/compiler/bin/../lib/gcc/arm-none-eabi/7.3.1/thumb/v7e-m/fpv4-sp/hard/libgcc.a(_aeabi_uldivmod.o)
                              Drivers/STM32L4xx_HAL_Driver/Src/stm32l4xx_hal_uart.o (__aeabi_uldivmod)
/home/pvl/Privat/stm32/Ac6/plugins/fr.ac6.mcu.externaltools.arm-none.linux64_1.17.0.201812190825/tools/compiler/bin/../lib/gcc/arm-none-eabi/7.3.1/thumb/v7e-m/fpv4-sp/hard/libgcc.a(_udivmoddi4.o)
                              /home/pvl/Privat/stm32/Ac6/plugins/fr.ac6.mcu.externaltools.arm-none.linux64_1.17.0.201812190825/tools/compiler/bin/../lib/gcc/arm-none-eabi/7.3.1/thumb/v7e-m/fpv4-sp/hard/libgcc.a(_aeabi_uldivmod.o) (__udivmoddi4)
/home/pvl/Privat/stm32/Ac6/plugins/fr.ac6.mcu.externaltools.arm-none.linux64_1.17.0.201812190825/tools/compiler/bin/../lib/gcc/arm-none-eabi/7.3.1/thumb/v7e-m/fpv4-sp/hard/libgcc.a(_dvmd_tls.o)
                              /home/pvl/Privat/stm32/Ac6/plugins/fr.ac6.mcu.externaltools.arm-none.linux64_1.17.0.201812190825/tools/compiler/bin/../lib/gcc/arm-none-eabi/7.3.1/thumb/v7e-m/fpv4-sp/hard/libgcc.a(_aeabi_uldivmod.o) (__aeabi_ldiv0)
/home/pvl/Privat/stm32/Ac6/plugins/fr.ac6.mcu.externaltools.arm-none.linux64_1.17.0.201812190825/tools/compiler/bin/../lib/gcc/arm-none-eabi/7.3.1/../../../../arm-none-eabi/lib/thumb/v7e-m/fpv4-sp/hard/libc_nano.a(lib_a-errno.o)
                              Core/Src/syscalls.o (__errno)
/home/pvl/Privat/stm32/Ac6/plugins/fr.ac6.mcu.externaltools.arm-none.linux64_1.17.0.201812190825/tools/compiler/bin/../lib/gcc/arm-none-eabi/7.3.1/../../../../arm-none-eabi/lib/thumb/v7e-m/fpv4-sp/hard/libc_nano.a(lib_a-exit.o)
                              /home/pvl/Privat/stm32/Ac6/plugins/fr.ac6.mcu.externaltools.arm-none.linux64_1.17.0.201812190825/tools/compiler/bin/../lib/gcc/arm-none-eabi/7.3.1/../../../../arm-none-eabi/lib/thumb/v7e-m/fpv4-sp/hard/crt0.o (exit)
/home/pvl/Privat/stm32/Ac6/plugins/fr.ac6.mcu.externaltools.arm-none.linux64_1.17.0.201812190825/tools/compiler/bin/../lib/gcc/arm-none-eabi/7.3.1/../../../../arm-none-eabi/lib/thumb/v7e-m/fpv4-sp/hard/libc_nano.a(lib_a-impure.o)
                              /home/pvl/Privat/stm32/Ac6/plugins/fr.ac6.mcu.externaltools.arm-none.linux64_1.17.0.201812190825/tools/compiler/bin/../lib/gcc/arm-none-eabi/7.3.1/../../../../arm-none-eabi/lib/thumb/v7e-m/fpv4-sp/hard/libc_nano.a(lib_a-exit.o) (_global_impure_ptr)
/home/pvl/Privat/stm32/Ac6/plugins/fr.ac6.mcu.externaltools.arm-none.linux64_1.17.0.201812190825/tools/compiler/bin/../lib/gcc/arm-none-eabi/7.3.1/../../../../arm-none-eabi/lib/thumb/v7e-m/fpv4-sp/hard/libc_nano.a(lib_a-init.o)
                              /home/pvl/Privat/stm32/Ac6/plugins/fr.ac6.mcu.externaltools.arm-none.linux64_1.17.0.201812190825/tools/compiler/bin/../lib/gcc/arm-none-eabi/7.3.1/../../../../arm-none-eabi/lib/thumb/v7e-m/fpv4-sp/hard/crt0.o (__libc_init_array)
/home/pvl/Privat/stm32/Ac6/plugins/fr.ac6.mcu.externaltools.arm-none.linux64_1.17.0.201812190825/tools/compiler/bin/../lib/gcc/arm-none-eabi/7.3.1/../../../../arm-none-eabi/lib/thumb/v7e-m/fpv4-sp/hard/libc_nano.a(lib_a-memset.o)
                              /home/pvl/Privat/stm32/Ac6/plugins/fr.ac6.mcu.externaltools.arm-none.linux64_1.17.0.201812190825/tools/compiler/bin/../lib/gcc/arm-none-eabi/7.3.1/../../../../arm-none-eabi/lib/thumb/v7e-m/fpv4-sp/hard/crt0.o (memset)
/home/pvl/Privat/stm32/Ac6/plugins/fr.ac6.mcu.externaltools.arm-none.linux64_1.17.0.201812190825/tools/compiler/bin/../lib/gcc/arm-none-eabi/7.3.1/../../../../arm-none-eabi/lib/thumb/v7e-m/fpv4-sp/hard/libc_nano.a(lib_a-sprintf.o)
                              Core/Src/eeprom.o (sprintf)
/home/pvl/Privat/stm32/Ac6/plugins/fr.ac6.mcu.externaltools.arm-none.linux64_1.17.0.201812190825/tools/compiler/bin/../lib/gcc/arm-none-eabi/7.3.1/../../../../arm-none-eabi/lib/thumb/v7e-m/fpv4-sp/hard/libc_nano.a(lib_a-nano-svfprintf.o)
                              /home/pvl/Privat/stm32/Ac6/plugins/fr.ac6.mcu.externaltools.arm-none.linux64_1.17.0.201812190825/tools/compiler/bin/../lib/gcc/arm-none-eabi/7.3.1/../../../../arm-none-eabi/lib/thumb/v7e-m/fpv4-sp/hard/libc_nano.a(lib_a-sprintf.o) (_svfprintf_r)
/home/pvl/Privat/stm32/Ac6/plugins/fr.ac6.mcu.externaltools.arm-none.linux64_1.17.0.201812190825/tools/compiler/bin/../lib/gcc/arm-none-eabi/7.3.1/../../../../arm-none-eabi/lib/thumb/v7e-m/fpv4-sp/hard/libc_nano.a(lib_a-nano-vfprintf_i.o)
                              /home/pvl/Privat/stm32/Ac6/plugins/fr.ac6.mcu.externaltools.arm-none.linux64_1.17.0.201812190825/tools/compiler/bin/../lib/gcc/arm-none-eabi/7.3.1/../../../../arm-none-eabi/lib/thumb/v7e-m/fpv4-sp/hard/libc_nano.a(lib_a-nano-svfprintf.o) (_printf_i)
[...]
Memory Configuration

Name             Origin             Length             Attributes
RAM              0x0000000020000000 0x0000000000018000 xrw
RAM2             0x0000000010000000 0x0000000000008000 xrw
FLASH            0x0000000008000000 0x0000000000100000 xr
*default*        0x0000000000000000 0xffffffffffffffff

Linker script and memory map

LOAD /home/pvl/Privat/stm32/Ac6/plugins/fr.ac6.mcu.externaltools.arm-none.linux64_1.17.0.201812190825/tools/compiler/bin/../lib/gcc/arm-none-eabi/7.3.1/thumb/v7e-m/fpv4-sp/hard/crti.o
LOAD /home/pvl/Privat/stm32/Ac6/plugins/fr.ac6.mcu.externaltools.arm-none.linux64_1.17.0.201812190825/tools/compiler/bin/../lib/gcc/arm-none-eabi/7.3.1/thumb/v7e-m/fpv4-sp/hard/crtbegin.o
LOAD /home/pvl/Privat/stm32/Ac6/plugins/fr.ac6.mcu.externaltools.arm-none.linux64_1.17.0.201812190825/tools/compiler/bin/../lib/gcc/arm-none-eabi/7.3.1/../../../../arm-none-eabi/lib/thumb/v7e-m/fpv4-sp/hard/crt0.o
LOAD Core/Src/eeprom.o
LOAD Core/Src/main.o
LOAD Core/Src/stm32l4xx_hal_msp.o
LOAD Core/Src/stm32l4xx_it.o
LOAD Core/Src/syscalls.o
LOAD Core/Src/system_stm32l4xx.o
LOAD Drivers/STM32L4xx_HAL_Driver/Src/stm32l4xx_hal.o
LOAD Drivers/STM32L4xx_HAL_Driver/Src/stm32l4xx_hal_cortex.o
LOAD Drivers/STM32L4xx_HAL_Driver/Src/stm32l4xx_hal_dma.o
LOAD Drivers/STM32L4xx_HAL_Driver/Src/stm32l4xx_hal_dma_ex.o
LOAD Drivers/STM32L4xx_HAL_Driver/Src/stm32l4xx_hal_exti.o
LOAD Drivers/STM32L4xx_HAL_Driver/Src/stm32l4xx_hal_flash.o
LOAD Drivers/STM32L4xx_HAL_Driver/Src/stm32l4xx_hal_flash_ex.o
LOAD Drivers/STM32L4xx_HAL_Driver/Src/stm32l4xx_hal_flash_ramfunc.o
LOAD Drivers/STM32L4xx_HAL_Driver/Src/stm32l4xx_hal_gpio.o
LOAD Drivers/STM32L4xx_HAL_Driver/Src/stm32l4xx_hal_i2c.o
LOAD Drivers/STM32L4xx_HAL_Driver/Src/stm32l4xx_hal_i2c_ex.o
LOAD Drivers/STM32L4xx_HAL_Driver/Src/stm32l4xx_hal_pwr.o
LOAD Drivers/STM32L4xx_HAL_Driver/Src/stm32l4xx_hal_pwr_ex.o
LOAD Drivers/STM32L4xx_HAL_Driver/Src/stm32l4xx_hal_rcc.o
LOAD Drivers/STM32L4xx_HAL_Driver/Src/stm32l4xx_hal_rcc_ex.o
LOAD Drivers/STM32L4xx_HAL_Driver/Src/stm32l4xx_hal_tim.o
LOAD Drivers/STM32L4xx_HAL_Driver/Src/stm32l4xx_hal_tim_ex.o
LOAD Drivers/STM32L4xx_HAL_Driver/Src/stm32l4xx_hal_uart.o
LOAD Drivers/STM32L4xx_HAL_Driver/Src/stm32l4xx_hal_uart_ex.o
LOAD startup/startup_stm32l476xx.o
LOAD /home/pvl/Privat/stm32/Ac6/plugins/fr.ac6.mcu.externaltools.arm-none.linux64_1.17.0.201812190825/tools/compiler/bin/../lib/gcc/arm-none-eabi/7.3.1/../../../../arm-none-eabi/lib/thumb/v7e-m/fpv4-sp/hard/libm.a
START GROUP
LOAD /home/pvl/Privat/stm32/Ac6/plugins/fr.ac6.mcu.externaltools.arm-none.linux64_1.17.0.201812190825/tools/compiler/bin/../lib/gcc/arm-none-eabi/7.3.1/thumb/v7e-m/fpv4-sp/hard/libgcc.a
LOAD /home/pvl/Privat/stm32/Ac6/plugins/fr.ac6.mcu.externaltools.arm-none.linux64_1.17.0.201812190825/tools/compiler/bin/../lib/gcc/arm-none-eabi/7.3.1/../../../../arm-none-eabi/lib/thumb/v7e-m/fpv4-sp/hard/libc_nano.a
END GROUP
START GROUP
LOAD /home/pvl/Privat/stm32/Ac6/plugins/fr.ac6.mcu.externaltools.arm-none.linux64_1.17.0.201812190825/tools/compiler/bin/../lib/gcc/arm-none-eabi/7.3.1/thumb/v7e-m/fpv4-sp/hard/libgcc.a
LOAD /home/pvl/Privat/stm32/Ac6/plugins/fr.ac6.mcu.externaltools.arm-none.linux64_1.17.0.201812190825/tools/compiler/bin/../lib/gcc/arm-none-eabi/7.3.1/../../../../arm-none-eabi/lib/thumb/v7e-m/fpv4-sp/hard/libc_nano.a
LOAD /home/pvl/Privat/stm32/Ac6/plugins/fr.ac6.mcu.externaltools.arm-none.linux64_1.17.0.201812190825/tools/compiler/bin/../lib/gcc/arm-none-eabi/7.3.1/../../../../arm-none-eabi/lib/thumb/v7e-m/fpv4-sp/hard/libnosys.a
END GROUP
START GROUP
LOAD /home/pvl/Privat/stm32/Ac6/plugins/fr.ac6.mcu.externaltools.arm-none.linux64_1.17.0.201812190825/tools/compiler/bin/../lib/gcc/arm-none-eabi/7.3.1/thumb/v7e-m/fpv4-sp/hard/libgcc.a
LOAD /home/pvl/Privat/stm32/Ac6/plugins/fr.ac6.mcu.externaltools.arm-none.linux64_1.17.0.201812190825/tools/compiler/bin/../lib/gcc/arm-none-eabi/7.3.1/../../../../arm-none-eabi/lib/thumb/v7e-m/fpv4-sp/hard/libc_nano.a
LOAD /home/pvl/Privat/stm32/Ac6/plugins/fr.ac6.mcu.externaltools.arm-none.linux64_1.17.0.201812190825/tools/compiler/bin/../lib/gcc/arm-none-eabi/7.3.1/../../../../arm-none-eabi/lib/thumb/v7e-m/fpv4-sp/hard/libnosys.a
END GROUP
LOAD /home/pvl/Privat/stm32/Ac6/plugins/fr.ac6.mcu.externaltools.arm-none.linux64_1.17.0.201812190825/tools/compiler/bin/../lib/gcc/arm-none-eabi/7.3.1/thumb/v7e-m/fpv4-sp/hard/crtend.o
LOAD /home/pvl/Privat/stm32/Ac6/plugins/fr.ac6.mcu.externaltools.arm-none.linux64_1.17.0.201812190825/tools/compiler/bin/../lib/gcc/arm-none-eabi/7.3.1/thumb/v7e-m/fpv4-sp/hard/crtn.o
                0x0000000020018000                _estack = 0x20018000
                0x0000000000000200                _Min_Heap_Size = 0x200
                0x0000000000000400                _Min_Stack_Size = 0x400

.isr_vector     0x0000000008000000      0x188
                0x0000000008000000                . = ALIGN (0x8)
 *(.isr_vector)
 .isr_vector    0x0000000008000000      0x188 startup/startup_stm32l476xx.o
                0x0000000008000000                g_pfnVectors
                0x0000000008000188                . = ALIGN (0x8)

.text           0x0000000008000190     0x33a0
                0x0000000008000190                . = ALIGN (0x8)
 *(.text)
 .text          0x0000000008000190       0x40 /home/pvl/Privat/stm32/Ac6/plugins/fr.ac6.mcu.externaltools.arm-none.linux64_1.17.0.201812190825/tools/compiler/bin/../lib/gcc/arm-none-eabi/7.3.1/thumb/v7e-m/fpv4-sp/hard/crtbegin.o
 .text          0x00000000080001d0       0x30 /home/pvl/Privat/stm32/Ac6/plugins/fr.ac6.mcu.externaltools.arm-none.linux64_1.17.0.201812190825/tools/compiler/bin/../lib/gcc/arm-none-eabi/7.3.1/thumb/v7e-m/fpv4-sp/hard/libgcc.a(_aeabi_uldivmod.o)
                0x00000000080001d0                __aeabi_uldivmod
 .text          0x0000000008000200      0x2cc /home/pvl/Privat/stm32/Ac6/plugins/fr.ac6.mcu.externaltools.arm-none.linux64_1.17.0.201812190825/tools/compiler/bin/../lib/gcc/arm-none-eabi/7.3.1/thumb/v7e-m/fpv4-sp/hard/libgcc.a(_udivmoddi4.o)
                0x0000000008000200                __udivmoddi4
 .text          0x00000000080004cc        0x4 /home/pvl/Privat/stm32/Ac6/plugins/fr.ac6.mcu.externaltools.arm-none.linux64_1.17.0.201812190825/tools/compiler/bin/../lib/gcc/arm-none-eabi/7.3.1/thumb/v7e-m/fpv4-sp/hard/libgcc.a(_dvmd_tls.o)
                0x00000000080004cc                __aeabi_ldiv0
                0x00000000080004cc                __aeabi_idiv0
 .text          0x00000000080004d0       0xa0 /home/pvl/Privat/stm32/Ac6/plugins/fr.ac6.mcu.externaltools.arm-none.linux64_1.17.0.201812190825/tools/compiler/bin/../lib/gcc/arm-none-eabi/7.3.1/../../../../arm-none-eabi/lib/thumb/v7e-m/fpv4-sp/hard/libc_nano.a(lib_a-memchr.o)
                0x00000000080004d0                memchr
 *(.text*)
 .text.eeprom_Write
                0x0000000008000570       0x30 Core/Src/eeprom.o
                0x0000000008000570                eeprom_Write
 .text.eeprom_Read
                0x00000000080005a0       0x54 Core/Src/eeprom.o
                0x00000000080005a0                eeprom_Read
 .text.WriteArray
                0x00000000080005f4       0x5c Core/Src/eeprom.o
                0x00000000080005f4                WriteArray
 .text.readMemory
                0x0000000008000650       0x90 Core/Src/eeprom.o
                0x0000000008000650                readMemory
 .text.MX_GPIO_Init
                0x00000000080006e0       0x88 Core/Src/main.o
 .text.Error_Handler
                0x0000000008000768        0x4 Core/Src/main.o
                0x0000000008000768                Error_Handler
 .text.MX_I2C1_Init
                0x000000000800076c       0x54 Core/Src/main.o
 .text.MX_USART2_UART_Init
                0x00000000080007c0       0x38 Core/Src/main.o
 .text.SystemClock_Config
                0x00000000080007f8       0x98 Core/Src/main.o
                0x00000000080007f8                SystemClock_Config
 .text.main     0x0000000008000890       0x40 Core/Src/main.o
                0x0000000008000890                main
 .text.HAL_MspInit
                0x00000000080008d0       0x30 Core/Src/stm32l4xx_hal_msp.o
                0x00000000080008d0                HAL_MspInit
 .text.HAL_I2C_MspInit
                0x0000000008000900       0x70 Core/Src/stm32l4xx_hal_msp.o
                0x0000000008000900                HAL_I2C_MspInit
 .text.HAL_UART_MspInit
                0x0000000008000970       0x68 Core/Src/stm32l4xx_hal_msp.o
                0x0000000008000970                HAL_UART_MspInit
 .text.NMI_Handler
                0x00000000080009d8        0x2 Core/Src/stm32l4xx_it.o
                0x00000000080009d8                NMI_Handler
 .text.HardFault_Handler
                0x00000000080009da        0x2 Core/Src/stm32l4xx_it.o
                0x00000000080009da                HardFault_Handler
 .text.MemManage_Handler
                0x00000000080009dc        0x2 Core/Src/stm32l4xx_it.o
                0x00000000080009dc                MemManage_Handler
 .text.BusFault_Handler
                0x00000000080009de        0x2 Core/Src/stm32l4xx_it.o
                0x00000000080009de                BusFault_Handler
 .text.UsageFault_Handler
                0x00000000080009e0        0x2 Core/Src/stm32l4xx_it.o
                0x00000000080009e0                UsageFault_Handler
 .text.SVC_Handler
                0x00000000080009e2        0x2 Core/Src/stm32l4xx_it.o
                0x00000000080009e2                SVC_Handler
 .text.DebugMon_Handler
                0x00000000080009e4        0x2 Core/Src/stm32l4xx_it.o
                0x00000000080009e4                DebugMon_Handler
 .text.PendSV_Handler
                0x00000000080009e6        0x2 Core/Src/stm32l4xx_it.o
                0x00000000080009e6                PendSV_Handler
 .text.SysTick_Handler
                0x00000000080009e8        0x8 Core/Src/stm32l4xx_it.o
                0x00000000080009e8                SysTick_Handler
 .text._sbrk    0x00000000080009f0       0x3c Core/Src/syscalls.o
                0x00000000080009f0                _sbrk
 .text.SystemInit
                0x0000000008000a2c       0x48 Core/Src/system_stm32l4xx.o
                0x0000000008000a2c                SystemInit
 .text.HAL_InitTick
                0x0000000008000a74       0x4c Drivers/STM32L4xx_HAL_Driver/Src/stm32l4xx_hal.o
                0x0000000008000a74                HAL_InitTick
 .text.HAL_Init
                0x0000000008000ac0       0x2c Drivers/STM32L4xx_HAL_Driver/Src/stm32l4xx_hal.o
                0x0000000008000ac0                HAL_Init
 .text.HAL_IncTick
                0x0000000008000aec       0x18 Drivers/STM32L4xx_HAL_Driver/Src/stm32l4xx_hal.o
                0x0000000008000aec                HAL_IncTick
 .text.HAL_GetTick
                0x0000000008000b04        0xc Drivers/STM32L4xx_HAL_Driver/Src/stm32l4xx_hal.o
                0x0000000008000b04                HAL_GetTick
 .text.HAL_Delay
                0x0000000008000b10       0x28 Drivers/STM32L4xx_HAL_Driver/Src/stm32l4xx_hal.o
                0x0000000008000b10                HAL_Delay
 .text.HAL_NVIC_SetPriorityGrouping
                0x0000000008000b38       0x24 Drivers/STM32L4xx_HAL_Driver/Src/stm32l4xx_hal_cortex.o
                0x0000000008000b38                HAL_NVIC_SetPriorityGrouping
 .text.HAL_NVIC_SetPriority
                0x0000000008000b5c       0x68 Drivers/STM32L4xx_HAL_Driver/Src/stm32l4xx_hal_cortex.o
                0x0000000008000b5c                HAL_NVIC_SetPriority
 .text.HAL_SYSTICK_Config
                0x0000000008000bc4       0x2c Drivers/STM32L4xx_HAL_Driver/Src/stm32l4xx_hal_cortex.o
                0x0000000008000bc4                HAL_SYSTICK_Config
 .text.HAL_GPIO_Init
                0x0000000008000bf0      0x1c8 Drivers/STM32L4xx_HAL_Driver/Src/stm32l4xx_hal_gpio.o
                0x0000000008000bf0                HAL_GPIO_Init
 .text.HAL_GPIO_ReadPin
                0x0000000008000db8        0xe Drivers/STM32L4xx_HAL_Driver/Src/stm32l4xx_hal_gpio.o
                0x0000000008000db8                HAL_GPIO_ReadPin
 .text.HAL_GPIO_WritePin
                0x0000000008000dc6        0xa Drivers/STM32L4xx_HAL_Driver/Src/stm32l4xx_hal_gpio.o
                0x0000000008000dc6                HAL_GPIO_WritePin
 .text.I2C_Flush_TXDR
                0x0000000008000dd0       0x22 Drivers/STM32L4xx_HAL_Driver/Src/stm32l4xx_hal_i2c.o
 .text.I2C_TransferConfig
                0x0000000008000df2       0x36 Drivers/STM32L4xx_HAL_Driver/Src/stm32l4xx_hal_i2c.o
 .text.I2C_IsAcknowledgeFailed
                0x0000000008000e28       0x90 Drivers/STM32L4xx_HAL_Driver/Src/stm32l4xx_hal_i2c.o
 .text.I2C_WaitOnTXISFlagUntilTimeout
                0x0000000008000eb8       0x56 Drivers/STM32L4xx_HAL_Driver/Src/stm32l4xx_hal_i2c.o
 .text.I2C_WaitOnFlagUntilTimeout
                0x0000000008000f0e       0x52 Drivers/STM32L4xx_HAL_Driver/Src/stm32l4xx_hal_i2c.o
 .text.I2C_RequestMemoryWrite
                0x0000000008000f60       0x70 Drivers/STM32L4xx_HAL_Driver/Src/stm32l4xx_hal_i2c.o
 .text.I2C_RequestMemoryRead
                0x0000000008000fd0       0x70 Drivers/STM32L4xx_HAL_Driver/Src/stm32l4xx_hal_i2c.o
 .text.I2C_WaitOnSTOPFlagUntilTimeout
                0x0000000008001040       0x50 Drivers/STM32L4xx_HAL_Driver/Src/stm32l4xx_hal_i2c.o
 .text.HAL_I2C_Init
                0x0000000008001090       0xbc Drivers/STM32L4xx_HAL_Driver/Src/stm32l4xx_hal_i2c.o
                0x0000000008001090                HAL_I2C_Init
 .text.HAL_I2C_Mem_Write
                0x000000000800114c      0x1a4 Drivers/STM32L4xx_HAL_Driver/Src/stm32l4xx_hal_i2c.o
                0x000000000800114c                HAL_I2C_Mem_Write
 .text.HAL_I2C_Mem_Read
                0x00000000080012f0      0x1ac Drivers/STM32L4xx_HAL_Driver/Src/stm32l4xx_hal_i2c.o
                0x00000000080012f0                HAL_I2C_Mem_Read
 .text.HAL_I2CEx_ConfigAnalogFilter
                0x000000000800149c       0x5c Drivers/STM32L4xx_HAL_Driver/Src/stm32l4xx_hal_i2c_ex.o
                0x000000000800149c                HAL_I2CEx_ConfigAnalogFilter
 .text.HAL_I2CEx_ConfigDigitalFilter
                0x00000000080014f8       0x58 Drivers/STM32L4xx_HAL_Driver/Src/stm32l4xx_hal_i2c_ex.o
                0x00000000080014f8                HAL_I2CEx_ConfigDigitalFilter
 .text.HAL_PWREx_GetVoltageRange
                0x0000000008001550       0x10 Drivers/STM32L4xx_HAL_Driver/Src/stm32l4xx_hal_pwr_ex.o
                0x0000000008001550                HAL_PWREx_GetVoltageRange
 .text.HAL_PWREx_ControlVoltageScaling
                0x0000000008001560       0x90 Drivers/STM32L4xx_HAL_Driver/Src/stm32l4xx_hal_pwr_ex.o
                0x0000000008001560                HAL_PWREx_ControlVoltageScaling
 .text.RCC_SetFlashLatencyFromMSIRange
                0x00000000080015f0       0x90 Drivers/STM32L4xx_HAL_Driver/Src/stm32l4xx_hal_rcc.o
 .text.HAL_RCC_GetSysClockFreq
                0x0000000008001680       0xb4 Drivers/STM32L4xx_HAL_Driver/Src/stm32l4xx_hal_rcc.o
                0x0000000008001680                HAL_RCC_GetSysClockFreq
 .text.HAL_RCC_OscConfig
                0x0000000008001734      0x638 Drivers/STM32L4xx_HAL_Driver/Src/stm32l4xx_hal_rcc.o
                0x0000000008001734                HAL_RCC_OscConfig
 .text.HAL_RCC_ClockConfig
                0x0000000008001d6c      0x158 Drivers/STM32L4xx_HAL_Driver/Src/stm32l4xx_hal_rcc.o
                0x0000000008001d6c                HAL_RCC_ClockConfig
 .text.HAL_RCC_GetHCLKFreq
                0x0000000008001ec4        0xc Drivers/STM32L4xx_HAL_Driver/Src/stm32l4xx_hal_rcc.o
                0x0000000008001ec4                HAL_RCC_GetHCLKFreq
 .text.HAL_RCC_GetPCLK1Freq
                0x0000000008001ed0       0x24 Drivers/STM32L4xx_HAL_Driver/Src/stm32l4xx_hal_rcc.o
                0x0000000008001ed0                HAL_RCC_GetPCLK1Freq
 .text.HAL_RCC_GetPCLK2Freq
                0x0000000008001ef4       0x24 Drivers/STM32L4xx_HAL_Driver/Src/stm32l4xx_hal_rcc.o
                0x0000000008001ef4                HAL_RCC_GetPCLK2Freq
 .text.RCCEx_PLLSAI1_Config
                0x0000000008001f18      0x170 Drivers/STM32L4xx_HAL_Driver/Src/stm32l4xx_hal_rcc_ex.o
 .text.RCCEx_PLLSAI2_Config
                0x0000000008002088      0x14c Drivers/STM32L4xx_HAL_Driver/Src/stm32l4xx_hal_rcc_ex.o
 .text.HAL_RCCEx_PeriphCLKConfig
                0x00000000080021d4      0x450 Drivers/STM32L4xx_HAL_Driver/Src/stm32l4xx_hal_rcc_ex.o
                0x00000000080021d4                HAL_RCCEx_PeriphCLKConfig
 .text.UART_SetConfig
                0x0000000008002624      0x324 Drivers/STM32L4xx_HAL_Driver/Src/stm32l4xx_hal_uart.o
                0x0000000008002624                UART_SetConfig
 .text.UART_AdvFeatureConfig
                0x0000000008002948       0xca Drivers/STM32L4xx_HAL_Driver/Src/stm32l4xx_hal_uart.o
                0x0000000008002948                UART_AdvFeatureConfig
 .text.UART_WaitOnFlagUntilTimeout
                0x0000000008002a12       0x9c Drivers/STM32L4xx_HAL_Driver/Src/stm32l4xx_hal_uart.o
                0x0000000008002a12                UART_WaitOnFlagUntilTimeout
 .text.HAL_UART_Transmit
                0x0000000008002aae       0xd8 Drivers/STM32L4xx_HAL_Driver/Src/stm32l4xx_hal_uart.o
                0x0000000008002aae                HAL_UART_Transmit
 .text.UART_CheckIdleState
                0x0000000008002b86       0x6c Drivers/STM32L4xx_HAL_Driver/Src/stm32l4xx_hal_uart.o
                0x0000000008002b86                UART_CheckIdleState
 .text.HAL_UART_Init
                0x0000000008002bf2       0x62 Drivers/STM32L4xx_HAL_Driver/Src/stm32l4xx_hal_uart.o
                0x0000000008002bf2                HAL_UART_Init
 .text.Reset_Handler
                0x0000000008002c54       0x50 startup/startup_stm32l476xx.o
                0x0000000008002c54                Reset_Handler
 .text.Default_Handler
                0x0000000008002ca4        0x2 startup/startup_stm32l476xx.o
                0x0000000008002ca4                RTC_Alarm_IRQHandler
                0x0000000008002ca4                EXTI2_IRQHandler
                0x0000000008002ca4                TIM8_TRG_COM_IRQHandler
                0x0000000008002ca4                TIM8_CC_IRQHandler
                0x0000000008002ca4                TIM1_CC_IRQHandler
                0x0000000008002ca4                TSC_IRQHandler
                0x0000000008002ca4                TAMP_STAMP_IRQHandler
                0x0000000008002ca4                EXTI3_IRQHandler
                0x0000000008002ca4                LPTIM2_IRQHandler
                0x0000000008002ca4                DFSDM1_FLT1_IRQHandler
                0x0000000008002ca4                I2C3_ER_IRQHandler
                0x0000000008002ca4                DFSDM1_FLT2_IRQHandler
                0x0000000008002ca4                EXTI0_IRQHandler
                0x0000000008002ca4                I2C2_EV_IRQHandler
                0x0000000008002ca4                CAN1_RX0_IRQHandler
                0x0000000008002ca4                FPU_IRQHandler
                0x0000000008002ca4                TIM1_UP_TIM16_IRQHandler
                0x0000000008002ca4                ADC1_2_IRQHandler
                0x0000000008002ca4                SPI1_IRQHandler
                0x0000000008002ca4                TIM6_DAC_IRQHandler
                0x0000000008002ca4                TIM8_UP_IRQHandler
                0x0000000008002ca4                DMA2_Channel2_IRQHandler
                0x0000000008002ca4                DMA1_Channel4_IRQHandler
                0x0000000008002ca4                SAI2_IRQHandler
                0x0000000008002ca4                DFSDM1_FLT3_IRQHandler
                0x0000000008002ca4                USART3_IRQHandler
                0x0000000008002ca4                DMA1_Channel7_IRQHandler
                0x0000000008002ca4                CAN1_RX1_IRQHandler
                0x0000000008002ca4                LCD_IRQHandler
                0x0000000008002ca4                UART5_IRQHandler
                0x0000000008002ca4                ADC3_IRQHandler
                0x0000000008002ca4                TIM4_IRQHandler
                0x0000000008002ca4                DMA2_Channel1_IRQHandler
                0x0000000008002ca4                QUADSPI_IRQHandler
                0x0000000008002ca4                I2C1_EV_IRQHandler
                0x0000000008002ca4                DMA1_Channel6_IRQHandler
                0x0000000008002ca4                UART4_IRQHandler
                0x0000000008002ca4                DMA2_Channel4_IRQHandler
                0x0000000008002ca4                TIM3_IRQHandler
                0x0000000008002ca4                RCC_IRQHandler
                0x0000000008002ca4                DMA1_Channel1_IRQHandler
                0x0000000008002ca4                Default_Handler
                0x0000000008002ca4                DMA2_Channel7_IRQHandler
                0x0000000008002ca4                EXTI15_10_IRQHandler
                0x0000000008002ca4                TIM7_IRQHandler
                0x0000000008002ca4                SDMMC1_IRQHandler
                0x0000000008002ca4                TIM5_IRQHandler
                0x0000000008002ca4                I2C3_EV_IRQHandler
                0x0000000008002ca4                EXTI9_5_IRQHandler
                0x0000000008002ca4                RTC_WKUP_IRQHandler
                0x0000000008002ca4                PVD_PVM_IRQHandler
                0x0000000008002ca4                SPI2_IRQHandler
                0x0000000008002ca4                CAN1_TX_IRQHandler
                0x0000000008002ca4                DMA2_Channel5_IRQHandler
                0x0000000008002ca4                DMA1_Channel5_IRQHandler
                0x0000000008002ca4                EXTI4_IRQHandler
                0x0000000008002ca4                RNG_IRQHandler
                0x0000000008002ca4                TIM1_TRG_COM_TIM17_IRQHandler
                0x0000000008002ca4                DMA1_Channel3_IRQHandler
                0x0000000008002ca4                COMP_IRQHandler
                0x0000000008002ca4                WWDG_IRQHandler
                0x0000000008002ca4                LPUART1_IRQHandler
                0x0000000008002ca4                DMA2_Channel6_IRQHandler
                0x0000000008002ca4                TIM2_IRQHandler
                0x0000000008002ca4                EXTI1_IRQHandler
                0x0000000008002ca4                USART2_IRQHandler
                0x0000000008002ca4                DFSDM1_FLT0_IRQHandler
                0x0000000008002ca4                I2C2_ER_IRQHandler
                0x0000000008002ca4                DMA1_Channel2_IRQHandler
                0x0000000008002ca4                TIM8_BRK_IRQHandler
                0x0000000008002ca4                CAN1_SCE_IRQHandler
                0x0000000008002ca4                FLASH_IRQHandler
                0x0000000008002ca4                USART1_IRQHandler
                0x0000000008002ca4                OTG_FS_IRQHandler
                0x0000000008002ca4                SPI3_IRQHandler
                0x0000000008002ca4                I2C1_ER_IRQHandler
                0x0000000008002ca4                FMC_IRQHandler
                0x0000000008002ca4                SWPMI1_IRQHandler
                0x0000000008002ca4                LPTIM1_IRQHandler
                0x0000000008002ca4                SAI1_IRQHandler
                0x0000000008002ca4                DMA2_Channel3_IRQHandler
                0x0000000008002ca4                TIM1_BRK_TIM15_IRQHandler
 *fill*         0x0000000008002ca6        0x2 
 .text.__errno  0x0000000008002ca8        0xc /home/pvl/Privat/stm32/Ac6/plugins/fr.ac6.mcu.externaltools.arm-none.linux64_1.17.0.201812190825/tools/compiler/bin/../lib/gcc/arm-none-eabi/7.3.1/../../../../arm-none-eabi/lib/thumb/v7e-m/fpv4-sp/hard/libc_nano.a(lib_a-errno.o)
                0x0000000008002ca8                __errno
 .text.__libc_init_array
                0x0000000008002cb4       0x48 /home/pvl/Privat/stm32/Ac6/plugins/fr.ac6.mcu.externaltools.arm-none.linux64_1.17.0.201812190825/tools/compiler/bin/../lib/gcc/arm-none-eabi/7.3.1/../../../../arm-none-eabi/lib/thumb/v7e-m/fpv4-sp/hard/libc_nano.a(lib_a-init.o)
                0x0000000008002cb4                __libc_init_array
 .text.memset   0x0000000008002cfc       0x10 /home/pvl/Privat/stm32/Ac6/plugins/fr.ac6.mcu.externaltools.arm-none.linux64_1.17.0.201812190825/tools/compiler/bin/../lib/gcc/arm-none-eabi/7.3.1/../../../../arm-none-eabi/lib/thumb/v7e-m/fpv4-sp/hard/libc_nano.a(lib_a-memset.o)
                0x0000000008002cfc                memset
 .text.sprintf  0x0000000008002d0c       0x40 /home/pvl/Privat/stm32/Ac6/plugins/fr.ac6.mcu.externaltools.arm-none.linux64_1.17.0.201812190825/tools/compiler/bin/../lib/gcc/arm-none-eabi/7.3.1/../../../../arm-none-eabi/lib/thumb/v7e-m/fpv4-sp/hard/libc_nano.a(lib_a-sprintf.o)
                0x0000000008002d0c                sprintf
                0x0000000008002d0c                siprintf
 .text.__ssputs_r
                0x0000000008002d4c       0xb4 /home/pvl/Privat/stm32/Ac6/plugins/fr.ac6.mcu.externaltools.arm-none.linux64_1.17.0.201812190825/tools/compiler/bin/../lib/gcc/arm-none-eabi/7.3.1/../../../../arm-none-eabi/lib/thumb/v7e-m/fpv4-sp/hard/libc_nano.a(lib_a-nano-svfprintf.o)
                0x0000000008002d4c                __ssputs_r
 .text._svfprintf_r
                0x0000000008002e00      0x1f0 /home/pvl/Privat/stm32/Ac6/plugins/fr.ac6.mcu.externaltools.arm-none.linux64_1.17.0.201812190825/tools/compiler/bin/../lib/gcc/arm-none-eabi/7.3.1/../../../../arm-none-eabi/lib/thumb/v7e-m/fpv4-sp/hard/libc_nano.a(lib_a-nano-svfprintf.o)
                0x0000000008002e00                _svfprintf_r
                0x0000000008002e00                _svfiprintf_r
 .text._printf_common
                0x0000000008002ff0       0xea /home/pvl/Privat/stm32/Ac6/plugins/fr.ac6.mcu.externaltools.arm-none.linux64_1.17.0.201812190825/tools/compiler/bin/../lib/gcc/arm-none-eabi/7.3.1/../../../../arm-none-eabi/lib/thumb/v7e-m/fpv4-sp/hard/libc_nano.a(lib_a-nano-vfprintf_i.o)
                0x0000000008002ff0                _printf_common
 *fill*         0x00000000080030da        0x2 
 .text._printf_i
                0x00000000080030dc      0x224 /home/pvl/Privat/stm32/Ac6/plugins/fr.ac6.mcu.externaltools.arm-none.linux64_1.17.0.201812190825/tools/compiler/bin/../lib/gcc/arm-none-eabi/7.3.1/../../../../arm-none-eabi/lib/thumb/v7e-m/fpv4-sp/hard/libc_nano.a(lib_a-nano-vfprintf_i.o)
                0x00000000080030dc                _printf_i
 .text.memcpy   0x0000000008003300       0x16 /home/pvl/Privat/stm32/Ac6/plugins/fr.ac6.mcu.externaltools.arm-none.linux64_1.17.0.201812190825/tools/compiler/bin/../lib/gcc/arm-none-eabi/7.3.1/../../../../arm-none-eabi/lib/thumb/v7e-m/fpv4-sp/hard/libc_nano.a(lib_a-memcpy-stub.o)
                0x0000000008003300                memcpy
 .text.memmove  0x0000000008003316       0x32 /home/pvl/Privat/stm32/Ac6/plugins/fr.ac6.mcu.externaltools.arm-none.linux64_1.17.0.201812190825/tools/compiler/bin/../lib/gcc/arm-none-eabi/7.3.1/../../../../arm-none-eabi/lib/thumb/v7e-m/fpv4-sp/hard/libc_nano.a(lib_a-memmove.o)
                0x0000000008003316                memmove
 .text._free_r  0x0000000008003348       0x9c /home/pvl/Privat/stm32/Ac6/plugins/fr.ac6.mcu.externaltools.arm-none.linux64_1.17.0.201812190825/tools/compiler/bin/../lib/gcc/arm-none-eabi/7.3.1/../../../../arm-none-eabi/lib/thumb/v7e-m/fpv4-sp/hard/libc_nano.a(lib_a-nano-freer.o)
                0x0000000008003348                _free_r
 .text._malloc_r
                0x00000000080033e4       0xb4 /home/pvl/Privat/stm32/Ac6/plugins/fr.ac6.mcu.externaltools.arm-none.linux64_1.17.0.201812190825/tools/compiler/bin/../lib/gcc/arm-none-eabi/7.3.1/../../../../arm-none-eabi/lib/thumb/v7e-m/fpv4-sp/hard/libc_nano.a(lib_a-nano-mallocr.o)
                0x00000000080033e4                _malloc_r
 .text._realloc_r
                0x0000000008003498       0x4c /home/pvl/Privat/stm32/Ac6/plugins/fr.ac6.mcu.externaltools.arm-none.linux64_1.17.0.201812190825/tools/compiler/bin/../lib/gcc/arm-none-eabi/7.3.1/../../../../arm-none-eabi/lib/thumb/v7e-m/fpv4-sp/hard/libc_nano.a(lib_a-nano-reallocr.o)
                0x0000000008003498                _realloc_r
 .text._sbrk_r  0x00000000080034e4       0x20 /home/pvl/Privat/stm32/Ac6/plugins/fr.ac6.mcu.externaltools.arm-none.linux64_1.17.0.201812190825/tools/compiler/bin/../lib/gcc/arm-none-eabi/7.3.1/../../../../arm-none-eabi/lib/thumb/v7e-m/fpv4-sp/hard/libc_nano.a(lib_a-sbrkr.o)
                0x00000000080034e4                _sbrk_r
 .text.__malloc_lock
                0x0000000008003504        0x2 /home/pvl/Privat/stm32/Ac6/plugins/fr.ac6.mcu.externaltools.arm-none.linux64_1.17.0.201812190825/tools/compiler/bin/../lib/gcc/arm-none-eabi/7.3.1/../../../../arm-none-eabi/lib/thumb/v7e-m/fpv4-sp/hard/libc_nano.a(lib_a-mlock.o)
                0x0000000008003504                __malloc_lock
 .text.__malloc_unlock
                0x0000000008003506        0x2 /home/pvl/Privat/stm32/Ac6/plugins/fr.ac6.mcu.externaltools.arm-none.linux64_1.17.0.201812190825/tools/compiler/bin/../lib/gcc/arm-none-eabi/7.3.1/../../../../arm-none-eabi/lib/thumb/v7e-m/fpv4-sp/hard/libc_nano.a(lib_a-mlock.o)
                0x0000000008003506                __malloc_unlock
 .text._malloc_usable_size_r
                0x0000000008003508       0x10 /home/pvl/Privat/stm32/Ac6/plugins/fr.ac6.mcu.externaltools.arm-none.linux64_1.17.0.201812190825/tools/compiler/bin/../lib/gcc/arm-none-eabi/7.3.1/../../../../arm-none-eabi/lib/thumb/v7e-m/fpv4-sp/hard/libc_nano.a(lib_a-nano-msizer.o)
                0x0000000008003508                _malloc_usable_size_r
 *(.glue_7)
 .glue_7        0x0000000008003518        0x0 linker stubs
 *(.glue_7t)
 .glue_7t       0x0000000008003518        0x0 linker stubs
 *(.eh_frame)
 .eh_frame      0x0000000008003518        0x0 /home/pvl/Privat/stm32/Ac6/plugins/fr.ac6.mcu.externaltools.arm-none.linux64_1.17.0.201812190825/tools/compiler/bin/../lib/gcc/arm-none-eabi/7.3.1/thumb/v7e-m/fpv4-sp/hard/crtbegin.o
 *(.init)
 .init          0x0000000008003518        0x4 /home/pvl/Privat/stm32/Ac6/plugins/fr.ac6.mcu.externaltools.arm-none.linux64_1.17.0.201812190825/tools/compiler/bin/../lib/gcc/arm-none-eabi/7.3.1/thumb/v7e-m/fpv4-sp/hard/crti.o
                0x0000000008003518                _init
 .init          0x000000000800351c        0x8 /home/pvl/Privat/stm32/Ac6/plugins/fr.ac6.mcu.externaltools.arm-none.linux64_1.17.0.201812190825/tools/compiler/bin/../lib/gcc/arm-none-eabi/7.3.1/thumb/v7e-m/fpv4-sp/hard/crtn.o
 *(.fini)
 .fini          0x0000000008003524        0x4 /home/pvl/Privat/stm32/Ac6/plugins/fr.ac6.mcu.externaltools.arm-none.linux64_1.17.0.201812190825/tools/compiler/bin/../lib/gcc/arm-none-eabi/7.3.1/thumb/v7e-m/fpv4-sp/hard/crti.o
                0x0000000008003524                _fini
 .fini          0x0000000008003528        0x8 /home/pvl/Privat/stm32/Ac6/plugins/fr.ac6.mcu.externaltools.arm-none.linux64_1.17.0.201812190825/tools/compiler/bin/../lib/gcc/arm-none-eabi/7.3.1/thumb/v7e-m/fpv4-sp/hard/crtn.o
                0x0000000008003530                . = ALIGN (0x8)
                0x0000000008003530                _etext = .

.vfp11_veneer   0x0000000008003530        0x0
 .vfp11_veneer  0x0000000008003530        0x0 linker stubs

.v4_bx          0x0000000008003530        0x0
 .v4_bx         0x0000000008003530        0x0 linker stubs

.iplt           0x0000000008003530        0x0
 .iplt          0x0000000008003530        0x0 /home/pvl/Privat/stm32/Ac6/plugins/fr.ac6.mcu.externaltools.arm-none.linux64_1.17.0.201812190825/tools/compiler/bin/../lib/gcc/arm-none-eabi/7.3.1/thumb/v7e-m/fpv4-sp/hard/crtbegin.o

.rodata         0x0000000008003530       0xa0
                0x0000000008003530                . = ALIGN (0x8)
 *(.rodata)
 .rodata        0x0000000008003530       0x48 Core/Src/system_stm32l4xx.o
                0x0000000008003530                MSIRangeTable
                0x0000000008003560                AHBPrescTable
                0x0000000008003570                APBPrescTable
 *(.rodata*)
 .rodata.str1.4
                0x0000000008003578       0x20 Core/Src/eeprom.o
                                         0x1f (size before relaxing)
 .rodata._svfprintf_r.str1.1
                0x0000000008003598       0x11 /home/pvl/Privat/stm32/Ac6/plugins/fr.ac6.mcu.externaltools.arm-none.linux64_1.17.0.201812190825/tools/compiler/bin/../lib/gcc/arm-none-eabi/7.3.1/../../../../arm-none-eabi/lib/thumb/v7e-m/fpv4-sp/hard/libc_nano.a(lib_a-nano-svfprintf.o)
 .rodata._printf_i.str1.1
                0x00000000080035a9       0x22 /home/pvl/Privat/stm32/Ac6/plugins/fr.ac6.mcu.externaltools.arm-none.linux64_1.17.0.201812190825/tools/compiler/bin/../lib/gcc/arm-none-eabi/7.3.1/../../../../arm-none-eabi/lib/thumb/v7e-m/fpv4-sp/hard/libc_nano.a(lib_a-nano-vfprintf_i.o)
                0x00000000080035d0                . = ALIGN (0x8)
 *fill*         0x00000000080035cb        0x5 

.ARM.extab      0x00000000080035d0        0x0
                0x00000000080035d0                . = ALIGN (0x8)
 *(.ARM.extab* .gnu.linkonce.armextab.*)
                0x00000000080035d0                . = ALIGN (0x8)

.ARM            0x00000000080035d0        0x8
                0x00000000080035d0                . = ALIGN (0x8)
                0x00000000080035d0                __exidx_start = .
 *(.ARM.exidx*)
 .ARM.exidx     0x00000000080035d0        0x8 /home/pvl/Privat/stm32/Ac6/plugins/fr.ac6.mcu.externaltools.arm-none.linux64_1.17.0.201812190825/tools/compiler/bin/../lib/gcc/arm-none-eabi/7.3.1/thumb/v7e-m/fpv4-sp/hard/libgcc.a(_udivmoddi4.o)
                0x00000000080035d8                __exidx_end = .
                0x00000000080035d8                . = ALIGN (0x8)

.rel.dyn        0x00000000080035d8        0x0
 .rel.iplt      0x00000000080035d8        0x0 /home/pvl/Privat/stm32/Ac6/plugins/fr.ac6.mcu.externaltools.arm-none.linux64_1.17.0.201812190825/tools/compiler/bin/../lib/gcc/arm-none-eabi/7.3.1/thumb/v7e-m/fpv4-sp/hard/crtbegin.o

.preinit_array  0x00000000080035d8        0x0
                0x00000000080035d8                . = ALIGN (0x8)
                0x00000000080035d8                PROVIDE (__preinit_array_start = .)
 *(.preinit_array*)
                0x00000000080035d8                PROVIDE (__preinit_array_end = .)
                0x00000000080035d8                . = ALIGN (0x8)

.init_array     0x00000000080035d8        0x8
                0x00000000080035d8                . = ALIGN (0x8)
                0x00000000080035d8                PROVIDE (__init_array_start = .)
 *(SORT_BY_NAME(.init_array.*))
 *(.init_array*)
 .init_array    0x00000000080035d8        0x4 /home/pvl/Privat/stm32/Ac6/plugins/fr.ac6.mcu.externaltools.arm-none.linux64_1.17.0.201812190825/tools/compiler/bin/../lib/gcc/arm-none-eabi/7.3.1/thumb/v7e-m/fpv4-sp/hard/crtbegin.o
                0x00000000080035dc                PROVIDE (__init_array_end = .)
                0x00000000080035e0                . = ALIGN (0x8)
 *fill*         0x00000000080035dc        0x4 

.fini_array     0x00000000080035e0        0x8
                0x00000000080035e0                . = ALIGN (0x8)
                [!provide]                        PROVIDE (__fini_array_start = .)
 *(SORT_BY_NAME(.fini_array.*))
 *(.fini_array*)
 .fini_array    0x00000000080035e0        0x4 /home/pvl/Privat/stm32/Ac6/plugins/fr.ac6.mcu.externaltools.arm-none.linux64_1.17.0.201812190825/tools/compiler/bin/../lib/gcc/arm-none-eabi/7.3.1/thumb/v7e-m/fpv4-sp/hard/crtbegin.o
                [!provide]                        PROVIDE (__fini_array_end = .)
                0x00000000080035e8                . = ALIGN (0x8)
 *fill*         0x00000000080035e4        0x4 
                0x00000000080035e8                _sidata = LOADADDR (.data)

.data           0x0000000020000000       0x78 load address 0x00000000080035e8
                0x0000000020000000                . = ALIGN (0x8)
                0x0000000020000000                _sdata = .
 *(.data)
 .data          0x0000000020000000        0x5 Core/Src/eeprom.o
                0x0000000020000000                device
                0x0000000020000002                test1
                0x0000000020000003                test2
                0x0000000020000004                test3
 *fill*         0x0000000020000005        0x3 
 .data          0x0000000020000008        0x4 Core/Src/system_stm32l4xx.o
                0x0000000020000008                SystemCoreClock
 .data          0x000000002000000c        0x8 Drivers/STM32L4xx_HAL_Driver/Src/stm32l4xx_hal.o
                0x000000002000000c                uwTickFreq
                0x0000000020000010                uwTickPrio
 *(.data*)
 .data._impure_ptr
                0x0000000020000014        0x4 /home/pvl/Privat/stm32/Ac6/plugins/fr.ac6.mcu.externaltools.arm-none.linux64_1.17.0.201812190825/tools/compiler/bin/../lib/gcc/arm-none-eabi/7.3.1/../../../../arm-none-eabi/lib/thumb/v7e-m/fpv4-sp/hard/libc_nano.a(lib_a-impure.o)
                0x0000000020000014                _impure_ptr
 .data.impure_data
                0x0000000020000018       0x60 /home/pvl/Privat/stm32/Ac6/plugins/fr.ac6.mcu.externaltools.arm-none.linux64_1.17.0.201812190825/tools/compiler/bin/../lib/gcc/arm-none-eabi/7.3.1/../../../../arm-none-eabi/lib/thumb/v7e-m/fpv4-sp/hard/libc_nano.a(lib_a-impure.o)
                0x0000000020000078                . = ALIGN (0x8)
                0x0000000020000078                _edata = .

.igot.plt       0x0000000020000078        0x0 load address 0x0000000008003660
 .igot.plt      0x0000000020000078        0x0 /home/pvl/Privat/stm32/Ac6/plugins/fr.ac6.mcu.externaltools.arm-none.linux64_1.17.0.201812190825/tools/compiler/bin/../lib/gcc/arm-none-eabi/7.3.1/thumb/v7e-m/fpv4-sp/hard/crtbegin.o
                0x0000000020000078                . = ALIGN (0x4)

.bss            0x0000000020000078      0x1cc load address 0x0000000008003660
                0x0000000020000078                _sbss = .
                0x0000000020000078                __bss_start__ = _sbss
 *(.bss)
 .bss           0x0000000020000078       0x1c /home/pvl/Privat/stm32/Ac6/plugins/fr.ac6.mcu.externaltools.arm-none.linux64_1.17.0.201812190825/tools/compiler/bin/../lib/gcc/arm-none-eabi/7.3.1/thumb/v7e-m/fpv4-sp/hard/crtbegin.o
 .bss           0x0000000020000094        0x2 Core/Src/eeprom.o
                0x0000000020000094                i
 *fill*         0x0000000020000096        0x2 
 .bss           0x0000000020000098        0x8 Core/Src/syscalls.o
                0x000000002000009c                __env
 *(.bss*)
 .bss.__malloc_free_list
                0x00000000200000a0        0x4 /home/pvl/Privat/stm32/Ac6/plugins/fr.ac6.mcu.externaltools.arm-none.linux64_1.17.0.201812190825/tools/compiler/bin/../lib/gcc/arm-none-eabi/7.3.1/../../../../arm-none-eabi/lib/thumb/v7e-m/fpv4-sp/hard/libc_nano.a(lib_a-nano-mallocr.o)
                0x00000000200000a0                __malloc_free_list
 .bss.__malloc_sbrk_start
                0x00000000200000a4        0x4 /home/pvl/Privat/stm32/Ac6/plugins/fr.ac6.mcu.externaltools.arm-none.linux64_1.17.0.201812190825/tools/compiler/bin/../lib/gcc/arm-none-eabi/7.3.1/../../../../arm-none-eabi/lib/thumb/v7e-m/fpv4-sp/hard/libc_nano.a(lib_a-nano-mallocr.o)
                0x00000000200000a4                __malloc_sbrk_start
 *(COMMON)
 COMMON         0x00000000200000a8       0xc8 Core/Src/eeprom.o
                0x00000000200000a8                eepromBuf
                0x000000002000010c                str
 COMMON         0x0000000020000170       0xcc Core/Src/main.o
                0x0000000020000170                hi2c1
                0x00000000200001bc                huart2
 COMMON         0x000000002000023c        0x4 Drivers/STM32L4xx_HAL_Driver/Src/stm32l4xx_hal.o
                0x000000002000023c                uwTick
 COMMON         0x0000000020000240        0x4 /home/pvl/Privat/stm32/Ac6/plugins/fr.ac6.mcu.externaltools.arm-none.linux64_1.17.0.201812190825/tools/compiler/bin/../lib/gcc/arm-none-eabi/7.3.1/../../../../arm-none-eabi/lib/thumb/v7e-m/fpv4-sp/hard/libc_nano.a(lib_a-reent.o)
                0x0000000020000240                errno
                0x0000000020000244                . = ALIGN (0x4)
                0x0000000020000244                _ebss = .
                0x0000000020000244                __bss_end__ = _ebss

._user_heap_stack
                0x0000000020000244      0x604 load address 0x0000000008003660
                0x0000000020000248                . = ALIGN (0x8)
 *fill*         0x0000000020000244        0x4 
                0x0000000020000248                PROVIDE (end = .)
                [!provide]                        PROVIDE (_end = .)
                0x0000000020000448                . = (. + _Min_Heap_Size)
 *fill*         0x0000000020000248      0x200 
                0x0000000020000848                . = (. + _Min_Stack_Size)
 *fill*         0x0000000020000448      0x400 
                0x0000000020000848                . = ALIGN (0x8)

/DISCARD/
 libc.a(*)
 libm.a(*)
 libgcc.a(*)

.ARM.attributes
                0x0000000000000000       0x30
 *(.ARM.attributes)
 .ARM.attributes
                0x0000000000000000       0x22 /home/pvl/Privat/stm32/Ac6/plugins/fr.ac6.mcu.externaltools.arm-none.linux64_1.17.0.201812190825/tools/compiler/bin/../lib/gcc/arm-none-eabi/7.3.1/thumb/v7e-m/fpv4-sp/hard/crti.o
 .ARM.attributes
                0x0000000000000022       0x34 /home/pvl/Privat/stm32/Ac6/plugins/fr.ac6.mcu.externaltools.arm-none.linux64_1.17.0.201812190825/tools/compiler/bin/../lib/gcc/arm-none-eabi/7.3.1/thumb/v7e-m/fpv4-sp/hard/crtbegin.o
 .ARM.attributes
                0x0000000000000056       0x39 Core/Src/eeprom.o
 .ARM.attributes
                0x000000000000008f       0x39 Core/Src/main.o
 .ARM.attributes
                0x00000000000000c8       0x39 Core/Src/stm32l4xx_hal_msp.o
 .ARM.attributes
                0x0000000000000101       0x39 Core/Src/stm32l4xx_it.o
 .ARM.attributes
                0x000000000000013a       0x39 Core/Src/syscalls.o
 .ARM.attributes
                0x0000000000000173       0x39 Core/Src/system_stm32l4xx.o
 .ARM.attributes
                0x00000000000001ac       0x39 Drivers/STM32L4xx_HAL_Driver/Src/stm32l4xx_hal.o
 .ARM.attributes
                0x00000000000001e5       0x39 Drivers/STM32L4xx_HAL_Driver/Src/stm32l4xx_hal_cortex.o
 .ARM.attributes
                0x000000000000021e       0x39 Drivers/STM32L4xx_HAL_Driver/Src/stm32l4xx_hal_gpio.o
 .ARM.attributes
                0x0000000000000257       0x39 Drivers/STM32L4xx_HAL_Driver/Src/stm32l4xx_hal_i2c.o
 .ARM.attributes
                0x0000000000000290       0x39 Drivers/STM32L4xx_HAL_Driver/Src/stm32l4xx_hal_i2c_ex.o
 .ARM.attributes
                0x00000000000002c9       0x39 Drivers/STM32L4xx_HAL_Driver/Src/stm32l4xx_hal_pwr_ex.o
 .ARM.attributes
                0x0000000000000302       0x39 Drivers/STM32L4xx_HAL_Driver/Src/stm32l4xx_hal_rcc.o
 .ARM.attributes
                0x000000000000033b       0x39 Drivers/STM32L4xx_HAL_Driver/Src/stm32l4xx_hal_rcc_ex.o
 .ARM.attributes
                0x0000000000000374       0x39 Drivers/STM32L4xx_HAL_Driver/Src/stm32l4xx_hal_uart.o
 .ARM.attributes
                0x00000000000003ad       0x21 startup/startup_stm32l476xx.o
 .ARM.attributes
                0x00000000000003ce       0x22 /home/pvl/Privat/stm32/Ac6/plugins/fr.ac6.mcu.externaltools.arm-none.linux64_1.17.0.201812190825/tools/compiler/bin/../lib/gcc/arm-none-eabi/7.3.1/thumb/v7e-m/fpv4-sp/hard/libgcc.a(_aeabi_uldivmod.o)
 .ARM.attributes
                0x00000000000003f0       0x34 /home/pvl/Privat/stm32/Ac6/plugins/fr.ac6.mcu.externaltools.arm-none.linux64_1.17.0.201812190825/tools/compiler/bin/../lib/gcc/arm-none-eabi/7.3.1/thumb/v7e-m/fpv4-sp/hard/libgcc.a(_udivmoddi4.o)
 .ARM.attributes
                0x0000000000000424       0x22 /home/pvl/Privat/stm32/Ac6/plugins/fr.ac6.mcu.externaltools.arm-none.linux64_1.17.0.201812190825/tools/compiler/bin/../lib/gcc/arm-none-eabi/7.3.1/thumb/v7e-m/fpv4-sp/hard/libgcc.a(_dvmd_tls.o)
 .ARM.attributes
                0x0000000000000446       0x34 /home/pvl/Privat/stm32/Ac6/plugins/fr.ac6.mcu.externaltools.arm-none.linux64_1.17.0.201812190825/tools/compiler/bin/../lib/gcc/arm-none-eabi/7.3.1/../../../../arm-none-eabi/lib/thumb/v7e-m/fpv4-sp/hard/libc_nano.a(lib_a-errno.o)
 .ARM.attributes
                0x000000000000047a       0x34 /home/pvl/Privat/stm32/Ac6/plugins/fr.ac6.mcu.externaltools.arm-none.linux64_1.17.0.201812190825/tools/compiler/bin/../lib/gcc/arm-none-eabi/7.3.1/../../../../arm-none-eabi/lib/thumb/v7e-m/fpv4-sp/hard/libc_nano.a(lib_a-impure.o)
 .ARM.attributes
                0x00000000000004ae       0x34 /home/pvl/Privat/stm32/Ac6/plugins/fr.ac6.mcu.externaltools.arm-none.linux64_1.17.0.201812190825/tools/compiler/bin/../lib/gcc/arm-none-eabi/7.3.1/../../../../arm-none-eabi/lib/thumb/v7e-m/fpv4-sp/hard/libc_nano.a(lib_a-init.o)
 .ARM.attributes
                0x00000000000004e2       0x34 /home/pvl/Privat/stm32/Ac6/plugins/fr.ac6.mcu.externaltools.arm-none.linux64_1.17.0.201812190825/tools/compiler/bin/../lib/gcc/arm-none-eabi/7.3.1/../../../../arm-none-eabi/lib/thumb/v7e-m/fpv4-sp/hard/libc_nano.a(lib_a-memset.o)
 .ARM.attributes
                0x0000000000000516       0x34 /home/pvl/Privat/stm32/Ac6/plugins/fr.ac6.mcu.externaltools.arm-none.linux64_1.17.0.201812190825/tools/compiler/bin/../lib/gcc/arm-none-eabi/7.3.1/../../../../arm-none-eabi/lib/thumb/v7e-m/fpv4-sp/hard/libc_nano.a(lib_a-sprintf.o)
 .ARM.attributes
                0x000000000000054a       0x34 /home/pvl/Privat/stm32/Ac6/plugins/fr.ac6.mcu.externaltools.arm-none.linux64_1.17.0.201812190825/tools/compiler/bin/../lib/gcc/arm-none-eabi/7.3.1/../../../../arm-none-eabi/lib/thumb/v7e-m/fpv4-sp/hard/libc_nano.a(lib_a-nano-svfprintf.o)
 .ARM.attributes
                0x000000000000057e       0x34 /home/pvl/Privat/stm32/Ac6/plugins/fr.ac6.mcu.externaltools.arm-none.linux64_1.17.0.201812190825/tools/compiler/bin/../lib/gcc/arm-none-eabi/7.3.1/../../../../arm-none-eabi/lib/thumb/v7e-m/fpv4-sp/hard/libc_nano.a(lib_a-nano-vfprintf_i.o)
 .ARM.attributes
                0x00000000000005b2       0x20 /home/pvl/Privat/stm32/Ac6/plugins/fr.ac6.mcu.externaltools.arm-none.linux64_1.17.0.201812190825/tools/compiler/bin/../lib/gcc/arm-none-eabi/7.3.1/../../../../arm-none-eabi/lib/thumb/v7e-m/fpv4-sp/hard/libc_nano.a(lib_a-memchr.o)
 .ARM.attributes
                0x00000000000005d2       0x34 /home/pvl/Privat/stm32/Ac6/plugins/fr.ac6.mcu.externaltools.arm-none.linux64_1.17.0.201812190825/tools/compiler/bin/../lib/gcc/arm-none-eabi/7.3.1/../../../../arm-none-eabi/lib/thumb/v7e-m/fpv4-sp/hard/libc_nano.a(lib_a-memcpy-stub.o)
 .ARM.attributes
                0x0000000000000606       0x34 /home/pvl/Privat/stm32/Ac6/plugins/fr.ac6.mcu.externaltools.arm-none.linux64_1.17.0.201812190825/tools/compiler/bin/../lib/gcc/arm-none-eabi/7.3.1/../../../../arm-none-eabi/lib/thumb/v7e-m/fpv4-sp/hard/libc_nano.a(lib_a-memmove.o)
 .ARM.attributes
                0x000000000000063a       0x34 /home/pvl/Privat/stm32/Ac6/plugins/fr.ac6.mcu.externaltools.arm-none.linux64_1.17.0.201812190825/tools/compiler/bin/../lib/gcc/arm-none-eabi/7.3.1/../../../../arm-none-eabi/lib/thumb/v7e-m/fpv4-sp/hard/libc_nano.a(lib_a-nano-freer.o)
 .ARM.attributes
                0x000000000000066e       0x34 /home/pvl/Privat/stm32/Ac6/plugins/fr.ac6.mcu.externaltools.arm-none.linux64_1.17.0.201812190825/tools/compiler/bin/../lib/gcc/arm-none-eabi/7.3.1/../../../../arm-none-eabi/lib/thumb/v7e-m/fpv4-sp/hard/libc_nano.a(lib_a-nano-mallocr.o)
 .ARM.attributes
                0x00000000000006a2       0x34 /home/pvl/Privat/stm32/Ac6/plugins/fr.ac6.mcu.externaltools.arm-none.linux64_1.17.0.201812190825/tools/compiler/bin/../lib/gcc/arm-none-eabi/7.3.1/../../../../arm-none-eabi/lib/thumb/v7e-m/fpv4-sp/hard/libc_nano.a(lib_a-nano-reallocr.o)
 .ARM.attributes
                0x00000000000006d6       0x34 /home/pvl/Privat/stm32/Ac6/plugins/fr.ac6.mcu.externaltools.arm-none.linux64_1.17.0.201812190825/tools/compiler/bin/../lib/gcc/arm-none-eabi/7.3.1/../../../../arm-none-eabi/lib/thumb/v7e-m/fpv4-sp/hard/libc_nano.a(lib_a-sbrkr.o)
 .ARM.attributes
                0x000000000000070a       0x34 /home/pvl/Privat/stm32/Ac6/plugins/fr.ac6.mcu.externaltools.arm-none.linux64_1.17.0.201812190825/tools/compiler/bin/../lib/gcc/arm-none-eabi/7.3.1/../../../../arm-none-eabi/lib/thumb/v7e-m/fpv4-sp/hard/libc_nano.a(lib_a-mlock.o)
 .ARM.attributes
                0x000000000000073e       0x34 /home/pvl/Privat/stm32/Ac6/plugins/fr.ac6.mcu.externaltools.arm-none.linux64_1.17.0.201812190825/tools/compiler/bin/../lib/gcc/arm-none-eabi/7.3.1/../../../../arm-none-eabi/lib/thumb/v7e-m/fpv4-sp/hard/libc_nano.a(lib_a-nano-msizer.o)
 .ARM.attributes
                0x0000000000000772       0x34 /home/pvl/Privat/stm32/Ac6/plugins/fr.ac6.mcu.externaltools.arm-none.linux64_1.17.0.201812190825/tools/compiler/bin/../lib/gcc/arm-none-eabi/7.3.1/../../../../arm-none-eabi/lib/thumb/v7e-m/fpv4-sp/hard/libc_nano.a(lib_a-reent.o)
 .ARM.attributes
                0x00000000000007a6       0x22 /home/pvl/Privat/stm32/Ac6/plugins/fr.ac6.mcu.externaltools.arm-none.linux64_1.17.0.201812190825/tools/compiler/bin/../lib/gcc/arm-none-eabi/7.3.1/thumb/v7e-m/fpv4-sp/hard/crtn.o
OUTPUT(EEPROM.elf elf32-littlearm)

.debug_info     0x0000000000000000    0x119c2
 .debug_info    0x0000000000000000     0x15ff Core/Src/eeprom.o
 .debug_info    0x00000000000015ff     0x1e2d Core/Src/main.o
 .debug_info    0x000000000000342c      0xfa9 Core/Src/stm32l4xx_hal_msp.o
 .debug_info    0x00000000000043d5      0x363 Core/Src/stm32l4xx_it.o
 .debug_info    0x0000000000004738      0xfd3 Core/Src/syscalls.o
 .debug_info    0x000000000000570b      0x72d Core/Src/system_stm32l4xx.o
 .debug_info    0x0000000000005e38      0xdf1 Drivers/STM32L4xx_HAL_Driver/Src/stm32l4xx_hal.o
 .debug_info    0x0000000000006c29     0x10d1 Drivers/STM32L4xx_HAL_Driver/Src/stm32l4xx_hal_cortex.o
 .debug_info    0x0000000000007cfa      0x9ca Drivers/STM32L4xx_HAL_Driver/Src/stm32l4xx_hal_gpio.o
 .debug_info    0x00000000000086c4     0x3b4f Drivers/STM32L4xx_HAL_Driver/Src/stm32l4xx_hal_i2c.o
 .debug_info    0x000000000000c213      0xb7b Drivers/STM32L4xx_HAL_Driver/Src/stm32l4xx_hal_i2c_ex.o
 .debug_info    0x000000000000cd8e      0xbad Drivers/STM32L4xx_HAL_Driver/Src/stm32l4xx_hal_pwr_ex.o
 .debug_info    0x000000000000d93b      0xf6d Drivers/STM32L4xx_HAL_Driver/Src/stm32l4xx_hal_rcc.o
 .debug_info    0x000000000000e8a8     0x12d4 Drivers/STM32L4xx_HAL_Driver/Src/stm32l4xx_hal_rcc_ex.o
 .debug_info    0x000000000000fb7c     0x1e24 Drivers/STM32L4xx_HAL_Driver/Src/stm32l4xx_hal_uart.o
 .debug_info    0x00000000000119a0       0x22 startup/startup_stm32l476xx.o

.debug_abbrev   0x0000000000000000     0x2036
 .debug_abbrev  0x0000000000000000      0x27c Core/Src/eeprom.o
 .debug_abbrev  0x000000000000027c      0x2fe Core/Src/main.o
 .debug_abbrev  0x000000000000057a      0x1b4 Core/Src/stm32l4xx_hal_msp.o
 .debug_abbrev  0x000000000000072e      0x100 Core/Src/stm32l4xx_it.o
 .debug_abbrev  0x000000000000082e      0x2d4 Core/Src/syscalls.o
 .debug_abbrev  0x0000000000000b02      0x150 Core/Src/system_stm32l4xx.o
 .debug_abbrev  0x0000000000000c52      0x209 Drivers/STM32L4xx_HAL_Driver/Src/stm32l4xx_hal.o
 .debug_abbrev  0x0000000000000e5b      0x328 Drivers/STM32L4xx_HAL_Driver/Src/stm32l4xx_hal_cortex.o
 .debug_abbrev  0x0000000000001183      0x1de Drivers/STM32L4xx_HAL_Driver/Src/stm32l4xx_hal_gpio.o
 .debug_abbrev  0x0000000000001361      0x25d Drivers/STM32L4xx_HAL_Driver/Src/stm32l4xx_hal_i2c.o
 .debug_abbrev  0x00000000000015be      0x1b9 Drivers/STM32L4xx_HAL_Driver/Src/stm32l4xx_hal_i2c_ex.o
 .debug_abbrev  0x0000000000001777      0x1f5 Drivers/STM32L4xx_HAL_Driver/Src/stm32l4xx_hal_pwr_ex.o
 .debug_abbrev  0x000000000000196c      0x21f Drivers/STM32L4xx_HAL_Driver/Src/stm32l4xx_hal_rcc.o
 .debug_abbrev  0x0000000000001b8b      0x24c Drivers/STM32L4xx_HAL_Driver/Src/stm32l4xx_hal_rcc_ex.o
 .debug_abbrev  0x0000000000001dd7      0x24d Drivers/STM32L4xx_HAL_Driver/Src/stm32l4xx_hal_uart.o
 .debug_abbrev  0x0000000000002024       0x12 startup/startup_stm32l476xx.o

.debug_loc      0x0000000000000000     0x9e32
 .debug_loc     0x0000000000000000      0x11b Core/Src/eeprom.o
 .debug_loc     0x000000000000011b       0xcf Core/Src/stm32l4xx_hal_msp.o
 .debug_loc     0x00000000000001ea      0x3af Core/Src/syscalls.o
 .debug_loc     0x0000000000000599      0x1b8 Core/Src/system_stm32l4xx.o
 .debug_loc     0x0000000000000751      0x20b Drivers/STM32L4xx_HAL_Driver/Src/stm32l4xx_hal.o
 .debug_loc     0x000000000000095c      0x5ce Drivers/STM32L4xx_HAL_Driver/Src/stm32l4xx_hal_cortex.o
 .debug_loc     0x0000000000000f2a      0x2d3 Drivers/STM32L4xx_HAL_Driver/Src/stm32l4xx_hal_gpio.o
 .debug_loc     0x00000000000011fd     0x4565 Drivers/STM32L4xx_HAL_Driver/Src/stm32l4xx_hal_i2c.o
 .debug_loc     0x0000000000005762      0x204 Drivers/STM32L4xx_HAL_Driver/Src/stm32l4xx_hal_i2c_ex.o
 .debug_loc     0x0000000000005966      0x99a Drivers/STM32L4xx_HAL_Driver/Src/stm32l4xx_hal_pwr_ex.o
 .debug_loc     0x0000000000006300      0x656 Drivers/STM32L4xx_HAL_Driver/Src/stm32l4xx_hal_rcc.o
 .debug_loc     0x0000000000006956     0x1c32 Drivers/STM32L4xx_HAL_Driver/Src/stm32l4xx_hal_rcc_ex.o
 .debug_loc     0x0000000000008588     0x18aa Drivers/STM32L4xx_HAL_Driver/Src/stm32l4xx_hal_uart.o

.debug_aranges  0x0000000000000000      0xbd0
 .debug_aranges
                0x0000000000000000       0x38 Core/Src/eeprom.o
 .debug_aranges
                0x0000000000000038       0x48 Core/Src/main.o
 .debug_aranges
                0x0000000000000080       0x40 Core/Src/stm32l4xx_hal_msp.o
 .debug_aranges
                0x00000000000000c0       0x60 Core/Src/stm32l4xx_it.o
 .debug_aranges
                0x0000000000000120       0xb0 Core/Src/syscalls.o
 .debug_aranges
                0x00000000000001d0       0x28 Core/Src/system_stm32l4xx.o
 .debug_aranges
                0x00000000000001f8      0x130 Drivers/STM32L4xx_HAL_Driver/Src/stm32l4xx_hal.o
 .debug_aranges
                0x0000000000000328       0xa8 Drivers/STM32L4xx_HAL_Driver/Src/stm32l4xx_hal_cortex.o
 .debug_aranges
                0x00000000000003d0       0x58 Drivers/STM32L4xx_HAL_Driver/Src/stm32l4xx_hal_gpio.o
 .debug_aranges
                0x0000000000000428      0x290 Drivers/STM32L4xx_HAL_Driver/Src/stm32l4xx_hal_i2c.o
 .debug_aranges
                0x00000000000006b8       0x48 Drivers/STM32L4xx_HAL_Driver/Src/stm32l4xx_hal_i2c_ex.o
 .debug_aranges
                0x0000000000000700      0x150 Drivers/STM32L4xx_HAL_Driver/Src/stm32l4xx_hal_pwr_ex.o
 .debug_aranges
                0x0000000000000850       0x88 Drivers/STM32L4xx_HAL_Driver/Src/stm32l4xx_hal_rcc.o
 .debug_aranges
                0x00000000000008d8       0xc0 Drivers/STM32L4xx_HAL_Driver/Src/stm32l4xx_hal_rcc_ex.o
 .debug_aranges
                0x0000000000000998      0x210 Drivers/STM32L4xx_HAL_Driver/Src/stm32l4xx_hal_uart.o
 .debug_aranges
                0x0000000000000ba8       0x28 startup/startup_stm32l476xx.o

.debug_ranges   0x0000000000000000      0xb70
 .debug_ranges  0x0000000000000000       0x28 Core/Src/eeprom.o
 .debug_ranges  0x0000000000000028       0x38 Core/Src/main.o
 .debug_ranges  0x0000000000000060       0x30 Core/Src/stm32l4xx_hal_msp.o
 .debug_ranges  0x0000000000000090       0x50 Core/Src/stm32l4xx_it.o
 .debug_ranges  0x00000000000000e0       0xa0 Core/Src/syscalls.o
 .debug_ranges  0x0000000000000180       0x18 Core/Src/system_stm32l4xx.o
 .debug_ranges  0x0000000000000198      0x120 Drivers/STM32L4xx_HAL_Driver/Src/stm32l4xx_hal.o
 .debug_ranges  0x00000000000002b8       0xf8 Drivers/STM32L4xx_HAL_Driver/Src/stm32l4xx_hal_cortex.o
 .debug_ranges  0x00000000000003b0       0x48 Drivers/STM32L4xx_HAL_Driver/Src/stm32l4xx_hal_gpio.o
 .debug_ranges  0x00000000000003f8      0x280 Drivers/STM32L4xx_HAL_Driver/Src/stm32l4xx_hal_i2c.o
 .debug_ranges  0x0000000000000678       0x38 Drivers/STM32L4xx_HAL_Driver/Src/stm32l4xx_hal_i2c_ex.o
 .debug_ranges  0x00000000000006b0      0x140 Drivers/STM32L4xx_HAL_Driver/Src/stm32l4xx_hal_pwr_ex.o
 .debug_ranges  0x00000000000007f0       0x90 Drivers/STM32L4xx_HAL_Driver/Src/stm32l4xx_hal_rcc.o
 .debug_ranges  0x0000000000000880       0xd0 Drivers/STM32L4xx_HAL_Driver/Src/stm32l4xx_hal_rcc_ex.o
 .debug_ranges  0x0000000000000950      0x200 Drivers/STM32L4xx_HAL_Driver/Src/stm32l4xx_hal_uart.o
 .debug_ranges  0x0000000000000b50       0x20 startup/startup_stm32l476xx.o

.debug_macro    0x0000000000000000    0x26f33
 .debug_macro   0x0000000000000000      0x356 Core/Src/eeprom.o
 .debug_macro   0x0000000000000356      0xa54 Core/Src/eeprom.o
 .debug_macro   0x0000000000000daa      0x1a7 Core/Src/eeprom.o
 .debug_macro   0x0000000000000f51       0x2e Core/Src/eeprom.o
 .debug_macro   0x0000000000000f7f       0x28 Core/Src/eeprom.o
 .debug_macro   0x0000000000000fa7       0x22 Core/Src/eeprom.o
 .debug_macro   0x0000000000000fc9       0x8e Core/Src/eeprom.o
 .debug_macro   0x0000000000001057       0x51 Core/Src/eeprom.o
 .debug_macro   0x00000000000010a8       0xef Core/Src/eeprom.o
 .debug_macro   0x0000000000001197       0x6a Core/Src/eeprom.o
 .debug_macro   0x0000000000001201      0x1df Core/Src/eeprom.o
 .debug_macro   0x00000000000013e0       0x1c Core/Src/eeprom.o
 .debug_macro   0x00000000000013fc       0x22 Core/Src/eeprom.o
 .debug_macro   0x000000000000141e      0x101 Core/Src/eeprom.o
 .debug_macro   0x000000000000151f     0x1011 Core/Src/eeprom.o
 .debug_macro   0x0000000000002530      0x11f Core/Src/eeprom.o
 .debug_macro   0x000000000000264f    0x1a13d Core/Src/eeprom.o
 .debug_macro   0x000000000001c78c       0x43 Core/Src/eeprom.o
 .debug_macro   0x000000000001c7cf     0x3890 Core/Src/eeprom.o
 .debug_macro   0x000000000002005f      0x174 Core/Src/eeprom.o
 .debug_macro   0x00000000000201d3       0x5c Core/Src/eeprom.o
 .debug_macro   0x000000000002022f     0x155f Core/Src/eeprom.o
 .debug_macro   0x000000000002178e      0x59e Core/Src/eeprom.o
 .debug_macro   0x0000000000021d2c      0x13d Core/Src/eeprom.o
 .debug_macro   0x0000000000021e69      0x18b Core/Src/eeprom.o
 .debug_macro   0x0000000000021ff4      0x26b Core/Src/eeprom.o
 .debug_macro   0x000000000002225f      0x23d Core/Src/eeprom.o
 .debug_macro   0x000000000002249c      0x241 Core/Src/eeprom.o
 .debug_macro   0x00000000000226dd      0x37c Core/Src/eeprom.o
 .debug_macro   0x0000000000022a59       0xd6 Core/Src/eeprom.o
 .debug_macro   0x0000000000022b2f      0x22c Core/Src/eeprom.o
 .debug_macro   0x0000000000022d5b       0x61 Core/Src/eeprom.o
 .debug_macro   0x0000000000022dbc       0xa5 Core/Src/eeprom.o
 .debug_macro   0x0000000000022e61      0x122 Core/Src/eeprom.o
 .debug_macro   0x0000000000022f83      0x3e9 Core/Src/eeprom.o
 .debug_macro   0x000000000002336c      0x59e Core/Src/eeprom.o
 .debug_macro   0x000000000002390a       0x44 Core/Src/eeprom.o
 .debug_macro   0x000000000002394e      0x331 Core/Src/eeprom.o
 .debug_macro   0x0000000000023c7f       0x5e Core/Src/eeprom.o
 .debug_macro   0x0000000000023cdd       0x18 Core/Src/eeprom.o
 .debug_macro   0x0000000000023cf5       0x35 Core/Src/eeprom.o
 .debug_macro   0x0000000000023d2a       0x34 Core/Src/eeprom.o
 .debug_macro   0x0000000000023d5e       0x16 Core/Src/eeprom.o
 .debug_macro   0x0000000000023d74       0x35 Core/Src/eeprom.o
 .debug_macro   0x0000000000023da9      0x32a Core/Src/eeprom.o
 .debug_macro   0x00000000000240d3       0x10 Core/Src/eeprom.o
 .debug_macro   0x00000000000240e3       0x58 Core/Src/eeprom.o
 .debug_macro   0x000000000002413b       0x1f Core/Src/eeprom.o
 .debug_macro   0x000000000002415a       0x43 Core/Src/eeprom.o
 .debug_macro   0x000000000002419d       0x20 Core/Src/eeprom.o
 .debug_macro   0x00000000000241bd      0x18e Core/Src/eeprom.o
 .debug_macro   0x000000000002434b       0x10 Core/Src/eeprom.o
 .debug_macro   0x000000000002435b       0x1c Core/Src/eeprom.o
 .debug_macro   0x0000000000024377       0x52 Core/Src/eeprom.o
 .debug_macro   0x00000000000243c9       0x40 Core/Src/eeprom.o
 .debug_macro   0x0000000000024409       0x10 Core/Src/eeprom.o
 .debug_macro   0x0000000000024419       0x40 Core/Src/eeprom.o
 .debug_macro   0x0000000000024459       0xd7 Core/Src/eeprom.o
 .debug_macro   0x0000000000024530       0x1c Core/Src/eeprom.o
 .debug_macro   0x000000000002454c       0x3d Core/Src/eeprom.o
 .debug_macro   0x0000000000024589       0x16 Core/Src/eeprom.o
 .debug_macro   0x000000000002459f      0x16f Core/Src/eeprom.o
 .debug_macro   0x000000000002470e       0x16 Core/Src/eeprom.o
 .debug_macro   0x0000000000024724      0x360 Core/Src/main.o
 .debug_macro   0x0000000000024a84      0x1cf Core/Src/stm32l4xx_hal_msp.o
 .debug_macro   0x0000000000024c53      0x1d9 Core/Src/stm32l4xx_it.o
 .debug_macro   0x0000000000024e2c      0x243 Core/Src/syscalls.o
 .debug_macro   0x000000000002506f       0x58 Core/Src/syscalls.o
 .debug_macro   0x00000000000250c7       0x94 Core/Src/syscalls.o
 .debug_macro   0x000000000002515b       0x57 Core/Src/syscalls.o
 .debug_macro   0x00000000000251b2      0x330 Core/Src/syscalls.o
 .debug_macro   0x00000000000254e2       0x10 Core/Src/syscalls.o
 .debug_macro   0x00000000000254f2       0x10 Core/Src/syscalls.o
 .debug_macro   0x0000000000025502       0x10 Core/Src/syscalls.o
 .debug_macro   0x0000000000025512       0x35 Core/Src/syscalls.o
 .debug_macro   0x0000000000025547      0x122 Core/Src/syscalls.o
 .debug_macro   0x0000000000025669       0x16 Core/Src/syscalls.o
 .debug_macro   0x000000000002567f       0x16 Core/Src/syscalls.o
 .debug_macro   0x0000000000025695       0x29 Core/Src/syscalls.o
 .debug_macro   0x00000000000256be       0x10 Core/Src/syscalls.o
 .debug_macro   0x00000000000256ce      0x241 Core/Src/syscalls.o
 .debug_macro   0x000000000002590f       0x1c Core/Src/syscalls.o
 .debug_macro   0x000000000002592b       0x10 Core/Src/syscalls.o
 .debug_macro   0x000000000002593b      0x189 Core/Src/syscalls.o
 .debug_macro   0x0000000000025ac4       0x16 Core/Src/syscalls.o
 .debug_macro   0x0000000000025ada       0x88 Core/Src/syscalls.o
 .debug_macro   0x0000000000025b62      0x1cb Core/Src/system_stm32l4xx.o
 .debug_macro   0x0000000000025d2d      0x213 Drivers/STM32L4xx_HAL_Driver/Src/stm32l4xx_hal.o
 .debug_macro   0x0000000000025f40      0x1c5 Drivers/STM32L4xx_HAL_Driver/Src/stm32l4xx_hal_cortex.o
 .debug_macro   0x0000000000026105      0x204 Drivers/STM32L4xx_HAL_Driver/Src/stm32l4xx_hal_gpio.o
 .debug_macro   0x0000000000026309      0x28a Drivers/STM32L4xx_HAL_Driver/Src/stm32l4xx_hal_i2c.o
 .debug_macro   0x0000000000026593      0x1c5 Drivers/STM32L4xx_HAL_Driver/Src/stm32l4xx_hal_i2c_ex.o
 .debug_macro   0x0000000000026758      0x1e9 Drivers/STM32L4xx_HAL_Driver/Src/stm32l4xx_hal_pwr_ex.o
 .debug_macro   0x0000000000026941      0x207 Drivers/STM32L4xx_HAL_Driver/Src/stm32l4xx_hal_rcc.o
 .debug_macro   0x0000000000026b48      0x1fb Drivers/STM32L4xx_HAL_Driver/Src/stm32l4xx_hal_rcc_ex.o
 .debug_macro   0x0000000000026d43      0x1f0 Drivers/STM32L4xx_HAL_Driver/Src/stm32l4xx_hal_uart.o

.debug_line     0x0000000000000000     0xa1d6
 .debug_line    0x0000000000000000      0x878 Core/Src/eeprom.o
 .debug_line    0x0000000000000878      0x8ee Core/Src/main.o
 .debug_line    0x0000000000001166      0x74a Core/Src/stm32l4xx_hal_msp.o
 .debug_line    0x00000000000018b0      0x76b Core/Src/stm32l4xx_it.o
 .debug_line    0x000000000000201b      0x5ee Core/Src/syscalls.o
 .debug_line    0x0000000000002609      0x714 Core/Src/system_stm32l4xx.o
 .debug_line    0x0000000000002d1d      0x97e Drivers/STM32L4xx_HAL_Driver/Src/stm32l4xx_hal.o
 .debug_line    0x000000000000369b      0x92c Drivers/STM32L4xx_HAL_Driver/Src/stm32l4xx_hal_cortex.o
 .debug_line    0x0000000000003fc7      0x855 Drivers/STM32L4xx_HAL_Driver/Src/stm32l4xx_hal_gpio.o
 .debug_line    0x000000000000481c     0x1b7d Drivers/STM32L4xx_HAL_Driver/Src/stm32l4xx_hal_i2c.o
 .debug_line    0x0000000000006399      0x820 Drivers/STM32L4xx_HAL_Driver/Src/stm32l4xx_hal_i2c_ex.o
 .debug_line    0x0000000000006bb9      0xb50 Drivers/STM32L4xx_HAL_Driver/Src/stm32l4xx_hal_pwr_ex.o
 .debug_line    0x0000000000007709      0xa86 Drivers/STM32L4xx_HAL_Driver/Src/stm32l4xx_hal_rcc.o
 .debug_line    0x000000000000818f      0xcf7 Drivers/STM32L4xx_HAL_Driver/Src/stm32l4xx_hal_rcc_ex.o
 .debug_line    0x0000000000008e86     0x12d0 Drivers/STM32L4xx_HAL_Driver/Src/stm32l4xx_hal_uart.o
 .debug_line    0x000000000000a156       0x80 startup/startup_stm32l476xx.o

.debug_str      0x0000000000000000    0xeaf23
 .debug_str     0x0000000000000000    0xe61fd Core/Src/eeprom.o
                                      0xe65e1 (size before relaxing)
 .debug_str     0x00000000000e61fd      0x739 Core/Src/main.o
                                      0xe6cf9 (size before relaxing)
 .debug_str     0x00000000000e6936       0x8d Core/Src/stm32l4xx_hal_msp.o
                                      0xe2965 (size before relaxing)
 .debug_str     0x00000000000e69c3       0xc9 Core/Src/stm32l4xx_it.o
                                      0xe2179 (size before relaxing)
 .debug_str     0x00000000000e6a8c     0x122f Core/Src/syscalls.o
                                       0x859e (size before relaxing)
 .debug_str     0x00000000000e7cbb       0xcd Core/Src/system_stm32l4xx.o
                                      0xe22c2 (size before relaxing)
 .debug_str     0x00000000000e7d88      0xa75 Drivers/STM32L4xx_HAL_Driver/Src/stm32l4xx_hal.o
                                      0xe2e57 (size before relaxing)
 .debug_str     0x00000000000e87fd      0x344 Drivers/STM32L4xx_HAL_Driver/Src/stm32l4xx_hal_cortex.o
                                      0xe2b16 (size before relaxing)
 .debug_str     0x00000000000e8b41      0x1f5 Drivers/STM32L4xx_HAL_Driver/Src/stm32l4xx_hal_gpio.o
                                      0xe2541 (size before relaxing)
 .debug_str     0x00000000000e8d36      0xd4c Drivers/STM32L4xx_HAL_Driver/Src/stm32l4xx_hal_i2c.o
                                      0xe3412 (size before relaxing)
 .debug_str     0x00000000000e9a82       0xb8 Drivers/STM32L4xx_HAL_Driver/Src/stm32l4xx_hal_i2c_ex.o
                                      0xe27cb (size before relaxing)
 .debug_str     0x00000000000e9b3a      0x4a8 Drivers/STM32L4xx_HAL_Driver/Src/stm32l4xx_hal_pwr_ex.o
                                      0xe27f1 (size before relaxing)
 .debug_str     0x00000000000e9fe2      0x31d Drivers/STM32L4xx_HAL_Driver/Src/stm32l4xx_hal_rcc.o
                                      0xe28c5 (size before relaxing)
 .debug_str     0x00000000000ea2ff      0x3bf Drivers/STM32L4xx_HAL_Driver/Src/stm32l4xx_hal_rcc_ex.o
                                      0xe2aa4 (size before relaxing)
 .debug_str     0x00000000000ea6be      0x836 Drivers/STM32L4xx_HAL_Driver/Src/stm32l4xx_hal_uart.o
                                      0xe2f22 (size before relaxing)
 .debug_str     0x00000000000eaef4       0x2f startup/startup_stm32l476xx.o
                                         0x5e (size before relaxing)

.comment        0x0000000000000000       0x7f
 .comment       0x0000000000000000       0x7f Core/Src/eeprom.o
                                         0x80 (size before relaxing)
 .comment       0x000000000000007f       0x80 Core/Src/main.o
 .comment       0x000000000000007f       0x80 Core/Src/stm32l4xx_hal_msp.o
 .comment       0x000000000000007f       0x80 Core/Src/stm32l4xx_it.o
 .comment       0x000000000000007f       0x80 Core/Src/syscalls.o
 .comment       0x000000000000007f       0x80 Core/Src/system_stm32l4xx.o
 .comment       0x000000000000007f       0x80 Drivers/STM32L4xx_HAL_Driver/Src/stm32l4xx_hal.o
 .comment       0x000000000000007f       0x80 Drivers/STM32L4xx_HAL_Driver/Src/stm32l4xx_hal_cortex.o
 .comment       0x000000000000007f       0x80 Drivers/STM32L4xx_HAL_Driver/Src/stm32l4xx_hal_gpio.o
 .comment       0x000000000000007f       0x80 Drivers/STM32L4xx_HAL_Driver/Src/stm32l4xx_hal_i2c.o
 .comment       0x000000000000007f       0x80 Drivers/STM32L4xx_HAL_Driver/Src/stm32l4xx_hal_i2c_ex.o
 .comment       0x000000000000007f       0x80 Drivers/STM32L4xx_HAL_Driver/Src/stm32l4xx_hal_pwr_ex.o
 .comment       0x000000000000007f       0x80 Drivers/STM32L4xx_HAL_Driver/Src/stm32l4xx_hal_rcc.o
 .comment       0x000000000000007f       0x80 Drivers/STM32L4xx_HAL_Driver/Src/stm32l4xx_hal_rcc_ex.o
 .comment       0x000000000000007f       0x80 Drivers/STM32L4xx_HAL_Driver/Src/stm32l4xx_hal_uart.o

.debug_frame    0x0000000000000000     0x2250
 .debug_frame   0x0000000000000000       0x84 Core/Src/eeprom.o
 .debug_frame   0x0000000000000084       0xa8 Core/Src/main.o
 .debug_frame   0x000000000000012c       0x98 Core/Src/stm32l4xx_hal_msp.o
 .debug_frame   0x00000000000001c4       0xa8 Core/Src/stm32l4xx_it.o
 .debug_frame   0x000000000000026c      0x1a8 Core/Src/syscalls.o
 .debug_frame   0x0000000000000414       0x30 Core/Src/system_stm32l4xx.o
 .debug_frame   0x0000000000000444      0x274 Drivers/STM32L4xx_HAL_Driver/Src/stm32l4xx_hal.o
 .debug_frame   0x00000000000006b8      0x15c Drivers/STM32L4xx_HAL_Driver/Src/stm32l4xx_hal_cortex.o
 .debug_frame   0x0000000000000814       0xd0 Drivers/STM32L4xx_HAL_Driver/Src/stm32l4xx_hal_gpio.o
 .debug_frame   0x00000000000008e4      0x928 Drivers/STM32L4xx_HAL_Driver/Src/stm32l4xx_hal_i2c.o
 .debug_frame   0x000000000000120c       0x80 Drivers/STM32L4xx_HAL_Driver/Src/stm32l4xx_hal_i2c_ex.o
 .debug_frame   0x000000000000128c      0x298 Drivers/STM32L4xx_HAL_Driver/Src/stm32l4xx_hal_pwr_ex.o
 .debug_frame   0x0000000000001524      0x18c Drivers/STM32L4xx_HAL_Driver/Src/stm32l4xx_hal_rcc.o
 .debug_frame   0x00000000000016b0      0x204 Drivers/STM32L4xx_HAL_Driver/Src/stm32l4xx_hal_rcc_ex.o
 .debug_frame   0x00000000000018b4      0x5ac Drivers/STM32L4xx_HAL_Driver/Src/stm32l4xx_hal_uart.o
 .debug_frame   0x0000000000001e60       0x2c /home/pvl/Privat/stm32/Ac6/plugins/fr.ac6.mcu.externaltools.arm-none.linux64_1.17.0.201812190825/tools/compiler/bin/../lib/gcc/arm-none-eabi/7.3.1/thumb/v7e-m/fpv4-sp/hard/libgcc.a(_aeabi_uldivmod.o)
 .debug_frame   0x0000000000001e8c       0x34 /home/pvl/Privat/stm32/Ac6/plugins/fr.ac6.mcu.externaltools.arm-none.linux64_1.17.0.201812190825/tools/compiler/bin/../lib/gcc/arm-none-eabi/7.3.1/thumb/v7e-m/fpv4-sp/hard/libgcc.a(_udivmoddi4.o)
 .debug_frame   0x0000000000001ec0       0x20 /home/pvl/Privat/stm32/Ac6/plugins/fr.ac6.mcu.externaltools.arm-none.linux64_1.17.0.201812190825/tools/compiler/bin/../lib/gcc/arm-none-eabi/7.3.1/../../../../arm-none-eabi/lib/thumb/v7e-m/fpv4-sp/hard/libc_nano.a(lib_a-errno.o)
 .debug_frame   0x0000000000001ee0       0x2c /home/pvl/Privat/stm32/Ac6/plugins/fr.ac6.mcu.externaltools.arm-none.linux64_1.17.0.201812190825/tools/compiler/bin/../lib/gcc/arm-none-eabi/7.3.1/../../../../arm-none-eabi/lib/thumb/v7e-m/fpv4-sp/hard/libc_nano.a(lib_a-init.o)
 .debug_frame   0x0000000000001f0c       0x20 /home/pvl/Privat/stm32/Ac6/plugins/fr.ac6.mcu.externaltools.arm-none.linux64_1.17.0.201812190825/tools/compiler/bin/../lib/gcc/arm-none-eabi/7.3.1/../../../../arm-none-eabi/lib/thumb/v7e-m/fpv4-sp/hard/libc_nano.a(lib_a-memset.o)
 .debug_frame   0x0000000000001f2c       0x6c /home/pvl/Privat/stm32/Ac6/plugins/fr.ac6.mcu.externaltools.arm-none.linux64_1.17.0.201812190825/tools/compiler/bin/../lib/gcc/arm-none-eabi/7.3.1/../../../../arm-none-eabi/lib/thumb/v7e-m/fpv4-sp/hard/libc_nano.a(lib_a-sprintf.o)
 .debug_frame   0x0000000000001f98       0x90 /home/pvl/Privat/stm32/Ac6/plugins/fr.ac6.mcu.externaltools.arm-none.linux64_1.17.0.201812190825/tools/compiler/bin/../lib/gcc/arm-none-eabi/7.3.1/../../../../arm-none-eabi/lib/thumb/v7e-m/fpv4-sp/hard/libc_nano.a(lib_a-nano-svfprintf.o)
 .debug_frame   0x0000000000002028       0x60 /home/pvl/Privat/stm32/Ac6/plugins/fr.ac6.mcu.externaltools.arm-none.linux64_1.17.0.201812190825/tools/compiler/bin/../lib/gcc/arm-none-eabi/7.3.1/../../../../arm-none-eabi/lib/thumb/v7e-m/fpv4-sp/hard/libc_nano.a(lib_a-nano-vfprintf_i.o)
 .debug_frame   0x0000000000002088       0x28 /home/pvl/Privat/stm32/Ac6/plugins/fr.ac6.mcu.externaltools.arm-none.linux64_1.17.0.201812190825/tools/compiler/bin/../lib/gcc/arm-none-eabi/7.3.1/../../../../arm-none-eabi/lib/thumb/v7e-m/fpv4-sp/hard/libc_nano.a(lib_a-memcpy-stub.o)
 .debug_frame   0x00000000000020b0       0x28 /home/pvl/Privat/stm32/Ac6/plugins/fr.ac6.mcu.externaltools.arm-none.linux64_1.17.0.201812190825/tools/compiler/bin/../lib/gcc/arm-none-eabi/7.3.1/../../../../arm-none-eabi/lib/thumb/v7e-m/fpv4-sp/hard/libc_nano.a(lib_a-memmove.o)
 .debug_frame   0x00000000000020d8       0x38 /home/pvl/Privat/stm32/Ac6/plugins/fr.ac6.mcu.externaltools.arm-none.linux64_1.17.0.201812190825/tools/compiler/bin/../lib/gcc/arm-none-eabi/7.3.1/../../../../arm-none-eabi/lib/thumb/v7e-m/fpv4-sp/hard/libc_nano.a(lib_a-nano-freer.o)
 .debug_frame   0x0000000000002110       0x2c /home/pvl/Privat/stm32/Ac6/plugins/fr.ac6.mcu.externaltools.arm-none.linux64_1.17.0.201812190825/tools/compiler/bin/../lib/gcc/arm-none-eabi/7.3.1/../../../../arm-none-eabi/lib/thumb/v7e-m/fpv4-sp/hard/libc_nano.a(lib_a-nano-mallocr.o)
 .debug_frame   0x000000000000213c       0x3c /home/pvl/Privat/stm32/Ac6/plugins/fr.ac6.mcu.externaltools.arm-none.linux64_1.17.0.201812190825/tools/compiler/bin/../lib/gcc/arm-none-eabi/7.3.1/../../../../arm-none-eabi/lib/thumb/v7e-m/fpv4-sp/hard/libc_nano.a(lib_a-nano-reallocr.o)
 .debug_frame   0x0000000000002178       0x2c /home/pvl/Privat/stm32/Ac6/plugins/fr.ac6.mcu.externaltools.arm-none.linux64_1.17.0.201812190825/tools/compiler/bin/../lib/gcc/arm-none-eabi/7.3.1/../../../../arm-none-eabi/lib/thumb/v7e-m/fpv4-sp/hard/libc_nano.a(lib_a-sbrkr.o)
 .debug_frame   0x00000000000021a4       0x30 /home/pvl/Privat/stm32/Ac6/plugins/fr.ac6.mcu.externaltools.arm-none.linux64_1.17.0.201812190825/tools/compiler/bin/../lib/gcc/arm-none-eabi/7.3.1/../../../../arm-none-eabi/lib/thumb/v7e-m/fpv4-sp/hard/libc_nano.a(lib_a-mlock.o)
 .debug_frame   0x00000000000021d4       0x20 /home/pvl/Privat/stm32/Ac6/plugins/fr.ac6.mcu.externaltools.arm-none.linux64_1.17.0.201812190825/tools/compiler/bin/../lib/gcc/arm-none-eabi/7.3.1/../../../../arm-none-eabi/lib/thumb/v7e-m/fpv4-sp/hard/libc_nano.a(lib_a-nano-msizer.o)
 .debug_frame   0x00000000000021f4       0x5c /home/pvl/Privat/stm32/Ac6/plugins/fr.ac6.mcu.externaltools.arm-none.linux64_1.17.0.201812190825/tools/compiler/bin/../lib/gcc/arm-none-eabi/7.3.1/../../../../arm-none-eabi/lib/thumb/v7e-m/fpv4-sp/hard/libc_nano.a(lib_a-reent.o)
