Archive member included to satisfy reference by file (symbol)

/home/pvl/Privat/stm32/Ac6/plugins/fr.ac6.mcu.externaltools.arm-none.linux64_1.17.0.201812190825/tools/compiler/bin/../lib/gcc/arm-none-eabi/7.3.1/thumb/v7e-m/fpv4-sp/hard/libgcc.a(_aeabi_uldivmod.o)
                              Drivers/STM32L4xx_HAL_Driver/Src/stm32l4xx_hal_uart.o (__aeabi_uldivmod)
/home/pvl/Privat/stm32/Ac6/plugins/fr.ac6.mcu.externaltools.arm-none.linux64_1.17.0.201812190825/tools/compiler/bin/../lib/gcc/arm-none-eabi/7.3.1/thumb/v7e-m/fpv4-sp/hard/libgcc.a(_udivmoddi4.o)
                              /home/pvl/Privat/stm32/Ac6/plugins/fr.ac6.mcu.externaltools.arm-none.linux64_1.17.0.201812190825/tools/compiler/bin/../lib/gcc/arm-none-eabi/7.3.1/thumb/v7e-m/fpv4-sp/hard/libgcc.a(_aeabi_uldivmod.o) (__udivmoddi4)
/home/pvl/Privat/stm32/Ac6/plugins/fr.ac6.mcu.externaltools.arm-none.linux64_1.17.0.201812190825/tools/compiler/bin/../lib/gcc/arm-none-eabi/7.3.1/thumb/v7e-m/fpv4-sp/hard/libgcc.a(_dvmd_tls.o)
                              /home/pvl/Privat/stm32/Ac6/plugins/fr.ac6.mcu.externaltools.arm-none.linux64_1.17.0.201812190825/tools/compiler/bin/../lib/gcc/arm-none-eabi/7.3.1/thumb/v7e-m/fpv4-sp/hard/libgcc.a(_aeabi_uldivmod.o) (__aeabi_ldiv0)
/home/pvl/Privat/stm32/Ac6/plugins/fr.ac6.mcu.externaltools.arm-none.linux64_1.17.0.201812190825/tools/compiler/bin/../lib/gcc/arm-none-eabi/7.3.1/../../../../arm-none-eabi/lib/thumb/v7e-m/fpv4-sp/hard/libc_nano.a(lib_a-errno.o)
                              Core/Src/syscalls.o (__errno)
/home/pvl/Privat/stm32/Ac6/plugins/fr.ac6.mcu.externaltools.arm-none.linux64_1.17.0.201812190825/tools/compiler/bin/../lib/gcc/arm-none-eabi/7.3.1/../../../../arm-none-eabi/lib/thumb/v7e-m/fpv4-sp/hard/libc_nano.a(lib_a-exit.o)
                              /home/pvl/Privat/stm32/Ac6/plugins/fr.ac6.mcu.externaltools.arm-none.linux64_1.17.0.201812190825/tools/compiler/bin/../lib/gcc/arm-none-eabi/7.3.1/../../../../arm-none-eabi/lib/thumb/v7e-m/fpv4-sp/hard/crt0.o (exit)
/home/pvl/Privat/stm32/Ac6/plugins/fr.ac6.mcu.externaltools.arm-none.linux64_1.17.0.201812190825/tools/compiler/bin/../lib/gcc/arm-none-eabi/7.3.1/../../../../arm-none-eabi/lib/thumb/v7e-m/fpv4-sp/hard/libc_nano.a(lib_a-impure.o)
                              /home/pvl/Privat/stm32/Ac6/plugins/fr.ac6.mcu.externaltools.arm-none.linux64_1.17.0.201812190825/tools/compiler/bin/../lib/gcc/arm-none-eabi/7.3.1/../../../../arm-none-eabi/lib/thumb/v7e-m/fpv4-sp/hard/libc_nano.a(lib_a-exit.o) (_global_impure_ptr)
/home/pvl/Privat/stm32/Ac6/plugins/fr.ac6.mcu.externaltools.arm-none.linux64_1.17.0.201812190825/tools/compiler/bin/../lib/gcc/arm-none-eabi/7.3.1/../../../../arm-none-eabi/lib/thumb/v7e-m/fpv4-sp/hard/libc_nano.a(lib_a-init.o)
                              /home/pvl/Privat/stm32/Ac6/plugins/fr.ac6.mcu.externaltools.arm-none.linux64_1.17.0.201812190825/tools/compiler/bin/../lib/gcc/arm-none-eabi/7.3.1/../../../../arm-none-eabi/lib/thumb/v7e-m/fpv4-sp/hard/crt0.o (__libc_init_array)
/home/pvl/Privat/stm32/Ac6/plugins/fr.ac6.mcu.externaltools.arm-none.linux64_1.17.0.201812190825/tools/compiler/bin/../lib/gcc/arm-none-eabi/7.3.1/../../../../arm-none-eabi/lib/thumb/v7e-m/fpv4-sp/hard/libc_nano.a(lib_a-memset.o)
                              /home/pvl/Privat/stm32/Ac6/plugins/fr.ac6.mcu.externaltools.arm-none.linux64_1.17.0.201812190825/tools/compiler/bin/../lib/gcc/arm-none-eabi/7.3.1/../../../../arm-none-eabi/lib/thumb/v7e-m/fpv4-sp/hard/crt0.o (memset)
/home/pvl/Privat/stm32/Ac6/plugins/fr.ac6.mcu.externaltools.arm-none.linux64_1.17.0.201812190825/tools/compiler/bin/../lib/gcc/arm-none-eabi/7.3.1/../../../../arm-none-eabi/lib/thumb/v7e-m/fpv4-sp/hard/libc_nano.a(lib_a-sprintf.o)
                              Core/Src/main.o (sprintf)
/home/pvl/Privat/stm32/Ac6/plugins/fr.ac6.mcu.externaltools.arm-none.linux64_1.17.0.201812190825/tools/compiler/bin/../lib/gcc/arm-none-eabi/7.3.1/../../../../arm-none-eabi/lib/thumb/v7e-m/fpv4-sp/hard/libc_nano.a(lib_a-nano-svfprintf.o)
                              /home/pvl/Privat/stm32/Ac6/plugins/fr.ac6.mcu.externaltools.arm-none.linux64_1.17.0.201812190825/tools/compiler/bin/../lib/gcc/arm-none-eabi/7.3.1/../../../../arm-none-eabi/lib/thumb/v7e-m/fpv4-sp/hard/libc_nano.a(lib_a-sprintf.o) (_svfprintf_r)
/home/pvl/Privat/stm32/Ac6/plugins/fr.ac6.mcu.externaltools.arm-none.linux64_1.17.0.201812190825/tools/compiler/bin/../lib/gcc/arm-none-eabi/7.3.1/../../../../arm-none-eabi/lib/thumb/v7e-m/fpv4-sp/hard/libc_nano.a(lib_a-nano-vfprintf_i.o)
                              /home/pvl/Privat/stm32/Ac6/plugins/fr.ac6.mcu.externaltools.arm-none.linux64_1.17.0.201812190825/tools/compiler/bin/../lib/gcc/arm-none-eabi/7.3.1/../../../../arm-none-eabi/lib/thumb/v7e-m/fpv4-sp/hard/libc_nano.a(lib_a-nano-svfprintf.o) (_printf_i)
[...]
Memory Configuration

Name             Origin             Length             Attributes
RAM              0x0000000020000000 0x0000000000018000 xrw
RAM2             0x0000000010000000 0x0000000000008000 xrw
FLASH            0x0000000008000000 0x0000000000100000 xr
*default*        0x0000000000000000 0xffffffffffffffff

Linker script and memory map

LOAD /home/pvl/Privat/stm32/Ac6/plugins/fr.ac6.mcu.externaltools.arm-none.linux64_1.17.0.201812190825/tools/compiler/bin/../lib/gcc/arm-none-eabi/7.3.1/thumb/v7e-m/fpv4-sp/hard/crti.o
LOAD /home/pvl/Privat/stm32/Ac6/plugins/fr.ac6.mcu.externaltools.arm-none.linux64_1.17.0.201812190825/tools/compiler/bin/../lib/gcc/arm-none-eabi/7.3.1/thumb/v7e-m/fpv4-sp/hard/crtbegin.o
LOAD /home/pvl/Privat/stm32/Ac6/plugins/fr.ac6.mcu.externaltools.arm-none.linux64_1.17.0.201812190825/tools/compiler/bin/../lib/gcc/arm-none-eabi/7.3.1/../../../../arm-none-eabi/lib/thumb/v7e-m/fpv4-sp/hard/crt0.o
LOAD Core/Src/eeprom.o
LOAD Core/Src/main.o
LOAD Core/Src/stm32l4xx_hal_msp.o
LOAD Core/Src/stm32l4xx_it.o
LOAD Core/Src/syscalls.o
LOAD Core/Src/system_stm32l4xx.o
LOAD Drivers/STM32L4xx_HAL_Driver/Src/stm32l4xx_hal.o
LOAD Drivers/STM32L4xx_HAL_Driver/Src/stm32l4xx_hal_cortex.o
LOAD Drivers/STM32L4xx_HAL_Driver/Src/stm32l4xx_hal_dma.o
LOAD Drivers/STM32L4xx_HAL_Driver/Src/stm32l4xx_hal_dma_ex.o
LOAD Drivers/STM32L4xx_HAL_Driver/Src/stm32l4xx_hal_exti.o
LOAD Drivers/STM32L4xx_HAL_Driver/Src/stm32l4xx_hal_flash.o
LOAD Drivers/STM32L4xx_HAL_Driver/Src/stm32l4xx_hal_flash_ex.o
LOAD Drivers/STM32L4xx_HAL_Driver/Src/stm32l4xx_hal_flash_ramfunc.o
LOAD Drivers/STM32L4xx_HAL_Driver/Src/stm32l4xx_hal_gpio.o
LOAD Drivers/STM32L4xx_HAL_Driver/Src/stm32l4xx_hal_i2c.o
LOAD Drivers/STM32L4xx_HAL_Driver/Src/stm32l4xx_hal_i2c_ex.o
LOAD Drivers/STM32L4xx_HAL_Driver/Src/stm32l4xx_hal_pwr.o
LOAD Drivers/STM32L4xx_HAL_Driver/Src/stm32l4xx_hal_pwr_ex.o
LOAD Drivers/STM32L4xx_HAL_Driver/Src/stm32l4xx_hal_rcc.o
LOAD Drivers/STM32L4xx_HAL_Driver/Src/stm32l4xx_hal_rcc_ex.o
LOAD Drivers/STM32L4xx_HAL_Driver/Src/stm32l4xx_hal_tim.o
LOAD Drivers/STM32L4xx_HAL_Driver/Src/stm32l4xx_hal_tim_ex.o
LOAD Drivers/STM32L4xx_HAL_Driver/Src/stm32l4xx_hal_uart.o
LOAD Drivers/STM32L4xx_HAL_Driver/Src/stm32l4xx_hal_uart_ex.o
LOAD startup/startup_stm32l476xx.o
LOAD /home/pvl/Privat/stm32/Ac6/plugins/fr.ac6.mcu.externaltools.arm-none.linux64_1.17.0.201812190825/tools/compiler/bin/../lib/gcc/arm-none-eabi/7.3.1/../../../../arm-none-eabi/lib/thumb/v7e-m/fpv4-sp/hard/libm.a
START GROUP
LOAD /home/pvl/Privat/stm32/Ac6/plugins/fr.ac6.mcu.externaltools.arm-none.linux64_1.17.0.201812190825/tools/compiler/bin/../lib/gcc/arm-none-eabi/7.3.1/thumb/v7e-m/fpv4-sp/hard/libgcc.a
LOAD /home/pvl/Privat/stm32/Ac6/plugins/fr.ac6.mcu.externaltools.arm-none.linux64_1.17.0.201812190825/tools/compiler/bin/../lib/gcc/arm-none-eabi/7.3.1/../../../../arm-none-eabi/lib/thumb/v7e-m/fpv4-sp/hard/libc_nano.a
END GROUP
START GROUP
LOAD /home/pvl/Privat/stm32/Ac6/plugins/fr.ac6.mcu.externaltools.arm-none.linux64_1.17.0.201812190825/tools/compiler/bin/../lib/gcc/arm-none-eabi/7.3.1/thumb/v7e-m/fpv4-sp/hard/libgcc.a
LOAD /home/pvl/Privat/stm32/Ac6/plugins/fr.ac6.mcu.externaltools.arm-none.linux64_1.17.0.201812190825/tools/compiler/bin/../lib/gcc/arm-none-eabi/7.3.1/../../../../arm-none-eabi/lib/thumb/v7e-m/fpv4-sp/hard/libc_nano.a
LOAD /home/pvl/Privat/stm32/Ac6/plugins/fr.ac6.mcu.externaltools.arm-none.linux64_1.17.0.201812190825/tools/compiler/bin/../lib/gcc/arm-none-eabi/7.3.1/../../../../arm-none-eabi/lib/thumb/v7e-m/fpv4-sp/hard/libnosys.a
END GROUP
START GROUP
LOAD /home/pvl/Privat/stm32/Ac6/plugins/fr.ac6.mcu.externaltools.arm-none.linux64_1.17.0.201812190825/tools/compiler/bin/../lib/gcc/arm-none-eabi/7.3.1/thumb/v7e-m/fpv4-sp/hard/libgcc.a
LOAD /home/pvl/Privat/stm32/Ac6/plugins/fr.ac6.mcu.externaltools.arm-none.linux64_1.17.0.201812190825/tools/compiler/bin/../lib/gcc/arm-none-eabi/7.3.1/../../../../arm-none-eabi/lib/thumb/v7e-m/fpv4-sp/hard/libc_nano.a
LOAD /home/pvl/Privat/stm32/Ac6/plugins/fr.ac6.mcu.externaltools.arm-none.linux64_1.17.0.201812190825/tools/compiler/bin/../lib/gcc/arm-none-eabi/7.3.1/../../../../arm-none-eabi/lib/thumb/v7e-m/fpv4-sp/hard/libnosys.a
END GROUP
LOAD /home/pvl/Privat/stm32/Ac6/plugins/fr.ac6.mcu.externaltools.arm-none.linux64_1.17.0.201812190825/tools/compiler/bin/../lib/gcc/arm-none-eabi/7.3.1/thumb/v7e-m/fpv4-sp/hard/crtend.o
LOAD /home/pvl/Privat/stm32/Ac6/plugins/fr.ac6.mcu.externaltools.arm-none.linux64_1.17.0.201812190825/tools/compiler/bin/../lib/gcc/arm-none-eabi/7.3.1/thumb/v7e-m/fpv4-sp/hard/crtn.o
                0x0000000020018000                _estack = 0x20018000
                0x0000000000000200                _Min_Heap_Size = 0x200
                0x0000000000000400                _Min_Stack_Size = 0x400

.isr_vector     0x0000000008000000      0x188
                0x0000000008000000                . = ALIGN (0x8)
 *(.isr_vector)
 .isr_vector    0x0000000008000000      0x188 startup/startup_stm32l476xx.o
                0x0000000008000000                g_pfnVectors
                0x0000000008000188                . = ALIGN (0x8)

.text           0x0000000008000190     0x3040
                0x0000000008000190                . = ALIGN (0x8)
 *(.text)
 .text          0x0000000008000190       0x40 /home/pvl/Privat/stm32/Ac6/plugins/fr.ac6.mcu.externaltools.arm-none.linux64_1.17.0.201812190825/tools/compiler/bin/../lib/gcc/arm-none-eabi/7.3.1/thumb/v7e-m/fpv4-sp/hard/crtbegin.o
 .text          0x00000000080001d0       0x30 /home/pvl/Privat/stm32/Ac6/plugins/fr.ac6.mcu.externaltools.arm-none.linux64_1.17.0.201812190825/tools/compiler/bin/../lib/gcc/arm-none-eabi/7.3.1/thumb/v7e-m/fpv4-sp/hard/libgcc.a(_aeabi_uldivmod.o)
                0x00000000080001d0                __aeabi_uldivmod
 .text          0x0000000008000200      0x2cc /home/pvl/Privat/stm32/Ac6/plugins/fr.ac6.mcu.externaltools.arm-none.linux64_1.17.0.201812190825/tools/compiler/bin/../lib/gcc/arm-none-eabi/7.3.1/thumb/v7e-m/fpv4-sp/hard/libgcc.a(_udivmoddi4.o)
                0x0000000008000200                __udivmoddi4
 .text          0x00000000080004cc        0x4 /home/pvl/Privat/stm32/Ac6/plugins/fr.ac6.mcu.externaltools.arm-none.linux64_1.17.0.201812190825/tools/compiler/bin/../lib/gcc/arm-none-eabi/7.3.1/thumb/v7e-m/fpv4-sp/hard/libgcc.a(_dvmd_tls.o)
                0x00000000080004cc                __aeabi_ldiv0
                0x00000000080004cc                __aeabi_idiv0
 .text          0x00000000080004d0       0xa0 /home/pvl/Privat/stm32/Ac6/plugins/fr.ac6.mcu.externaltools.arm-none.linux64_1.17.0.201812190825/tools/compiler/bin/../lib/gcc/arm-none-eabi/7.3.1/../../../../arm-none-eabi/lib/thumb/v7e-m/fpv4-sp/hard/libc_nano.a(lib_a-memchr.o)
                0x00000000080004d0                memchr
 *(.text*)
 .text.MX_GPIO_Init
                0x0000000008000570       0x60 Core/Src/main.o
 .text.eeprom_Read
                0x00000000080005d0       0x54 Core/Src/main.o
                0x00000000080005d0                eeprom_Read
 .text.Error_Handler
                0x0000000008000624        0x4 Core/Src/main.o
                0x0000000008000624                Error_Handler
 .text.MX_I2C1_Init
                0x0000000008000628       0x54 Core/Src/main.o
 .text.MX_USART2_UART_Init
                0x000000000800067c       0x38 Core/Src/main.o
 .text.SystemClock_Config
                0x00000000080006b4       0x98 Core/Src/main.o
                0x00000000080006b4                SystemClock_Config
 .text.main     0x000000000800074c       0x40 Core/Src/main.o
                0x000000000800074c                main
 .text.HAL_MspInit
                0x000000000800078c       0x30 Core/Src/stm32l4xx_hal_msp.o
                0x000000000800078c                HAL_MspInit
 .text.HAL_I2C_MspInit
                0x00000000080007bc       0x70 Core/Src/stm32l4xx_hal_msp.o
                0x00000000080007bc                HAL_I2C_MspInit
 .text.HAL_UART_MspInit
                0x000000000800082c       0x68 Core/Src/stm32l4xx_hal_msp.o
                0x000000000800082c                HAL_UART_MspInit
 .text.NMI_Handler
                0x0000000008000894        0x2 Core/Src/stm32l4xx_it.o
                0x0000000008000894                NMI_Handler
 .text.HardFault_Handler
                0x0000000008000896        0x2 Core/Src/stm32l4xx_it.o
                0x0000000008000896                HardFault_Handler
 .text.MemManage_Handler
                0x0000000008000898        0x2 Core/Src/stm32l4xx_it.o
                0x0000000008000898                MemManage_Handler
 .text.BusFault_Handler
                0x000000000800089a        0x2 Core/Src/stm32l4xx_it.o
                0x000000000800089a                BusFault_Handler
 .text.UsageFault_Handler
                0x000000000800089c        0x2 Core/Src/stm32l4xx_it.o
                0x000000000800089c                UsageFault_Handler
 .text.SVC_Handler
                0x000000000800089e        0x2 Core/Src/stm32l4xx_it.o
                0x000000000800089e                SVC_Handler
 .text.DebugMon_Handler
                0x00000000080008a0        0x2 Core/Src/stm32l4xx_it.o
                0x00000000080008a0                DebugMon_Handler
 .text.PendSV_Handler
                0x00000000080008a2        0x2 Core/Src/stm32l4xx_it.o
                0x00000000080008a2                PendSV_Handler
 .text.SysTick_Handler
                0x00000000080008a4        0x8 Core/Src/stm32l4xx_it.o
                0x00000000080008a4                SysTick_Handler
 .text._sbrk    0x00000000080008ac       0x3c Core/Src/syscalls.o
                0x00000000080008ac                _sbrk
 .text.SystemInit
                0x00000000080008e8       0x48 Core/Src/system_stm32l4xx.o
                0x00000000080008e8                SystemInit
 .text.HAL_InitTick
                0x0000000008000930       0x4c Drivers/STM32L4xx_HAL_Driver/Src/stm32l4xx_hal.o
                0x0000000008000930                HAL_InitTick
 .text.HAL_Init
                0x000000000800097c       0x2c Drivers/STM32L4xx_HAL_Driver/Src/stm32l4xx_hal.o
                0x000000000800097c                HAL_Init
 .text.HAL_IncTick
                0x00000000080009a8       0x18 Drivers/STM32L4xx_HAL_Driver/Src/stm32l4xx_hal.o
                0x00000000080009a8                HAL_IncTick
 .text.HAL_GetTick
                0x00000000080009c0        0xc Drivers/STM32L4xx_HAL_Driver/Src/stm32l4xx_hal.o
                0x00000000080009c0                HAL_GetTick
 .text.HAL_Delay
                0x00000000080009cc       0x28 Drivers/STM32L4xx_HAL_Driver/Src/stm32l4xx_hal.o
                0x00000000080009cc                HAL_Delay
 .text.HAL_NVIC_SetPriorityGrouping
                0x00000000080009f4       0x24 Drivers/STM32L4xx_HAL_Driver/Src/stm32l4xx_hal_cortex.o
                0x00000000080009f4                HAL_NVIC_SetPriorityGrouping
 .text.HAL_NVIC_SetPriority
                0x0000000008000a18       0x68 Drivers/STM32L4xx_HAL_Driver/Src/stm32l4xx_hal_cortex.o
                0x0000000008000a18                HAL_NVIC_SetPriority
 .text.HAL_SYSTICK_Config
                0x0000000008000a80       0x2c Drivers/STM32L4xx_HAL_Driver/Src/stm32l4xx_hal_cortex.o
                0x0000000008000a80                HAL_SYSTICK_Config
 .text.HAL_GPIO_Init
                0x0000000008000aac      0x1c8 Drivers/STM32L4xx_HAL_Driver/Src/stm32l4xx_hal_gpio.o
                0x0000000008000aac                HAL_GPIO_Init
 .text.HAL_GPIO_WritePin
                0x0000000008000c74        0xa Drivers/STM32L4xx_HAL_Driver/Src/stm32l4xx_hal_gpio.o
                0x0000000008000c74                HAL_GPIO_WritePin
 .text.I2C_Flush_TXDR
                0x0000000008000c7e       0x22 Drivers/STM32L4xx_HAL_Driver/Src/stm32l4xx_hal_i2c.o
 .text.I2C_TransferConfig
                0x0000000008000ca0       0x36 Drivers/STM32L4xx_HAL_Driver/Src/stm32l4xx_hal_i2c.o
 .text.I2C_IsAcknowledgeFailed
                0x0000000008000cd6       0x90 Drivers/STM32L4xx_HAL_Driver/Src/stm32l4xx_hal_i2c.o
 .text.I2C_WaitOnTXISFlagUntilTimeout
                0x0000000008000d66       0x56 Drivers/STM32L4xx_HAL_Driver/Src/stm32l4xx_hal_i2c.o
 .text.I2C_WaitOnFlagUntilTimeout
                0x0000000008000dbc       0x52 Drivers/STM32L4xx_HAL_Driver/Src/stm32l4xx_hal_i2c.o
 *fill*         0x0000000008000e0e        0x2 
 .text.I2C_RequestMemoryRead
                0x0000000008000e10       0x70 Drivers/STM32L4xx_HAL_Driver/Src/stm32l4xx_hal_i2c.o
 .text.I2C_WaitOnSTOPFlagUntilTimeout
                0x0000000008000e80       0x50 Drivers/STM32L4xx_HAL_Driver/Src/stm32l4xx_hal_i2c.o
 .text.HAL_I2C_Init
                0x0000000008000ed0       0xbc Drivers/STM32L4xx_HAL_Driver/Src/stm32l4xx_hal_i2c.o
                0x0000000008000ed0                HAL_I2C_Init
 .text.HAL_I2C_Mem_Read
                0x0000000008000f8c      0x1ac Drivers/STM32L4xx_HAL_Driver/Src/stm32l4xx_hal_i2c.o
                0x0000000008000f8c                HAL_I2C_Mem_Read
 .text.HAL_I2CEx_ConfigAnalogFilter
                0x0000000008001138       0x5c Drivers/STM32L4xx_HAL_Driver/Src/stm32l4xx_hal_i2c_ex.o
                0x0000000008001138                HAL_I2CEx_ConfigAnalogFilter
 .text.HAL_I2CEx_ConfigDigitalFilter
                0x0000000008001194       0x58 Drivers/STM32L4xx_HAL_Driver/Src/stm32l4xx_hal_i2c_ex.o
                0x0000000008001194                HAL_I2CEx_ConfigDigitalFilter
 .text.HAL_PWREx_GetVoltageRange
                0x00000000080011ec       0x10 Drivers/STM32L4xx_HAL_Driver/Src/stm32l4xx_hal_pwr_ex.o
                0x00000000080011ec                HAL_PWREx_GetVoltageRange
 .text.HAL_PWREx_ControlVoltageScaling
                0x00000000080011fc       0x90 Drivers/STM32L4xx_HAL_Driver/Src/stm32l4xx_hal_pwr_ex.o
                0x00000000080011fc                HAL_PWREx_ControlVoltageScaling
 .text.RCC_SetFlashLatencyFromMSIRange
                0x000000000800128c       0x90 Drivers/STM32L4xx_HAL_Driver/Src/stm32l4xx_hal_rcc.o
 .text.HAL_RCC_GetSysClockFreq
                0x000000000800131c       0xb4 Drivers/STM32L4xx_HAL_Driver/Src/stm32l4xx_hal_rcc.o
                0x000000000800131c                HAL_RCC_GetSysClockFreq
 .text.HAL_RCC_OscConfig
                0x00000000080013d0      0x638 Drivers/STM32L4xx_HAL_Driver/Src/stm32l4xx_hal_rcc.o
                0x00000000080013d0                HAL_RCC_OscConfig
 .text.HAL_RCC_ClockConfig
                0x0000000008001a08      0x158 Drivers/STM32L4xx_HAL_Driver/Src/stm32l4xx_hal_rcc.o
                0x0000000008001a08                HAL_RCC_ClockConfig
 .text.HAL_RCC_GetHCLKFreq
                0x0000000008001b60        0xc Drivers/STM32L4xx_HAL_Driver/Src/stm32l4xx_hal_rcc.o
                0x0000000008001b60                HAL_RCC_GetHCLKFreq
 .text.HAL_RCC_GetPCLK1Freq
                0x0000000008001b6c       0x24 Drivers/STM32L4xx_HAL_Driver/Src/stm32l4xx_hal_rcc.o
                0x0000000008001b6c                HAL_RCC_GetPCLK1Freq
 .text.HAL_RCC_GetPCLK2Freq
                0x0000000008001b90       0x24 Drivers/STM32L4xx_HAL_Driver/Src/stm32l4xx_hal_rcc.o
                0x0000000008001b90                HAL_RCC_GetPCLK2Freq
 .text.RCCEx_PLLSAI1_Config
                0x0000000008001bb4      0x170 Drivers/STM32L4xx_HAL_Driver/Src/stm32l4xx_hal_rcc_ex.o
 .text.RCCEx_PLLSAI2_Config
                0x0000000008001d24      0x14c Drivers/STM32L4xx_HAL_Driver/Src/stm32l4xx_hal_rcc_ex.o
 .text.HAL_RCCEx_PeriphCLKConfig
                0x0000000008001e70      0x450 Drivers/STM32L4xx_HAL_Driver/Src/stm32l4xx_hal_rcc_ex.o
                0x0000000008001e70                HAL_RCCEx_PeriphCLKConfig
 .text.UART_SetConfig
                0x00000000080022c0      0x324 Drivers/STM32L4xx_HAL_Driver/Src/stm32l4xx_hal_uart.o
                0x00000000080022c0                UART_SetConfig
 .text.UART_AdvFeatureConfig
                0x00000000080025e4       0xca Drivers/STM32L4xx_HAL_Driver/Src/stm32l4xx_hal_uart.o
                0x00000000080025e4                UART_AdvFeatureConfig
 .text.UART_WaitOnFlagUntilTimeout
                0x00000000080026ae       0x9c Drivers/STM32L4xx_HAL_Driver/Src/stm32l4xx_hal_uart.o
                0x00000000080026ae                UART_WaitOnFlagUntilTimeout
 .text.HAL_UART_Transmit
                0x000000000800274a       0xd8 Drivers/STM32L4xx_HAL_Driver/Src/stm32l4xx_hal_uart.o
                0x000000000800274a                HAL_UART_Transmit
 .text.UART_CheckIdleState
                0x0000000008002822       0x6c Drivers/STM32L4xx_HAL_Driver/Src/stm32l4xx_hal_uart.o
                0x0000000008002822                UART_CheckIdleState
 .text.HAL_UART_Init
                0x000000000800288e       0x62 Drivers/STM32L4xx_HAL_Driver/Src/stm32l4xx_hal_uart.o
                0x000000000800288e                HAL_UART_Init
 .text.Reset_Handler
                0x00000000080028f0       0x50 startup/startup_stm32l476xx.o
                0x00000000080028f0                Reset_Handler
 .text.Default_Handler
                0x0000000008002940        0x2 startup/startup_stm32l476xx.o
                0x0000000008002940                RTC_Alarm_IRQHandler
                0x0000000008002940                EXTI2_IRQHandler
                0x0000000008002940                TIM8_TRG_COM_IRQHandler
                0x0000000008002940                TIM8_CC_IRQHandler
                0x0000000008002940                TIM1_CC_IRQHandler
                0x0000000008002940                TSC_IRQHandler
                0x0000000008002940                TAMP_STAMP_IRQHandler
                0x0000000008002940                EXTI3_IRQHandler
                0x0000000008002940                LPTIM2_IRQHandler
                0x0000000008002940                DFSDM1_FLT1_IRQHandler
                0x0000000008002940                I2C3_ER_IRQHandler
                0x0000000008002940                DFSDM1_FLT2_IRQHandler
                0x0000000008002940                EXTI0_IRQHandler
                0x0000000008002940                I2C2_EV_IRQHandler
                0x0000000008002940                CAN1_RX0_IRQHandler
                0x0000000008002940                FPU_IRQHandler
                0x0000000008002940                TIM1_UP_TIM16_IRQHandler
                0x0000000008002940                ADC1_2_IRQHandler
                0x0000000008002940                SPI1_IRQHandler
                0x0000000008002940                TIM6_DAC_IRQHandler
                0x0000000008002940                TIM8_UP_IRQHandler
                0x0000000008002940                DMA2_Channel2_IRQHandler
                0x0000000008002940                DMA1_Channel4_IRQHandler
                0x0000000008002940                SAI2_IRQHandler
                0x0000000008002940                DFSDM1_FLT3_IRQHandler
                0x0000000008002940                USART3_IRQHandler
                0x0000000008002940                DMA1_Channel7_IRQHandler
                0x0000000008002940                CAN1_RX1_IRQHandler
                0x0000000008002940                LCD_IRQHandler
                0x0000000008002940                UART5_IRQHandler
                0x0000000008002940                ADC3_IRQHandler
                0x0000000008002940                TIM4_IRQHandler
                0x0000000008002940                DMA2_Channel1_IRQHandler
                0x0000000008002940                QUADSPI_IRQHandler
                0x0000000008002940                I2C1_EV_IRQHandler
                0x0000000008002940                DMA1_Channel6_IRQHandler
                0x0000000008002940                UART4_IRQHandler
                0x0000000008002940                DMA2_Channel4_IRQHandler
                0x0000000008002940                TIM3_IRQHandler
                0x0000000008002940                RCC_IRQHandler
                0x0000000008002940                DMA1_Channel1_IRQHandler
                0x0000000008002940                Default_Handler
                0x0000000008002940                DMA2_Channel7_IRQHandler
                0x0000000008002940                EXTI15_10_IRQHandler
                0x0000000008002940                TIM7_IRQHandler
                0x0000000008002940                SDMMC1_IRQHandler
                0x0000000008002940                TIM5_IRQHandler
                0x0000000008002940                I2C3_EV_IRQHandler
                0x0000000008002940                EXTI9_5_IRQHandler
                0x0000000008002940                RTC_WKUP_IRQHandler
                0x0000000008002940                PVD_PVM_IRQHandler
                0x0000000008002940                SPI2_IRQHandler
                0x0000000008002940                CAN1_TX_IRQHandler
                0x0000000008002940                DMA2_Channel5_IRQHandler
                0x0000000008002940                DMA1_Channel5_IRQHandler
                0x0000000008002940                EXTI4_IRQHandler
                0x0000000008002940                RNG_IRQHandler
                0x0000000008002940                TIM1_TRG_COM_TIM17_IRQHandler
                0x0000000008002940                DMA1_Channel3_IRQHandler
                0x0000000008002940                COMP_IRQHandler
                0x0000000008002940                WWDG_IRQHandler
                0x0000000008002940                LPUART1_IRQHandler
                0x0000000008002940                DMA2_Channel6_IRQHandler
                0x0000000008002940                TIM2_IRQHandler
                0x0000000008002940                EXTI1_IRQHandler
                0x0000000008002940                USART2_IRQHandler
                0x0000000008002940                DFSDM1_FLT0_IRQHandler
                0x0000000008002940                I2C2_ER_IRQHandler
                0x0000000008002940                DMA1_Channel2_IRQHandler
                0x0000000008002940                TIM8_BRK_IRQHandler
                0x0000000008002940                CAN1_SCE_IRQHandler
                0x0000000008002940                FLASH_IRQHandler
                0x0000000008002940                USART1_IRQHandler
                0x0000000008002940                OTG_FS_IRQHandler
                0x0000000008002940                SPI3_IRQHandler
                0x0000000008002940                I2C1_ER_IRQHandler
                0x0000000008002940                FMC_IRQHandler
                0x0000000008002940                SWPMI1_IRQHandler
                0x0000000008002940                LPTIM1_IRQHandler
                0x0000000008002940                SAI1_IRQHandler
                0x0000000008002940                DMA2_Channel3_IRQHandler
                0x0000000008002940                TIM1_BRK_TIM15_IRQHandler
 *fill*         0x0000000008002942        0x2 
 .text.__errno  0x0000000008002944        0xc /home/pvl/Privat/stm32/Ac6/plugins/fr.ac6.mcu.externaltools.arm-none.linux64_1.17.0.201812190825/tools/compiler/bin/../lib/gcc/arm-none-eabi/7.3.1/../../../../arm-none-eabi/lib/thumb/v7e-m/fpv4-sp/hard/libc_nano.a(lib_a-errno.o)
                0x0000000008002944                __errno
 .text.__libc_init_array
                0x0000000008002950       0x48 /home/pvl/Privat/stm32/Ac6/plugins/fr.ac6.mcu.externaltools.arm-none.linux64_1.17.0.201812190825/tools/compiler/bin/../lib/gcc/arm-none-eabi/7.3.1/../../../../arm-none-eabi/lib/thumb/v7e-m/fpv4-sp/hard/libc_nano.a(lib_a-init.o)
                0x0000000008002950                __libc_init_array
 .text.memset   0x0000000008002998       0x10 /home/pvl/Privat/stm32/Ac6/plugins/fr.ac6.mcu.externaltools.arm-none.linux64_1.17.0.201812190825/tools/compiler/bin/../lib/gcc/arm-none-eabi/7.3.1/../../../../arm-none-eabi/lib/thumb/v7e-m/fpv4-sp/hard/libc_nano.a(lib_a-memset.o)
                0x0000000008002998                memset
 .text.sprintf  0x00000000080029a8       0x40 /home/pvl/Privat/stm32/Ac6/plugins/fr.ac6.mcu.externaltools.arm-none.linux64_1.17.0.201812190825/tools/compiler/bin/../lib/gcc/arm-none-eabi/7.3.1/../../../../arm-none-eabi/lib/thumb/v7e-m/fpv4-sp/hard/libc_nano.a(lib_a-sprintf.o)
                0x00000000080029a8                sprintf
                0x00000000080029a8                siprintf
 .text.__ssputs_r
                0x00000000080029e8       0xb4 /home/pvl/Privat/stm32/Ac6/plugins/fr.ac6.mcu.externaltools.arm-none.linux64_1.17.0.201812190825/tools/compiler/bin/../lib/gcc/arm-none-eabi/7.3.1/../../../../arm-none-eabi/lib/thumb/v7e-m/fpv4-sp/hard/libc_nano.a(lib_a-nano-svfprintf.o)
                0x00000000080029e8                __ssputs_r
 .text._svfprintf_r
                0x0000000008002a9c      0x1f0 /home/pvl/Privat/stm32/Ac6/plugins/fr.ac6.mcu.externaltools.arm-none.linux64_1.17.0.201812190825/tools/compiler/bin/../lib/gcc/arm-none-eabi/7.3.1/../../../../arm-none-eabi/lib/thumb/v7e-m/fpv4-sp/hard/libc_nano.a(lib_a-nano-svfprintf.o)
                0x0000000008002a9c                _svfprintf_r
                0x0000000008002a9c                _svfiprintf_r
 .text._printf_common
                0x0000000008002c8c       0xea /home/pvl/Privat/stm32/Ac6/plugins/fr.ac6.mcu.externaltools.arm-none.linux64_1.17.0.201812190825/tools/compiler/bin/../lib/gcc/arm-none-eabi/7.3.1/../../../../arm-none-eabi/lib/thumb/v7e-m/fpv4-sp/hard/libc_nano.a(lib_a-nano-vfprintf_i.o)
                0x0000000008002c8c                _printf_common
 *fill*         0x0000000008002d76        0x2 
 .text._printf_i
                0x0000000008002d78      0x224 /home/pvl/Privat/stm32/Ac6/plugins/fr.ac6.mcu.externaltools.arm-none.linux64_1.17.0.201812190825/tools/compiler/bin/../lib/gcc/arm-none-eabi/7.3.1/../../../../arm-none-eabi/lib/thumb/v7e-m/fpv4-sp/hard/libc_nano.a(lib_a-nano-vfprintf_i.o)
                0x0000000008002d78                _printf_i
 .text.memcpy   0x0000000008002f9c       0x16 /home/pvl/Privat/stm32/Ac6/plugins/fr.ac6.mcu.externaltools.arm-none.linux64_1.17.0.201812190825/tools/compiler/bin/../lib/gcc/arm-none-eabi/7.3.1/../../../../arm-none-eabi/lib/thumb/v7e-m/fpv4-sp/hard/libc_nano.a(lib_a-memcpy-stub.o)
                0x0000000008002f9c                memcpy
 .text.memmove  0x0000000008002fb2       0x32 /home/pvl/Privat/stm32/Ac6/plugins/fr.ac6.mcu.externaltools.arm-none.linux64_1.17.0.201812190825/tools/compiler/bin/../lib/gcc/arm-none-eabi/7.3.1/../../../../arm-none-eabi/lib/thumb/v7e-m/fpv4-sp/hard/libc_nano.a(lib_a-memmove.o)
                0x0000000008002fb2                memmove
 .text._free_r  0x0000000008002fe4       0x9c /home/pvl/Privat/stm32/Ac6/plugins/fr.ac6.mcu.externaltools.arm-none.linux64_1.17.0.201812190825/tools/compiler/bin/../lib/gcc/arm-none-eabi/7.3.1/../../../../arm-none-eabi/lib/thumb/v7e-m/fpv4-sp/hard/libc_nano.a(lib_a-nano-freer.o)
                0x0000000008002fe4                _free_r
 .text._malloc_r
                0x0000000008003080       0xb4 /home/pvl/Privat/stm32/Ac6/plugins/fr.ac6.mcu.externaltools.arm-none.linux64_1.17.0.201812190825/tools/compiler/bin/../lib/gcc/arm-none-eabi/7.3.1/../../../../arm-none-eabi/lib/thumb/v7e-m/fpv4-sp/hard/libc_nano.a(lib_a-nano-mallocr.o)
                0x0000000008003080                _malloc_r
 .text._realloc_r
                0x0000000008003134       0x4c /home/pvl/Privat/stm32/Ac6/plugins/fr.ac6.mcu.externaltools.arm-none.linux64_1.17.0.201812190825/tools/compiler/bin/../lib/gcc/arm-none-eabi/7.3.1/../../../../arm-none-eabi/lib/thumb/v7e-m/fpv4-sp/hard/libc_nano.a(lib_a-nano-reallocr.o)
                0x0000000008003134                _realloc_r
 .text._sbrk_r  0x0000000008003180       0x20 /home/pvl/Privat/stm32/Ac6/plugins/fr.ac6.mcu.externaltools.arm-none.linux64_1.17.0.201812190825/tools/compiler/bin/../lib/gcc/arm-none-eabi/7.3.1/../../../../arm-none-eabi/lib/thumb/v7e-m/fpv4-sp/hard/libc_nano.a(lib_a-sbrkr.o)
                0x0000000008003180                _sbrk_r
 .text.__malloc_lock
                0x00000000080031a0        0x2 /home/pvl/Privat/stm32/Ac6/plugins/fr.ac6.mcu.externaltools.arm-none.linux64_1.17.0.201812190825/tools/compiler/bin/../lib/gcc/arm-none-eabi/7.3.1/../../../../arm-none-eabi/lib/thumb/v7e-m/fpv4-sp/hard/libc_nano.a(lib_a-mlock.o)
                0x00000000080031a0                __malloc_lock
 .text.__malloc_unlock
                0x00000000080031a2        0x2 /home/pvl/Privat/stm32/Ac6/plugins/fr.ac6.mcu.externaltools.arm-none.linux64_1.17.0.201812190825/tools/compiler/bin/../lib/gcc/arm-none-eabi/7.3.1/../../../../arm-none-eabi/lib/thumb/v7e-m/fpv4-sp/hard/libc_nano.a(lib_a-mlock.o)
                0x00000000080031a2                __malloc_unlock
 .text._malloc_usable_size_r
                0x00000000080031a4       0x10 /home/pvl/Privat/stm32/Ac6/plugins/fr.ac6.mcu.externaltools.arm-none.linux64_1.17.0.201812190825/tools/compiler/bin/../lib/gcc/arm-none-eabi/7.3.1/../../../../arm-none-eabi/lib/thumb/v7e-m/fpv4-sp/hard/libc_nano.a(lib_a-nano-msizer.o)
                0x00000000080031a4                _malloc_usable_size_r
 *(.glue_7)
 .glue_7        0x00000000080031b4        0x0 linker stubs
 *(.glue_7t)
 .glue_7t       0x00000000080031b4        0x0 linker stubs
 *(.eh_frame)
 .eh_frame      0x00000000080031b4        0x0 /home/pvl/Privat/stm32/Ac6/plugins/fr.ac6.mcu.externaltools.arm-none.linux64_1.17.0.201812190825/tools/compiler/bin/../lib/gcc/arm-none-eabi/7.3.1/thumb/v7e-m/fpv4-sp/hard/crtbegin.o
 *(.init)
 .init          0x00000000080031b4        0x4 /home/pvl/Privat/stm32/Ac6/plugins/fr.ac6.mcu.externaltools.arm-none.linux64_1.17.0.201812190825/tools/compiler/bin/../lib/gcc/arm-none-eabi/7.3.1/thumb/v7e-m/fpv4-sp/hard/crti.o
                0x00000000080031b4                _init
 .init          0x00000000080031b8        0x8 /home/pvl/Privat/stm32/Ac6/plugins/fr.ac6.mcu.externaltools.arm-none.linux64_1.17.0.201812190825/tools/compiler/bin/../lib/gcc/arm-none-eabi/7.3.1/thumb/v7e-m/fpv4-sp/hard/crtn.o
 *(.fini)
 .fini          0x00000000080031c0        0x4 /home/pvl/Privat/stm32/Ac6/plugins/fr.ac6.mcu.externaltools.arm-none.linux64_1.17.0.201812190825/tools/compiler/bin/../lib/gcc/arm-none-eabi/7.3.1/thumb/v7e-m/fpv4-sp/hard/crti.o
                0x00000000080031c0                _fini
 .fini          0x00000000080031c4        0x8 /home/pvl/Privat/stm32/Ac6/plugins/fr.ac6.mcu.externaltools.arm-none.linux64_1.17.0.201812190825/tools/compiler/bin/../lib/gcc/arm-none-eabi/7.3.1/thumb/v7e-m/fpv4-sp/hard/crtn.o
                0x00000000080031d0                . = ALIGN (0x8)
 *fill*         0x00000000080031cc        0x4 
                0x00000000080031d0                _etext = .

.vfp11_veneer   0x00000000080031d0        0x0
 .vfp11_veneer  0x00000000080031d0        0x0 linker stubs

.v4_bx          0x00000000080031d0        0x0
 .v4_bx         0x00000000080031d0        0x0 linker stubs

.iplt           0x00000000080031d0        0x0
 .iplt          0x00000000080031d0        0x0 /home/pvl/Privat/stm32/Ac6/plugins/fr.ac6.mcu.externaltools.arm-none.linux64_1.17.0.201812190825/tools/compiler/bin/../lib/gcc/arm-none-eabi/7.3.1/thumb/v7e-m/fpv4-sp/hard/crtbegin.o

.rodata         0x00000000080031d0       0x88
                0x00000000080031d0                . = ALIGN (0x8)
 *(.rodata)
 .rodata        0x00000000080031d0       0x48 Core/Src/system_stm32l4xx.o
                0x00000000080031d0                MSIRangeTable
                0x0000000008003200                AHBPrescTable
                0x0000000008003210                APBPrescTable
 *(.rodata*)
 .rodata.str1.4
                0x0000000008003218        0x8 Core/Src/main.o
                                          0x7 (size before relaxing)
 .rodata._svfprintf_r.str1.1
                0x0000000008003220       0x11 /home/pvl/Privat/stm32/Ac6/plugins/fr.ac6.mcu.externaltools.arm-none.linux64_1.17.0.201812190825/tools/compiler/bin/../lib/gcc/arm-none-eabi/7.3.1/../../../../arm-none-eabi/lib/thumb/v7e-m/fpv4-sp/hard/libc_nano.a(lib_a-nano-svfprintf.o)
 .rodata._printf_i.str1.1
                0x0000000008003231       0x22 /home/pvl/Privat/stm32/Ac6/plugins/fr.ac6.mcu.externaltools.arm-none.linux64_1.17.0.201812190825/tools/compiler/bin/../lib/gcc/arm-none-eabi/7.3.1/../../../../arm-none-eabi/lib/thumb/v7e-m/fpv4-sp/hard/libc_nano.a(lib_a-nano-vfprintf_i.o)
                0x0000000008003258                . = ALIGN (0x8)
 *fill*         0x0000000008003253        0x5 

.ARM.extab      0x0000000008003258        0x0
                0x0000000008003258                . = ALIGN (0x8)
 *(.ARM.extab* .gnu.linkonce.armextab.*)
                0x0000000008003258                . = ALIGN (0x8)

.ARM            0x0000000008003258        0x8
                0x0000000008003258                . = ALIGN (0x8)
                0x0000000008003258                __exidx_start = .
 *(.ARM.exidx*)
 .ARM.exidx     0x0000000008003258        0x8 /home/pvl/Privat/stm32/Ac6/plugins/fr.ac6.mcu.externaltools.arm-none.linux64_1.17.0.201812190825/tools/compiler/bin/../lib/gcc/arm-none-eabi/7.3.1/thumb/v7e-m/fpv4-sp/hard/libgcc.a(_udivmoddi4.o)
                0x0000000008003260                __exidx_end = .
                0x0000000008003260                . = ALIGN (0x8)

.rel.dyn        0x0000000008003260        0x0
 .rel.iplt      0x0000000008003260        0x0 /home/pvl/Privat/stm32/Ac6/plugins/fr.ac6.mcu.externaltools.arm-none.linux64_1.17.0.201812190825/tools/compiler/bin/../lib/gcc/arm-none-eabi/7.3.1/thumb/v7e-m/fpv4-sp/hard/crtbegin.o

.preinit_array  0x0000000008003260        0x0
                0x0000000008003260                . = ALIGN (0x8)
                0x0000000008003260                PROVIDE (__preinit_array_start = .)
 *(.preinit_array*)
                0x0000000008003260                PROVIDE (__preinit_array_end = .)
                0x0000000008003260                . = ALIGN (0x8)

.init_array     0x0000000008003260        0x8
                0x0000000008003260                . = ALIGN (0x8)
                0x0000000008003260                PROVIDE (__init_array_start = .)
 *(SORT_BY_NAME(.init_array.*))
 *(.init_array*)
 .init_array    0x0000000008003260        0x4 /home/pvl/Privat/stm32/Ac6/plugins/fr.ac6.mcu.externaltools.arm-none.linux64_1.17.0.201812190825/tools/compiler/bin/../lib/gcc/arm-none-eabi/7.3.1/thumb/v7e-m/fpv4-sp/hard/crtbegin.o
                0x0000000008003264                PROVIDE (__init_array_end = .)
                0x0000000008003268                . = ALIGN (0x8)
 *fill*         0x0000000008003264        0x4 

.fini_array     0x0000000008003268        0x8
                0x0000000008003268                . = ALIGN (0x8)
                [!provide]                        PROVIDE (__fini_array_start = .)
 *(SORT_BY_NAME(.fini_array.*))
 *(.fini_array*)
 .fini_array    0x0000000008003268        0x4 /home/pvl/Privat/stm32/Ac6/plugins/fr.ac6.mcu.externaltools.arm-none.linux64_1.17.0.201812190825/tools/compiler/bin/../lib/gcc/arm-none-eabi/7.3.1/thumb/v7e-m/fpv4-sp/hard/crtbegin.o
                [!provide]                        PROVIDE (__fini_array_end = .)
                0x0000000008003270                . = ALIGN (0x8)
 *fill*         0x000000000800326c        0x4 
                0x0000000008003270                _sidata = LOADADDR (.data)

.data           0x0000000020000000       0x78 load address 0x0000000008003270
                0x0000000020000000                . = ALIGN (0x8)
                0x0000000020000000                _sdata = .
 *(.data)
 .data          0x0000000020000000        0x7 Core/Src/main.o
                0x0000000020000000                device
                0x0000000020000002                addrPointer2
                0x0000000020000004                addrPointer3
                0x0000000020000006                eepromData
 *fill*         0x0000000020000007        0x1 
 .data          0x0000000020000008        0x4 Core/Src/system_stm32l4xx.o
                0x0000000020000008                SystemCoreClock
 .data          0x000000002000000c        0x8 Drivers/STM32L4xx_HAL_Driver/Src/stm32l4xx_hal.o
                0x000000002000000c                uwTickFreq
                0x0000000020000010                uwTickPrio
 *(.data*)
 .data._impure_ptr
                0x0000000020000014        0x4 /home/pvl/Privat/stm32/Ac6/plugins/fr.ac6.mcu.externaltools.arm-none.linux64_1.17.0.201812190825/tools/compiler/bin/../lib/gcc/arm-none-eabi/7.3.1/../../../../arm-none-eabi/lib/thumb/v7e-m/fpv4-sp/hard/libc_nano.a(lib_a-impure.o)
                0x0000000020000014                _impure_ptr
 .data.impure_data
                0x0000000020000018       0x60 /home/pvl/Privat/stm32/Ac6/plugins/fr.ac6.mcu.externaltools.arm-none.linux64_1.17.0.201812190825/tools/compiler/bin/../lib/gcc/arm-none-eabi/7.3.1/../../../../arm-none-eabi/lib/thumb/v7e-m/fpv4-sp/hard/libc_nano.a(lib_a-impure.o)
                0x0000000020000078                . = ALIGN (0x8)
                0x0000000020000078                _edata = .

.igot.plt       0x0000000020000078        0x0 load address 0x00000000080032e8
 .igot.plt      0x0000000020000078        0x0 /home/pvl/Privat/stm32/Ac6/plugins/fr.ac6.mcu.externaltools.arm-none.linux64_1.17.0.201812190825/tools/compiler/bin/../lib/gcc/arm-none-eabi/7.3.1/thumb/v7e-m/fpv4-sp/hard/crtbegin.o
                0x0000000020000078                . = ALIGN (0x4)

.bss            0x0000000020000078      0x1cc load address 0x00000000080032e8
                0x0000000020000078                _sbss = .
                0x0000000020000078                __bss_start__ = _sbss
 *(.bss)
 .bss           0x0000000020000078       0x1c /home/pvl/Privat/stm32/Ac6/plugins/fr.ac6.mcu.externaltools.arm-none.linux64_1.17.0.201812190825/tools/compiler/bin/../lib/gcc/arm-none-eabi/7.3.1/thumb/v7e-m/fpv4-sp/hard/crtbegin.o
 .bss           0x0000000020000094        0x2 Core/Src/main.o
                0x0000000020000094                addrPointer1
 *fill*         0x0000000020000096        0x2 
 .bss           0x0000000020000098        0x8 Core/Src/syscalls.o
                0x000000002000009c                __env
 *(.bss*)
 .bss.__malloc_free_list
                0x00000000200000a0        0x4 /home/pvl/Privat/stm32/Ac6/plugins/fr.ac6.mcu.externaltools.arm-none.linux64_1.17.0.201812190825/tools/compiler/bin/../lib/gcc/arm-none-eabi/7.3.1/../../../../arm-none-eabi/lib/thumb/v7e-m/fpv4-sp/hard/libc_nano.a(lib_a-nano-mallocr.o)
                0x00000000200000a0                __malloc_free_list
 .bss.__malloc_sbrk_start
                0x00000000200000a4        0x4 /home/pvl/Privat/stm32/Ac6/plugins/fr.ac6.mcu.externaltools.arm-none.linux64_1.17.0.201812190825/tools/compiler/bin/../lib/gcc/arm-none-eabi/7.3.1/../../../../arm-none-eabi/lib/thumb/v7e-m/fpv4-sp/hard/libc_nano.a(lib_a-nano-mallocr.o)
                0x00000000200000a4                __malloc_sbrk_start
 *(COMMON)
 COMMON         0x00000000200000a8      0x194 Core/Src/main.o
                0x00000000200000a8                eepromBuf
                0x000000002000010c                hi2c1
                0x0000000020000158                huart2
                0x00000000200001d8                str
 COMMON         0x000000002000023c        0x4 Drivers/STM32L4xx_HAL_Driver/Src/stm32l4xx_hal.o
                0x000000002000023c                uwTick
 COMMON         0x0000000020000240        0x4 /home/pvl/Privat/stm32/Ac6/plugins/fr.ac6.mcu.externaltools.arm-none.linux64_1.17.0.201812190825/tools/compiler/bin/../lib/gcc/arm-none-eabi/7.3.1/../../../../arm-none-eabi/lib/thumb/v7e-m/fpv4-sp/hard/libc_nano.a(lib_a-reent.o)
                0x0000000020000240                errno
                0x0000000020000244                . = ALIGN (0x4)
                0x0000000020000244                _ebss = .
                0x0000000020000244                __bss_end__ = _ebss

._user_heap_stack
                0x0000000020000244      0x604 load address 0x00000000080032e8
                0x0000000020000248                . = ALIGN (0x8)
 *fill*         0x0000000020000244        0x4 
                0x0000000020000248                PROVIDE (end = .)
                [!provide]                        PROVIDE (_end = .)
                0x0000000020000448                . = (. + _Min_Heap_Size)
 *fill*         0x0000000020000248      0x200 
                0x0000000020000848                . = (. + _Min_Stack_Size)
 *fill*         0x0000000020000448      0x400 
                0x0000000020000848                . = ALIGN (0x8)

/DISCARD/
 libc.a(*)
 libm.a(*)
 libgcc.a(*)

.ARM.attributes
                0x0000000000000000       0x30
 *(.ARM.attributes)
 .ARM.attributes
                0x0000000000000000       0x22 /home/pvl/Privat/stm32/Ac6/plugins/fr.ac6.mcu.externaltools.arm-none.linux64_1.17.0.201812190825/tools/compiler/bin/../lib/gcc/arm-none-eabi/7.3.1/thumb/v7e-m/fpv4-sp/hard/crti.o
 .ARM.attributes
                0x0000000000000022       0x34 /home/pvl/Privat/stm32/Ac6/plugins/fr.ac6.mcu.externaltools.arm-none.linux64_1.17.0.201812190825/tools/compiler/bin/../lib/gcc/arm-none-eabi/7.3.1/thumb/v7e-m/fpv4-sp/hard/crtbegin.o
 .ARM.attributes
                0x0000000000000056       0x39 Core/Src/main.o
 .ARM.attributes
                0x000000000000008f       0x39 Core/Src/stm32l4xx_hal_msp.o
 .ARM.attributes
                0x00000000000000c8       0x39 Core/Src/stm32l4xx_it.o
 .ARM.attributes
                0x0000000000000101       0x39 Core/Src/syscalls.o
 .ARM.attributes
                0x000000000000013a       0x39 Core/Src/system_stm32l4xx.o
 .ARM.attributes
                0x0000000000000173       0x39 Drivers/STM32L4xx_HAL_Driver/Src/stm32l4xx_hal.o
 .ARM.attributes
                0x00000000000001ac       0x39 Drivers/STM32L4xx_HAL_Driver/Src/stm32l4xx_hal_cortex.o
 .ARM.attributes
                0x00000000000001e5       0x39 Drivers/STM32L4xx_HAL_Driver/Src/stm32l4xx_hal_gpio.o
 .ARM.attributes
                0x000000000000021e       0x39 Drivers/STM32L4xx_HAL_Driver/Src/stm32l4xx_hal_i2c.o
 .ARM.attributes
                0x0000000000000257       0x39 Drivers/STM32L4xx_HAL_Driver/Src/stm32l4xx_hal_i2c_ex.o
 .ARM.attributes
                0x0000000000000290       0x39 Drivers/STM32L4xx_HAL_Driver/Src/stm32l4xx_hal_pwr_ex.o
 .ARM.attributes
                0x00000000000002c9       0x39 Drivers/STM32L4xx_HAL_Driver/Src/stm32l4xx_hal_rcc.o
 .ARM.attributes
                0x0000000000000302       0x39 Drivers/STM32L4xx_HAL_Driver/Src/stm32l4xx_hal_rcc_ex.o
 .ARM.attributes
                0x000000000000033b       0x39 Drivers/STM32L4xx_HAL_Driver/Src/stm32l4xx_hal_uart.o
 .ARM.attributes
                0x0000000000000374       0x21 startup/startup_stm32l476xx.o
 .ARM.attributes
                0x0000000000000395       0x22 /home/pvl/Privat/stm32/Ac6/plugins/fr.ac6.mcu.externaltools.arm-none.linux64_1.17.0.201812190825/tools/compiler/bin/../lib/gcc/arm-none-eabi/7.3.1/thumb/v7e-m/fpv4-sp/hard/libgcc.a(_aeabi_uldivmod.o)
 .ARM.attributes
                0x00000000000003b7       0x34 /home/pvl/Privat/stm32/Ac6/plugins/fr.ac6.mcu.externaltools.arm-none.linux64_1.17.0.201812190825/tools/compiler/bin/../lib/gcc/arm-none-eabi/7.3.1/thumb/v7e-m/fpv4-sp/hard/libgcc.a(_udivmoddi4.o)
 .ARM.attributes
                0x00000000000003eb       0x22 /home/pvl/Privat/stm32/Ac6/plugins/fr.ac6.mcu.externaltools.arm-none.linux64_1.17.0.201812190825/tools/compiler/bin/../lib/gcc/arm-none-eabi/7.3.1/thumb/v7e-m/fpv4-sp/hard/libgcc.a(_dvmd_tls.o)
 .ARM.attributes
                0x000000000000040d       0x34 /home/pvl/Privat/stm32/Ac6/plugins/fr.ac6.mcu.externaltools.arm-none.linux64_1.17.0.201812190825/tools/compiler/bin/../lib/gcc/arm-none-eabi/7.3.1/../../../../arm-none-eabi/lib/thumb/v7e-m/fpv4-sp/hard/libc_nano.a(lib_a-errno.o)
 .ARM.attributes
                0x0000000000000441       0x34 /home/pvl/Privat/stm32/Ac6/plugins/fr.ac6.mcu.externaltools.arm-none.linux64_1.17.0.201812190825/tools/compiler/bin/../lib/gcc/arm-none-eabi/7.3.1/../../../../arm-none-eabi/lib/thumb/v7e-m/fpv4-sp/hard/libc_nano.a(lib_a-impure.o)
 .ARM.attributes
                0x0000000000000475       0x34 /home/pvl/Privat/stm32/Ac6/plugins/fr.ac6.mcu.externaltools.arm-none.linux64_1.17.0.201812190825/tools/compiler/bin/../lib/gcc/arm-none-eabi/7.3.1/../../../../arm-none-eabi/lib/thumb/v7e-m/fpv4-sp/hard/libc_nano.a(lib_a-init.o)
 .ARM.attributes
                0x00000000000004a9       0x34 /home/pvl/Privat/stm32/Ac6/plugins/fr.ac6.mcu.externaltools.arm-none.linux64_1.17.0.201812190825/tools/compiler/bin/../lib/gcc/arm-none-eabi/7.3.1/../../../../arm-none-eabi/lib/thumb/v7e-m/fpv4-sp/hard/libc_nano.a(lib_a-memset.o)
 .ARM.attributes
                0x00000000000004dd       0x34 /home/pvl/Privat/stm32/Ac6/plugins/fr.ac6.mcu.externaltools.arm-none.linux64_1.17.0.201812190825/tools/compiler/bin/../lib/gcc/arm-none-eabi/7.3.1/../../../../arm-none-eabi/lib/thumb/v7e-m/fpv4-sp/hard/libc_nano.a(lib_a-sprintf.o)
 .ARM.attributes
                0x0000000000000511       0x34 /home/pvl/Privat/stm32/Ac6/plugins/fr.ac6.mcu.externaltools.arm-none.linux64_1.17.0.201812190825/tools/compiler/bin/../lib/gcc/arm-none-eabi/7.3.1/../../../../arm-none-eabi/lib/thumb/v7e-m/fpv4-sp/hard/libc_nano.a(lib_a-nano-svfprintf.o)
 .ARM.attributes
                0x0000000000000545       0x34 /home/pvl/Privat/stm32/Ac6/plugins/fr.ac6.mcu.externaltools.arm-none.linux64_1.17.0.201812190825/tools/compiler/bin/../lib/gcc/arm-none-eabi/7.3.1/../../../../arm-none-eabi/lib/thumb/v7e-m/fpv4-sp/hard/libc_nano.a(lib_a-nano-vfprintf_i.o)
 .ARM.attributes
                0x0000000000000579       0x20 /home/pvl/Privat/stm32/Ac6/plugins/fr.ac6.mcu.externaltools.arm-none.linux64_1.17.0.201812190825/tools/compiler/bin/../lib/gcc/arm-none-eabi/7.3.1/../../../../arm-none-eabi/lib/thumb/v7e-m/fpv4-sp/hard/libc_nano.a(lib_a-memchr.o)
 .ARM.attributes
                0x0000000000000599       0x34 /home/pvl/Privat/stm32/Ac6/plugins/fr.ac6.mcu.externaltools.arm-none.linux64_1.17.0.201812190825/tools/compiler/bin/../lib/gcc/arm-none-eabi/7.3.1/../../../../arm-none-eabi/lib/thumb/v7e-m/fpv4-sp/hard/libc_nano.a(lib_a-memcpy-stub.o)
 .ARM.attributes
                0x00000000000005cd       0x34 /home/pvl/Privat/stm32/Ac6/plugins/fr.ac6.mcu.externaltools.arm-none.linux64_1.17.0.201812190825/tools/compiler/bin/../lib/gcc/arm-none-eabi/7.3.1/../../../../arm-none-eabi/lib/thumb/v7e-m/fpv4-sp/hard/libc_nano.a(lib_a-memmove.o)
 .ARM.attributes
                0x0000000000000601       0x34 /home/pvl/Privat/stm32/Ac6/plugins/fr.ac6.mcu.externaltools.arm-none.linux64_1.17.0.201812190825/tools/compiler/bin/../lib/gcc/arm-none-eabi/7.3.1/../../../../arm-none-eabi/lib/thumb/v7e-m/fpv4-sp/hard/libc_nano.a(lib_a-nano-freer.o)
 .ARM.attributes
                0x0000000000000635       0x34 /home/pvl/Privat/stm32/Ac6/plugins/fr.ac6.mcu.externaltools.arm-none.linux64_1.17.0.201812190825/tools/compiler/bin/../lib/gcc/arm-none-eabi/7.3.1/../../../../arm-none-eabi/lib/thumb/v7e-m/fpv4-sp/hard/libc_nano.a(lib_a-nano-mallocr.o)
 .ARM.attributes
                0x0000000000000669       0x34 /home/pvl/Privat/stm32/Ac6/plugins/fr.ac6.mcu.externaltools.arm-none.linux64_1.17.0.201812190825/tools/compiler/bin/../lib/gcc/arm-none-eabi/7.3.1/../../../../arm-none-eabi/lib/thumb/v7e-m/fpv4-sp/hard/libc_nano.a(lib_a-nano-reallocr.o)
 .ARM.attributes
                0x000000000000069d       0x34 /home/pvl/Privat/stm32/Ac6/plugins/fr.ac6.mcu.externaltools.arm-none.linux64_1.17.0.201812190825/tools/compiler/bin/../lib/gcc/arm-none-eabi/7.3.1/../../../../arm-none-eabi/lib/thumb/v7e-m/fpv4-sp/hard/libc_nano.a(lib_a-sbrkr.o)
 .ARM.attributes
                0x00000000000006d1       0x34 /home/pvl/Privat/stm32/Ac6/plugins/fr.ac6.mcu.externaltools.arm-none.linux64_1.17.0.201812190825/tools/compiler/bin/../lib/gcc/arm-none-eabi/7.3.1/../../../../arm-none-eabi/lib/thumb/v7e-m/fpv4-sp/hard/libc_nano.a(lib_a-mlock.o)
 .ARM.attributes
                0x0000000000000705       0x34 /home/pvl/Privat/stm32/Ac6/plugins/fr.ac6.mcu.externaltools.arm-none.linux64_1.17.0.201812190825/tools/compiler/bin/../lib/gcc/arm-none-eabi/7.3.1/../../../../arm-none-eabi/lib/thumb/v7e-m/fpv4-sp/hard/libc_nano.a(lib_a-nano-msizer.o)
 .ARM.attributes
                0x0000000000000739       0x34 /home/pvl/Privat/stm32/Ac6/plugins/fr.ac6.mcu.externaltools.arm-none.linux64_1.17.0.201812190825/tools/compiler/bin/../lib/gcc/arm-none-eabi/7.3.1/../../../../arm-none-eabi/lib/thumb/v7e-m/fpv4-sp/hard/libc_nano.a(lib_a-reent.o)
 .ARM.attributes
                0x000000000000076d       0x22 /home/pvl/Privat/stm32/Ac6/plugins/fr.ac6.mcu.externaltools.arm-none.linux64_1.17.0.201812190825/tools/compiler/bin/../lib/gcc/arm-none-eabi/7.3.1/thumb/v7e-m/fpv4-sp/hard/crtn.o
OUTPUT(EEPROM.elf elf32-littlearm)

.debug_info     0x0000000000000000    0x10424
 .debug_info    0x0000000000000000     0x1e8e Core/Src/main.o
 .debug_info    0x0000000000001e8e      0xfa9 Core/Src/stm32l4xx_hal_msp.o
 .debug_info    0x0000000000002e37      0x363 Core/Src/stm32l4xx_it.o
 .debug_info    0x000000000000319a      0xfd3 Core/Src/syscalls.o
 .debug_info    0x000000000000416d      0x72d Core/Src/system_stm32l4xx.o
 .debug_info    0x000000000000489a      0xdf1 Drivers/STM32L4xx_HAL_Driver/Src/stm32l4xx_hal.o
 .debug_info    0x000000000000568b     0x10d1 Drivers/STM32L4xx_HAL_Driver/Src/stm32l4xx_hal_cortex.o
 .debug_info    0x000000000000675c      0x9ca Drivers/STM32L4xx_HAL_Driver/Src/stm32l4xx_hal_gpio.o
 .debug_info    0x0000000000007126     0x3b4f Drivers/STM32L4xx_HAL_Driver/Src/stm32l4xx_hal_i2c.o
 .debug_info    0x000000000000ac75      0xb7b Drivers/STM32L4xx_HAL_Driver/Src/stm32l4xx_hal_i2c_ex.o
 .debug_info    0x000000000000b7f0      0xbad Drivers/STM32L4xx_HAL_Driver/Src/stm32l4xx_hal_pwr_ex.o
 .debug_info    0x000000000000c39d      0xf6d Drivers/STM32L4xx_HAL_Driver/Src/stm32l4xx_hal_rcc.o
 .debug_info    0x000000000000d30a     0x12d4 Drivers/STM32L4xx_HAL_Driver/Src/stm32l4xx_hal_rcc_ex.o
 .debug_info    0x000000000000e5de     0x1e24 Drivers/STM32L4xx_HAL_Driver/Src/stm32l4xx_hal_uart.o
 .debug_info    0x0000000000010402       0x22 startup/startup_stm32l476xx.o

.debug_abbrev   0x0000000000000000     0x1df8
 .debug_abbrev  0x0000000000000000      0x33c Core/Src/main.o
 .debug_abbrev  0x000000000000033c      0x1b4 Core/Src/stm32l4xx_hal_msp.o
 .debug_abbrev  0x00000000000004f0      0x100 Core/Src/stm32l4xx_it.o
 .debug_abbrev  0x00000000000005f0      0x2d4 Core/Src/syscalls.o
 .debug_abbrev  0x00000000000008c4      0x150 Core/Src/system_stm32l4xx.o
 .debug_abbrev  0x0000000000000a14      0x209 Drivers/STM32L4xx_HAL_Driver/Src/stm32l4xx_hal.o
 .debug_abbrev  0x0000000000000c1d      0x328 Drivers/STM32L4xx_HAL_Driver/Src/stm32l4xx_hal_cortex.o
 .debug_abbrev  0x0000000000000f45      0x1de Drivers/STM32L4xx_HAL_Driver/Src/stm32l4xx_hal_gpio.o
 .debug_abbrev  0x0000000000001123      0x25d Drivers/STM32L4xx_HAL_Driver/Src/stm32l4xx_hal_i2c.o
 .debug_abbrev  0x0000000000001380      0x1b9 Drivers/STM32L4xx_HAL_Driver/Src/stm32l4xx_hal_i2c_ex.o
 .debug_abbrev  0x0000000000001539      0x1f5 Drivers/STM32L4xx_HAL_Driver/Src/stm32l4xx_hal_pwr_ex.o
 .debug_abbrev  0x000000000000172e      0x21f Drivers/STM32L4xx_HAL_Driver/Src/stm32l4xx_hal_rcc.o
 .debug_abbrev  0x000000000000194d      0x24c Drivers/STM32L4xx_HAL_Driver/Src/stm32l4xx_hal_rcc_ex.o
 .debug_abbrev  0x0000000000001b99      0x24d Drivers/STM32L4xx_HAL_Driver/Src/stm32l4xx_hal_uart.o
 .debug_abbrev  0x0000000000001de6       0x12 startup/startup_stm32l476xx.o

.debug_loc      0x0000000000000000     0x9daf
 .debug_loc     0x0000000000000000       0x98 Core/Src/main.o
 .debug_loc     0x0000000000000098       0xcf Core/Src/stm32l4xx_hal_msp.o
 .debug_loc     0x0000000000000167      0x3af Core/Src/syscalls.o
 .debug_loc     0x0000000000000516      0x1b8 Core/Src/system_stm32l4xx.o
 .debug_loc     0x00000000000006ce      0x20b Drivers/STM32L4xx_HAL_Driver/Src/stm32l4xx_hal.o
 .debug_loc     0x00000000000008d9      0x5ce Drivers/STM32L4xx_HAL_Driver/Src/stm32l4xx_hal_cortex.o
 .debug_loc     0x0000000000000ea7      0x2d3 Drivers/STM32L4xx_HAL_Driver/Src/stm32l4xx_hal_gpio.o
 .debug_loc     0x000000000000117a     0x4565 Drivers/STM32L4xx_HAL_Driver/Src/stm32l4xx_hal_i2c.o
 .debug_loc     0x00000000000056df      0x204 Drivers/STM32L4xx_HAL_Driver/Src/stm32l4xx_hal_i2c_ex.o
 .debug_loc     0x00000000000058e3      0x99a Drivers/STM32L4xx_HAL_Driver/Src/stm32l4xx_hal_pwr_ex.o
 .debug_loc     0x000000000000627d      0x656 Drivers/STM32L4xx_HAL_Driver/Src/stm32l4xx_hal_rcc.o
 .debug_loc     0x00000000000068d3     0x1c32 Drivers/STM32L4xx_HAL_Driver/Src/stm32l4xx_hal_rcc_ex.o
 .debug_loc     0x0000000000008505     0x18aa Drivers/STM32L4xx_HAL_Driver/Src/stm32l4xx_hal_uart.o

.debug_aranges  0x0000000000000000      0xba8
 .debug_aranges
                0x0000000000000000       0x58 Core/Src/main.o
 .debug_aranges
                0x0000000000000058       0x40 Core/Src/stm32l4xx_hal_msp.o
 .debug_aranges
                0x0000000000000098       0x60 Core/Src/stm32l4xx_it.o
 .debug_aranges
                0x00000000000000f8       0xb0 Core/Src/syscalls.o
 .debug_aranges
                0x00000000000001a8       0x28 Core/Src/system_stm32l4xx.o
 .debug_aranges
                0x00000000000001d0      0x130 Drivers/STM32L4xx_HAL_Driver/Src/stm32l4xx_hal.o
 .debug_aranges
                0x0000000000000300       0xa8 Drivers/STM32L4xx_HAL_Driver/Src/stm32l4xx_hal_cortex.o
 .debug_aranges
                0x00000000000003a8       0x58 Drivers/STM32L4xx_HAL_Driver/Src/stm32l4xx_hal_gpio.o
 .debug_aranges
                0x0000000000000400      0x290 Drivers/STM32L4xx_HAL_Driver/Src/stm32l4xx_hal_i2c.o
 .debug_aranges
                0x0000000000000690       0x48 Drivers/STM32L4xx_HAL_Driver/Src/stm32l4xx_hal_i2c_ex.o
 .debug_aranges
                0x00000000000006d8      0x150 Drivers/STM32L4xx_HAL_Driver/Src/stm32l4xx_hal_pwr_ex.o
 .debug_aranges
                0x0000000000000828       0x88 Drivers/STM32L4xx_HAL_Driver/Src/stm32l4xx_hal_rcc.o
 .debug_aranges
                0x00000000000008b0       0xc0 Drivers/STM32L4xx_HAL_Driver/Src/stm32l4xx_hal_rcc_ex.o
 .debug_aranges
                0x0000000000000970      0x210 Drivers/STM32L4xx_HAL_Driver/Src/stm32l4xx_hal_uart.o
 .debug_aranges
                0x0000000000000b80       0x28 startup/startup_stm32l476xx.o

.debug_ranges   0x0000000000000000      0xb58
 .debug_ranges  0x0000000000000000       0x48 Core/Src/main.o
 .debug_ranges  0x0000000000000048       0x30 Core/Src/stm32l4xx_hal_msp.o
 .debug_ranges  0x0000000000000078       0x50 Core/Src/stm32l4xx_it.o
 .debug_ranges  0x00000000000000c8       0xa0 Core/Src/syscalls.o
 .debug_ranges  0x0000000000000168       0x18 Core/Src/system_stm32l4xx.o
 .debug_ranges  0x0000000000000180      0x120 Drivers/STM32L4xx_HAL_Driver/Src/stm32l4xx_hal.o
 .debug_ranges  0x00000000000002a0       0xf8 Drivers/STM32L4xx_HAL_Driver/Src/stm32l4xx_hal_cortex.o
 .debug_ranges  0x0000000000000398       0x48 Drivers/STM32L4xx_HAL_Driver/Src/stm32l4xx_hal_gpio.o
 .debug_ranges  0x00000000000003e0      0x280 Drivers/STM32L4xx_HAL_Driver/Src/stm32l4xx_hal_i2c.o
 .debug_ranges  0x0000000000000660       0x38 Drivers/STM32L4xx_HAL_Driver/Src/stm32l4xx_hal_i2c_ex.o
 .debug_ranges  0x0000000000000698      0x140 Drivers/STM32L4xx_HAL_Driver/Src/stm32l4xx_hal_pwr_ex.o
 .debug_ranges  0x00000000000007d8       0x90 Drivers/STM32L4xx_HAL_Driver/Src/stm32l4xx_hal_rcc.o
 .debug_ranges  0x0000000000000868       0xd0 Drivers/STM32L4xx_HAL_Driver/Src/stm32l4xx_hal_rcc_ex.o
 .debug_ranges  0x0000000000000938      0x200 Drivers/STM32L4xx_HAL_Driver/Src/stm32l4xx_hal_uart.o
 .debug_ranges  0x0000000000000b38       0x20 startup/startup_stm32l476xx.o

.debug_macro    0x0000000000000000    0x26179
 .debug_macro   0x0000000000000000      0x350 Core/Src/main.o
 .debug_macro   0x0000000000000350      0x1a7 Core/Src/main.o
 .debug_macro   0x00000000000004f7       0x2e Core/Src/main.o
 .debug_macro   0x0000000000000525       0x28 Core/Src/main.o
 .debug_macro   0x000000000000054d       0x22 Core/Src/main.o
 .debug_macro   0x000000000000056f       0x8e Core/Src/main.o
 .debug_macro   0x00000000000005fd       0x51 Core/Src/main.o
 .debug_macro   0x000000000000064e       0xef Core/Src/main.o
 .debug_macro   0x000000000000073d       0x6a Core/Src/main.o
 .debug_macro   0x00000000000007a7      0x1df Core/Src/main.o
 .debug_macro   0x0000000000000986       0x1c Core/Src/main.o
 .debug_macro   0x00000000000009a2       0x22 Core/Src/main.o
 .debug_macro   0x00000000000009c4      0x101 Core/Src/main.o
 .debug_macro   0x0000000000000ac5     0x1011 Core/Src/main.o
 .debug_macro   0x0000000000001ad6      0x11f Core/Src/main.o
 .debug_macro   0x0000000000001bf5    0x1a13d Core/Src/main.o
 .debug_macro   0x000000000001bd32       0x43 Core/Src/main.o
 .debug_macro   0x000000000001bd75     0x3890 Core/Src/main.o
 .debug_macro   0x000000000001f605      0x174 Core/Src/main.o
 .debug_macro   0x000000000001f779       0x5c Core/Src/main.o
 .debug_macro   0x000000000001f7d5     0x155f Core/Src/main.o
 .debug_macro   0x0000000000020d34      0x59e Core/Src/main.o
 .debug_macro   0x00000000000212d2      0x13d Core/Src/main.o
 .debug_macro   0x000000000002140f      0x18b Core/Src/main.o
 .debug_macro   0x000000000002159a      0x26b Core/Src/main.o
 .debug_macro   0x0000000000021805      0x23d Core/Src/main.o
 .debug_macro   0x0000000000021a42      0x241 Core/Src/main.o
 .debug_macro   0x0000000000021c83      0x37c Core/Src/main.o
 .debug_macro   0x0000000000021fff       0xd6 Core/Src/main.o
 .debug_macro   0x00000000000220d5      0x22c Core/Src/main.o
 .debug_macro   0x0000000000022301       0x61 Core/Src/main.o
 .debug_macro   0x0000000000022362       0xa5 Core/Src/main.o
 .debug_macro   0x0000000000022407      0x122 Core/Src/main.o
 .debug_macro   0x0000000000022529      0x3e9 Core/Src/main.o
 .debug_macro   0x0000000000022912      0x59e Core/Src/main.o
 .debug_macro   0x0000000000022eb0       0x44 Core/Src/main.o
 .debug_macro   0x0000000000022ef4      0x331 Core/Src/main.o
 .debug_macro   0x0000000000023225       0x5e Core/Src/main.o
 .debug_macro   0x0000000000023283       0x18 Core/Src/main.o
 .debug_macro   0x000000000002329b       0x35 Core/Src/main.o
 .debug_macro   0x00000000000232d0       0x34 Core/Src/main.o
 .debug_macro   0x0000000000023304       0x16 Core/Src/main.o
 .debug_macro   0x000000000002331a       0x35 Core/Src/main.o
 .debug_macro   0x000000000002334f      0x32a Core/Src/main.o
 .debug_macro   0x0000000000023679       0x10 Core/Src/main.o
 .debug_macro   0x0000000000023689       0x58 Core/Src/main.o
 .debug_macro   0x00000000000236e1       0x1f Core/Src/main.o
 .debug_macro   0x0000000000023700       0x43 Core/Src/main.o
 .debug_macro   0x0000000000023743       0x20 Core/Src/main.o
 .debug_macro   0x0000000000023763      0x18e Core/Src/main.o
 .debug_macro   0x00000000000238f1       0x10 Core/Src/main.o
 .debug_macro   0x0000000000023901       0x1c Core/Src/main.o
 .debug_macro   0x000000000002391d       0x52 Core/Src/main.o
 .debug_macro   0x000000000002396f       0x40 Core/Src/main.o
 .debug_macro   0x00000000000239af       0x10 Core/Src/main.o
 .debug_macro   0x00000000000239bf       0x40 Core/Src/main.o
 .debug_macro   0x00000000000239ff       0xd7 Core/Src/main.o
 .debug_macro   0x0000000000023ad6       0x1c Core/Src/main.o
 .debug_macro   0x0000000000023af2       0x3d Core/Src/main.o
 .debug_macro   0x0000000000023b2f       0x16 Core/Src/main.o
 .debug_macro   0x0000000000023b45      0x16f Core/Src/main.o
 .debug_macro   0x0000000000023cb4       0x16 Core/Src/main.o
 .debug_macro   0x0000000000023cca      0x1cf Core/Src/stm32l4xx_hal_msp.o
 .debug_macro   0x0000000000023e99      0x1d9 Core/Src/stm32l4xx_it.o
 .debug_macro   0x0000000000024072      0x243 Core/Src/syscalls.o
 .debug_macro   0x00000000000242b5       0x58 Core/Src/syscalls.o
 .debug_macro   0x000000000002430d       0x94 Core/Src/syscalls.o
 .debug_macro   0x00000000000243a1       0x57 Core/Src/syscalls.o
 .debug_macro   0x00000000000243f8      0x330 Core/Src/syscalls.o
 .debug_macro   0x0000000000024728       0x10 Core/Src/syscalls.o
 .debug_macro   0x0000000000024738       0x10 Core/Src/syscalls.o
 .debug_macro   0x0000000000024748       0x10 Core/Src/syscalls.o
 .debug_macro   0x0000000000024758       0x35 Core/Src/syscalls.o
 .debug_macro   0x000000000002478d      0x122 Core/Src/syscalls.o
 .debug_macro   0x00000000000248af       0x16 Core/Src/syscalls.o
 .debug_macro   0x00000000000248c5       0x16 Core/Src/syscalls.o
 .debug_macro   0x00000000000248db       0x29 Core/Src/syscalls.o
 .debug_macro   0x0000000000024904       0x10 Core/Src/syscalls.o
 .debug_macro   0x0000000000024914      0x241 Core/Src/syscalls.o
 .debug_macro   0x0000000000024b55       0x1c Core/Src/syscalls.o
 .debug_macro   0x0000000000024b71       0x10 Core/Src/syscalls.o
 .debug_macro   0x0000000000024b81      0x189 Core/Src/syscalls.o
 .debug_macro   0x0000000000024d0a       0x16 Core/Src/syscalls.o
 .debug_macro   0x0000000000024d20       0x88 Core/Src/syscalls.o
 .debug_macro   0x0000000000024da8      0x1cb Core/Src/system_stm32l4xx.o
 .debug_macro   0x0000000000024f73      0x213 Drivers/STM32L4xx_HAL_Driver/Src/stm32l4xx_hal.o
 .debug_macro   0x0000000000025186      0x1c5 Drivers/STM32L4xx_HAL_Driver/Src/stm32l4xx_hal_cortex.o
 .debug_macro   0x000000000002534b      0x204 Drivers/STM32L4xx_HAL_Driver/Src/stm32l4xx_hal_gpio.o
 .debug_macro   0x000000000002554f      0x28a Drivers/STM32L4xx_HAL_Driver/Src/stm32l4xx_hal_i2c.o
 .debug_macro   0x00000000000257d9      0x1c5 Drivers/STM32L4xx_HAL_Driver/Src/stm32l4xx_hal_i2c_ex.o
 .debug_macro   0x000000000002599e      0x1e9 Drivers/STM32L4xx_HAL_Driver/Src/stm32l4xx_hal_pwr_ex.o
 .debug_macro   0x0000000000025b87      0x207 Drivers/STM32L4xx_HAL_Driver/Src/stm32l4xx_hal_rcc.o
 .debug_macro   0x0000000000025d8e      0x1fb Drivers/STM32L4xx_HAL_Driver/Src/stm32l4xx_hal_rcc_ex.o
 .debug_macro   0x0000000000025f89      0x1f0 Drivers/STM32L4xx_HAL_Driver/Src/stm32l4xx_hal_uart.o

.debug_line     0x0000000000000000     0x997e
 .debug_line    0x0000000000000000      0x90e Core/Src/main.o
 .debug_line    0x000000000000090e      0x74a Core/Src/stm32l4xx_hal_msp.o
 .debug_line    0x0000000000001058      0x76b Core/Src/stm32l4xx_it.o
 .debug_line    0x00000000000017c3      0x5ee Core/Src/syscalls.o
 .debug_line    0x0000000000001db1      0x714 Core/Src/system_stm32l4xx.o
 .debug_line    0x00000000000024c5      0x97e Drivers/STM32L4xx_HAL_Driver/Src/stm32l4xx_hal.o
 .debug_line    0x0000000000002e43      0x92c Drivers/STM32L4xx_HAL_Driver/Src/stm32l4xx_hal_cortex.o
 .debug_line    0x000000000000376f      0x855 Drivers/STM32L4xx_HAL_Driver/Src/stm32l4xx_hal_gpio.o
 .debug_line    0x0000000000003fc4     0x1b7d Drivers/STM32L4xx_HAL_Driver/Src/stm32l4xx_hal_i2c.o
 .debug_line    0x0000000000005b41      0x820 Drivers/STM32L4xx_HAL_Driver/Src/stm32l4xx_hal_i2c_ex.o
 .debug_line    0x0000000000006361      0xb50 Drivers/STM32L4xx_HAL_Driver/Src/stm32l4xx_hal_pwr_ex.o
 .debug_line    0x0000000000006eb1      0xa86 Drivers/STM32L4xx_HAL_Driver/Src/stm32l4xx_hal_rcc.o
 .debug_line    0x0000000000007937      0xcf7 Drivers/STM32L4xx_HAL_Driver/Src/stm32l4xx_hal_rcc_ex.o
 .debug_line    0x000000000000862e     0x12d0 Drivers/STM32L4xx_HAL_Driver/Src/stm32l4xx_hal_uart.o
 .debug_line    0x00000000000098fe       0x80 startup/startup_stm32l476xx.o

.debug_str      0x0000000000000000    0xeae46
 .debug_str     0x0000000000000000    0xe6848 Core/Src/main.o
                                      0xe6cb2 (size before relaxing)
 .debug_str     0x00000000000e6848       0x8d Core/Src/stm32l4xx_hal_msp.o
                                      0xe2965 (size before relaxing)
 .debug_str     0x00000000000e68d5       0xc9 Core/Src/stm32l4xx_it.o
                                      0xe2179 (size before relaxing)
 .debug_str     0x00000000000e699e     0x122f Core/Src/syscalls.o
                                       0x859e (size before relaxing)
 .debug_str     0x00000000000e7bcd       0xcd Core/Src/system_stm32l4xx.o
                                      0xe22c2 (size before relaxing)
 .debug_str     0x00000000000e7c9a      0xa75 Drivers/STM32L4xx_HAL_Driver/Src/stm32l4xx_hal.o
                                      0xe2e57 (size before relaxing)
 .debug_str     0x00000000000e870f      0x344 Drivers/STM32L4xx_HAL_Driver/Src/stm32l4xx_hal_cortex.o
                                      0xe2b16 (size before relaxing)
 .debug_str     0x00000000000e8a53      0x206 Drivers/STM32L4xx_HAL_Driver/Src/stm32l4xx_hal_gpio.o
                                      0xe2541 (size before relaxing)
 .debug_str     0x00000000000e8c59      0xd4c Drivers/STM32L4xx_HAL_Driver/Src/stm32l4xx_hal_i2c.o
                                      0xe3412 (size before relaxing)
 .debug_str     0x00000000000e99a5       0xb8 Drivers/STM32L4xx_HAL_Driver/Src/stm32l4xx_hal_i2c_ex.o
                                      0xe27cb (size before relaxing)
 .debug_str     0x00000000000e9a5d      0x4a8 Drivers/STM32L4xx_HAL_Driver/Src/stm32l4xx_hal_pwr_ex.o
                                      0xe27f1 (size before relaxing)
 .debug_str     0x00000000000e9f05      0x31d Drivers/STM32L4xx_HAL_Driver/Src/stm32l4xx_hal_rcc.o
                                      0xe28c5 (size before relaxing)
 .debug_str     0x00000000000ea222      0x3bf Drivers/STM32L4xx_HAL_Driver/Src/stm32l4xx_hal_rcc_ex.o
                                      0xe2aa4 (size before relaxing)
 .debug_str     0x00000000000ea5e1      0x836 Drivers/STM32L4xx_HAL_Driver/Src/stm32l4xx_hal_uart.o
                                      0xe2f22 (size before relaxing)
 .debug_str     0x00000000000eae17       0x2f startup/startup_stm32l476xx.o
                                         0x5e (size before relaxing)

.comment        0x0000000000000000       0x7f
 .comment       0x0000000000000000       0x7f Core/Src/main.o
                                         0x80 (size before relaxing)
 .comment       0x000000000000007f       0x80 Core/Src/stm32l4xx_hal_msp.o
 .comment       0x000000000000007f       0x80 Core/Src/stm32l4xx_it.o
 .comment       0x000000000000007f       0x80 Core/Src/syscalls.o
 .comment       0x000000000000007f       0x80 Core/Src/system_stm32l4xx.o
 .comment       0x000000000000007f       0x80 Drivers/STM32L4xx_HAL_Driver/Src/stm32l4xx_hal.o
 .comment       0x000000000000007f       0x80 Drivers/STM32L4xx_HAL_Driver/Src/stm32l4xx_hal_cortex.o
 .comment       0x000000000000007f       0x80 Drivers/STM32L4xx_HAL_Driver/Src/stm32l4xx_hal_gpio.o
 .comment       0x000000000000007f       0x80 Drivers/STM32L4xx_HAL_Driver/Src/stm32l4xx_hal_i2c.o
 .comment       0x000000000000007f       0x80 Drivers/STM32L4xx_HAL_Driver/Src/stm32l4xx_hal_i2c_ex.o
 .comment       0x000000000000007f       0x80 Drivers/STM32L4xx_HAL_Driver/Src/stm32l4xx_hal_pwr_ex.o
 .comment       0x000000000000007f       0x80 Drivers/STM32L4xx_HAL_Driver/Src/stm32l4xx_hal_rcc.o
 .comment       0x000000000000007f       0x80 Drivers/STM32L4xx_HAL_Driver/Src/stm32l4xx_hal_rcc_ex.o
 .comment       0x000000000000007f       0x80 Drivers/STM32L4xx_HAL_Driver/Src/stm32l4xx_hal_uart.o

.debug_frame    0x0000000000000000     0x2208
 .debug_frame   0x0000000000000000       0xe4 Core/Src/main.o
 .debug_frame   0x00000000000000e4       0x98 Core/Src/stm32l4xx_hal_msp.o
 .debug_frame   0x000000000000017c       0xa8 Core/Src/stm32l4xx_it.o
 .debug_frame   0x0000000000000224      0x1a8 Core/Src/syscalls.o
 .debug_frame   0x00000000000003cc       0x30 Core/Src/system_stm32l4xx.o
 .debug_frame   0x00000000000003fc      0x274 Drivers/STM32L4xx_HAL_Driver/Src/stm32l4xx_hal.o
 .debug_frame   0x0000000000000670      0x15c Drivers/STM32L4xx_HAL_Driver/Src/stm32l4xx_hal_cortex.o
 .debug_frame   0x00000000000007cc       0xd0 Drivers/STM32L4xx_HAL_Driver/Src/stm32l4xx_hal_gpio.o
 .debug_frame   0x000000000000089c      0x928 Drivers/STM32L4xx_HAL_Driver/Src/stm32l4xx_hal_i2c.o
 .debug_frame   0x00000000000011c4       0x80 Drivers/STM32L4xx_HAL_Driver/Src/stm32l4xx_hal_i2c_ex.o
 .debug_frame   0x0000000000001244      0x298 Drivers/STM32L4xx_HAL_Driver/Src/stm32l4xx_hal_pwr_ex.o
 .debug_frame   0x00000000000014dc      0x18c Drivers/STM32L4xx_HAL_Driver/Src/stm32l4xx_hal_rcc.o
 .debug_frame   0x0000000000001668      0x204 Drivers/STM32L4xx_HAL_Driver/Src/stm32l4xx_hal_rcc_ex.o
 .debug_frame   0x000000000000186c      0x5ac Drivers/STM32L4xx_HAL_Driver/Src/stm32l4xx_hal_uart.o
 .debug_frame   0x0000000000001e18       0x2c /home/pvl/Privat/stm32/Ac6/plugins/fr.ac6.mcu.externaltools.arm-none.linux64_1.17.0.201812190825/tools/compiler/bin/../lib/gcc/arm-none-eabi/7.3.1/thumb/v7e-m/fpv4-sp/hard/libgcc.a(_aeabi_uldivmod.o)
 .debug_frame   0x0000000000001e44       0x34 /home/pvl/Privat/stm32/Ac6/plugins/fr.ac6.mcu.externaltools.arm-none.linux64_1.17.0.201812190825/tools/compiler/bin/../lib/gcc/arm-none-eabi/7.3.1/thumb/v7e-m/fpv4-sp/hard/libgcc.a(_udivmoddi4.o)
 .debug_frame   0x0000000000001e78       0x20 /home/pvl/Privat/stm32/Ac6/plugins/fr.ac6.mcu.externaltools.arm-none.linux64_1.17.0.201812190825/tools/compiler/bin/../lib/gcc/arm-none-eabi/7.3.1/../../../../arm-none-eabi/lib/thumb/v7e-m/fpv4-sp/hard/libc_nano.a(lib_a-errno.o)
 .debug_frame   0x0000000000001e98       0x2c /home/pvl/Privat/stm32/Ac6/plugins/fr.ac6.mcu.externaltools.arm-none.linux64_1.17.0.201812190825/tools/compiler/bin/../lib/gcc/arm-none-eabi/7.3.1/../../../../arm-none-eabi/lib/thumb/v7e-m/fpv4-sp/hard/libc_nano.a(lib_a-init.o)
 .debug_frame   0x0000000000001ec4       0x20 /home/pvl/Privat/stm32/Ac6/plugins/fr.ac6.mcu.externaltools.arm-none.linux64_1.17.0.201812190825/tools/compiler/bin/../lib/gcc/arm-none-eabi/7.3.1/../../../../arm-none-eabi/lib/thumb/v7e-m/fpv4-sp/hard/libc_nano.a(lib_a-memset.o)
 .debug_frame   0x0000000000001ee4       0x6c /home/pvl/Privat/stm32/Ac6/plugins/fr.ac6.mcu.externaltools.arm-none.linux64_1.17.0.201812190825/tools/compiler/bin/../lib/gcc/arm-none-eabi/7.3.1/../../../../arm-none-eabi/lib/thumb/v7e-m/fpv4-sp/hard/libc_nano.a(lib_a-sprintf.o)
 .debug_frame   0x0000000000001f50       0x90 /home/pvl/Privat/stm32/Ac6/plugins/fr.ac6.mcu.externaltools.arm-none.linux64_1.17.0.201812190825/tools/compiler/bin/../lib/gcc/arm-none-eabi/7.3.1/../../../../arm-none-eabi/lib/thumb/v7e-m/fpv4-sp/hard/libc_nano.a(lib_a-nano-svfprintf.o)
 .debug_frame   0x0000000000001fe0       0x60 /home/pvl/Privat/stm32/Ac6/plugins/fr.ac6.mcu.externaltools.arm-none.linux64_1.17.0.201812190825/tools/compiler/bin/../lib/gcc/arm-none-eabi/7.3.1/../../../../arm-none-eabi/lib/thumb/v7e-m/fpv4-sp/hard/libc_nano.a(lib_a-nano-vfprintf_i.o)
 .debug_frame   0x0000000000002040       0x28 /home/pvl/Privat/stm32/Ac6/plugins/fr.ac6.mcu.externaltools.arm-none.linux64_1.17.0.201812190825/tools/compiler/bin/../lib/gcc/arm-none-eabi/7.3.1/../../../../arm-none-eabi/lib/thumb/v7e-m/fpv4-sp/hard/libc_nano.a(lib_a-memcpy-stub.o)
 .debug_frame   0x0000000000002068       0x28 /home/pvl/Privat/stm32/Ac6/plugins/fr.ac6.mcu.externaltools.arm-none.linux64_1.17.0.201812190825/tools/compiler/bin/../lib/gcc/arm-none-eabi/7.3.1/../../../../arm-none-eabi/lib/thumb/v7e-m/fpv4-sp/hard/libc_nano.a(lib_a-memmove.o)
 .debug_frame   0x0000000000002090       0x38 /home/pvl/Privat/stm32/Ac6/plugins/fr.ac6.mcu.externaltools.arm-none.linux64_1.17.0.201812190825/tools/compiler/bin/../lib/gcc/arm-none-eabi/7.3.1/../../../../arm-none-eabi/lib/thumb/v7e-m/fpv4-sp/hard/libc_nano.a(lib_a-nano-freer.o)
 .debug_frame   0x00000000000020c8       0x2c /home/pvl/Privat/stm32/Ac6/plugins/fr.ac6.mcu.externaltools.arm-none.linux64_1.17.0.201812190825/tools/compiler/bin/../lib/gcc/arm-none-eabi/7.3.1/../../../../arm-none-eabi/lib/thumb/v7e-m/fpv4-sp/hard/libc_nano.a(lib_a-nano-mallocr.o)
 .debug_frame   0x00000000000020f4       0x3c /home/pvl/Privat/stm32/Ac6/plugins/fr.ac6.mcu.externaltools.arm-none.linux64_1.17.0.201812190825/tools/compiler/bin/../lib/gcc/arm-none-eabi/7.3.1/../../../../arm-none-eabi/lib/thumb/v7e-m/fpv4-sp/hard/libc_nano.a(lib_a-nano-reallocr.o)
 .debug_frame   0x0000000000002130       0x2c /home/pvl/Privat/stm32/Ac6/plugins/fr.ac6.mcu.externaltools.arm-none.linux64_1.17.0.201812190825/tools/compiler/bin/../lib/gcc/arm-none-eabi/7.3.1/../../../../arm-none-eabi/lib/thumb/v7e-m/fpv4-sp/hard/libc_nano.a(lib_a-sbrkr.o)
 .debug_frame   0x000000000000215c       0x30 /home/pvl/Privat/stm32/Ac6/plugins/fr.ac6.mcu.externaltools.arm-none.linux64_1.17.0.201812190825/tools/compiler/bin/../lib/gcc/arm-none-eabi/7.3.1/../../../../arm-none-eabi/lib/thumb/v7e-m/fpv4-sp/hard/libc_nano.a(lib_a-mlock.o)
 .debug_frame   0x000000000000218c       0x20 /home/pvl/Privat/stm32/Ac6/plugins/fr.ac6.mcu.externaltools.arm-none.linux64_1.17.0.201812190825/tools/compiler/bin/../lib/gcc/arm-none-eabi/7.3.1/../../../../arm-none-eabi/lib/thumb/v7e-m/fpv4-sp/hard/libc_nano.a(lib_a-nano-msizer.o)
 .debug_frame   0x00000000000021ac       0x5c /home/pvl/Privat/stm32/Ac6/plugins/fr.ac6.mcu.externaltools.arm-none.linux64_1.17.0.201812190825/tools/compiler/bin/../lib/gcc/arm-none-eabi/7.3.1/../../../../arm-none-eabi/lib/thumb/v7e-m/fpv4-sp/hard/libc_nano.a(lib_a-reent.o)
